<!doctype html public "-//w3c//dtd html 4.0 transitional//en">
<html><head>
<title>Static Call Graph - [.\Obj\0860210008WDCA_Main_V_1_0.axf]</title></head>
<body><HR>
<H1>Static Call Graph for image .\Obj\0860210008WDCA_Main_V_1_0.axf</H1><HR>
<BR><P>#&#060CALLGRAPH&#062# ARM Linker, 5.03 [Build 76]: Last Updated: Wed Sep 05 11:00:23 2018
<BR><P>
<H3>Maximum Stack Usage =        592 bytes + Unknown(Functions without stacksize, Cycles, Untraceable Function Pointers)</H3><H3>
Call chain for Maximum Stack Depth:</H3>
Main_Entry &rArr; Msg_proc &rArr; MainSappProc &rArr; SHZNAPP_SerialAppProc &rArr; Disp_DataHandler &rArr; Storage_AddUser &rArr; Storage_GetUser &rArr; f_open &rArr; follow_path &rArr; dir_next &rArr; create_chain &rArr; put_fat &rArr; move_window &rArr; disk_write &rArr; SD_WriteMultiSector &rArr; SD_WriteSingleBlock &rArr; SD_BlockCommand &rArr; SD_SendCmd &rArr; SPI_ReadWriteByte
<P>
<H3>
Functions with no stack information
</H3><UL>
 <LI><a href="#[91]">OS_CPU_SR_Save</a>
 <LI><a href="#[92]">OS_CPU_SR_Restore</a>
 <LI><a href="#[2d5]">OSStartHighRdy</a>
 <LI><a href="#[2d3]">OSCtxSw</a>
 <LI><a href="#[2d0]">OSIntCtxSw</a>
 <LI><a href="#[d]">PendSV_Handler</a>
 <LI><a href="#[8b]">CPU_IntDis</a>
 <LI><a href="#[449]">CPU_IntEn</a>
 <LI><a href="#[44a]">CPU_SR_Save</a>
 <LI><a href="#[44b]">CPU_SR_Restore</a>
</UL>
</UL>
<P>
<H3>
Mutually Recursive functions
</H3> <LI><a href="#[2aa]">halAssertHandler</a>&nbsp;&nbsp;&nbsp;&rArr;&nbsp;&nbsp;&nbsp;<a href="#[2aa]">halAssertHandler</a><BR>
 <LI><a href="#[7]">HardFault_Handler</a>&nbsp;&nbsp;&nbsp;&rArr;&nbsp;&nbsp;&nbsp;<a href="#[7]">HardFault_Handler</a><BR>
 <LI><a href="#[8]">MemManage_Handler</a>&nbsp;&nbsp;&nbsp;&rArr;&nbsp;&nbsp;&nbsp;<a href="#[8]">MemManage_Handler</a><BR>
 <LI><a href="#[9]">BusFault_Handler</a>&nbsp;&nbsp;&nbsp;&rArr;&nbsp;&nbsp;&nbsp;<a href="#[9]">BusFault_Handler</a><BR>
 <LI><a href="#[a]">UsageFault_Handler</a>&nbsp;&nbsp;&nbsp;&rArr;&nbsp;&nbsp;&nbsp;<a href="#[a]">UsageFault_Handler</a><BR>
 <LI><a href="#[21]">ADC1_2_IRQHandler</a>&nbsp;&nbsp;&nbsp;&rArr;&nbsp;&nbsp;&nbsp;<a href="#[21]">ADC1_2_IRQHandler</a><BR>
</UL>
<P>
<H3>
Function Pointers
</H3><UL>
 <LI><a href="#[21]">ADC1_2_IRQHandler</a> from startup_stm32f10x_md.o(.text) referenced from startup_stm32f10x_md.o(RESET)
 <LI><a href="#[3b]">AppTaskRoot</a> from app.o(.text) referenced from app.o(.text)
 <LI><a href="#[9]">BusFault_Handler</a> from stm32f10x_it.o(.text) referenced from startup_stm32f10x_md.o(RESET)
 <LI><a href="#[24]">CAN1_RX1_IRQHandler</a> from stm32f10x_it.o(.text) referenced from startup_stm32f10x_md.o(RESET)
 <LI><a href="#[25]">CAN1_SCE_IRQHandler</a> from stm32f10x_it.o(.text) referenced from startup_stm32f10x_md.o(RESET)
 <LI><a href="#[1a]">DMA1_Channel1_IRQHandler</a> from startup_stm32f10x_md.o(.text) referenced from startup_stm32f10x_md.o(RESET)
 <LI><a href="#[1b]">DMA1_Channel2_IRQHandler</a> from startup_stm32f10x_md.o(.text) referenced from startup_stm32f10x_md.o(RESET)
 <LI><a href="#[1c]">DMA1_Channel3_IRQHandler</a> from startup_stm32f10x_md.o(.text) referenced from startup_stm32f10x_md.o(RESET)
 <LI><a href="#[1d]">DMA1_Channel4_IRQHandler</a> from startup_stm32f10x_md.o(.text) referenced from startup_stm32f10x_md.o(RESET)
 <LI><a href="#[1e]">DMA1_Channel5_IRQHandler</a> from startup_stm32f10x_md.o(.text) referenced from startup_stm32f10x_md.o(RESET)
 <LI><a href="#[1f]">DMA1_Channel6_IRQHandler</a> from startup_stm32f10x_md.o(.text) referenced from startup_stm32f10x_md.o(RESET)
 <LI><a href="#[20]">DMA1_Channel7_IRQHandler</a> from startup_stm32f10x_md.o(.text) referenced from startup_stm32f10x_md.o(RESET)
 <LI><a href="#[c]">DebugMon_Handler</a> from stm32f10x_it.o(.text) referenced from startup_stm32f10x_md.o(RESET)
 <LI><a href="#[1ef]">Disp_adc_cb</a> from display.o(.text) referenced from display.o(.text)
 <LI><a href="#[1ee]">Disp_adc_msg_cb</a> from display.o(.text) referenced from display.o(.text)
 <LI><a href="#[154]">Disp_cir_cb</a> from display.o(.text) referenced from display.o(.text)
 <LI><a href="#[153]">Disp_cir_msg_cb</a> from display.o(.text) referenced from display.o(.text)
 <LI><a href="#[181]">Disp_degass_cb</a> from display.o(.text) referenced from display.o(.text)
 <LI><a href="#[3c]">Disp_degass_msg_cb</a> from display.o(.text) referenced from display.o(.text)
 <LI><a href="#[15c]">Disp_head_cir_cb</a> from display.o(.text) referenced from display.o(.text)
 <LI><a href="#[15b]">Disp_head_cir_msg_cb</a> from display.o(.text) referenced from display.o(.text)
 <LI><a href="#[17a]">Disp_ntw_cb</a> from display.o(.text) referenced from display.o(.text)
 <LI><a href="#[179]">Disp_ntw_msg_cb</a> from display.o(.text) referenced from display.o(.text)
 <LI><a href="#[177]">Disp_qtw_cb</a> from display.o(.text) referenced from display.o(.text)
 <LI><a href="#[176]">Disp_qtw_msg_cb</a> from display.o(.text) referenced from display.o(.text)
 <LI><a href="#[159]">Disp_toc_cb</a> from display.o(.text) referenced 2 times from display.o(.text)
 <LI><a href="#[152]">Disp_toc_fast_meas_cb</a> from display.o(.text) referenced from display.o(.text)
 <LI><a href="#[150]">Disp_toc_fast_meas_msg_cb</a> from display.o(.text) referenced from display.o(.text)
 <LI><a href="#[157]">Disp_toc_msg_cb</a> from display.o(.text) referenced from display.o(.text)
 <LI><a href="#[167]">Disp_uf_clean_cb</a> from display.o(.text) referenced from display.o(.text)
 <LI><a href="#[166]">Disp_uf_clean_msg_cb</a> from display.o(.text) referenced from display.o(.text)
 <LI><a href="#[16a]">Disp_uf_pre_clean_cb</a> from display.o(.text) referenced from display.o(.text)
 <LI><a href="#[169]">Disp_uf_pre_clean_msg_cb</a> from display.o(.text) referenced from display.o(.text)
 <LI><a href="#[15]">EXTI0_IRQHandler</a> from stm32f10x_it.o(.text) referenced from startup_stm32f10x_md.o(RESET)
 <LI><a href="#[37]">EXTI15_10_IRQHandler</a> from stm32f10x_it.o(.text) referenced from startup_stm32f10x_md.o(RESET)
 <LI><a href="#[16]">EXTI1_IRQHandler</a> from stm32f10x_it.o(.text) referenced from startup_stm32f10x_md.o(RESET)
 <LI><a href="#[17]">EXTI2_IRQHandler</a> from stm32f10x_it.o(.text) referenced from startup_stm32f10x_md.o(RESET)
 <LI><a href="#[18]">EXTI3_IRQHandler</a> from stm32f10x_it.o(.text) referenced from startup_stm32f10x_md.o(RESET)
 <LI><a href="#[19]">EXTI4_IRQHandler</a> from stm32f10x_it.o(.text) referenced from startup_stm32f10x_md.o(RESET)
 <LI><a href="#[26]">EXTI9_5_IRQHandler</a> from stm32f10x_it.o(.text) referenced from startup_stm32f10x_md.o(RESET)
 <LI><a href="#[13]">FLASH_IRQHandler</a> from startup_stm32f10x_md.o(.text) referenced from startup_stm32f10x_md.o(RESET)
 <LI><a href="#[7]">HardFault_Handler</a> from stm32f10x_it.o(.text) referenced from startup_stm32f10x_md.o(RESET)
 <LI><a href="#[2f]">I2C1_ER_IRQHandler</a> from startup_stm32f10x_md.o(.text) referenced from startup_stm32f10x_md.o(RESET)
 <LI><a href="#[2e]">I2C1_EV_IRQHandler</a> from startup_stm32f10x_md.o(.text) referenced from startup_stm32f10x_md.o(RESET)
 <LI><a href="#[31]">I2C2_ER_IRQHandler</a> from startup_stm32f10x_md.o(.text) referenced from startup_stm32f10x_md.o(RESET)
 <LI><a href="#[30]">I2C2_EV_IRQHandler</a> from startup_stm32f10x_md.o(.text) referenced from startup_stm32f10x_md.o(RESET)
 <LI><a href="#[3f]">LCD_GetStringGB24x24TextSize</a> from lcd.o(.text) referenced from display.o(.text)
 <LI><a href="#[44]">LCD_GetStringGB48x48TextSize</a> from lcd.o(.text) referenced from display.o(.text)
 <LI><a href="#[42]">LCD_GetStringGB8x16TextSize</a> from lcd.o(.text) referenced from display.o(.text)
 <LI><a href="#[3d]">LCD_PutChar12x24</a> from lcd.o(.text) referenced from display.o(.text)
 <LI><a href="#[40]">LCD_PutChar8x16</a> from lcd.o(.text) referenced from display.o(.text)
 <LI><a href="#[41]">LCD_PutString8x16</a> from lcd.o(.text) referenced from display.o(.text)
 <LI><a href="#[3e]">LCD_PutStringGB24x24</a> from lcd.o(.text) referenced from display.o(.text)
 <LI><a href="#[86]">Main_Entry</a> from app.o(.text) referenced from app.o(.text)
 <LI><a href="#[8]">MemManage_Handler</a> from stm32f10x_it.o(.text) referenced from startup_stm32f10x_md.o(RESET)
 <LI><a href="#[6]">NMI_Handler</a> from stm32f10x_it.o(.text) referenced from startup_stm32f10x_md.o(RESET)
 <LI><a href="#[48]">OSIntExit</a> from os_core.o(.text) referenced from os_cpu_a.o(.text)
 <LI><a href="#[47]">OSTaskSwHook</a> from os_cpu_c.o(.text) referenced from os_cpu_a.o(.text)
 <LI><a href="#[2c9]">OS_TaskIdle</a> from os_core.o(.text) referenced from os_core.o(.text)
 <LI><a href="#[10]">PVD_IRQHandler</a> from startup_stm32f10x_md.o(.text) referenced from startup_stm32f10x_md.o(RESET)
 <LI><a href="#[d]">PendSV_Handler</a> from os_cpu_a.o(.text) referenced from startup_stm32f10x_md.o(RESET)
 <LI><a href="#[43]">PutStringGB4848</a> from lcd.o(.text) referenced from display.o(.text)
 <LI><a href="#[14]">RCC_IRQHandler</a> from startup_stm32f10x_md.o(.text) referenced from startup_stm32f10x_md.o(RESET)
 <LI><a href="#[38]">RTCAlarm_IRQHandler</a> from startup_stm32f10x_md.o(.text) referenced from startup_stm32f10x_md.o(RESET)
 <LI><a href="#[12]">RTC_IRQHandler</a> from stm32f10x_it.o(.text) referenced from startup_stm32f10x_md.o(RESET)
 <LI><a href="#[c5]">RelayPulse_cb</a> from relay.o(.text) referenced from relay.o(.text)
 <LI><a href="#[5]">Reset_Handler</a> from startup_stm32f10x_md.o(.text) referenced from startup_stm32f10x_md.o(RESET)
 <LI><a href="#[32]">SPI1_IRQHandler</a> from stm32f10x_it.o(.text) referenced from startup_stm32f10x_md.o(RESET)
 <LI><a href="#[33]">SPI2_IRQHandler</a> from stm32f10x_it.o(.text) referenced from startup_stm32f10x_md.o(RESET)
 <LI><a href="#[b]">SVC_Handler</a> from stm32f10x_it.o(.text) referenced from startup_stm32f10x_md.o(RESET)
 <LI><a href="#[e]">SysTick_Handler</a> from stm32f10x_it.o(.text) referenced from startup_stm32f10x_md.o(RESET)
 <LI><a href="#[45]">SystemInit</a> from system_stm32f10x.o(.text) referenced from startup_stm32f10x_md.o(.text)
 <LI><a href="#[11]">TAMPER_IRQHandler</a> from startup_stm32f10x_md.o(.text) referenced from startup_stm32f10x_md.o(RESET)
 <LI><a href="#[27]">TIM1_BRK_IRQHandler</a> from startup_stm32f10x_md.o(.text) referenced from startup_stm32f10x_md.o(RESET)
 <LI><a href="#[2a]">TIM1_CC_IRQHandler</a> from stm32f10x_it.o(.text) referenced from startup_stm32f10x_md.o(RESET)
 <LI><a href="#[29]">TIM1_TRG_COM_IRQHandler</a> from startup_stm32f10x_md.o(.text) referenced from startup_stm32f10x_md.o(RESET)
 <LI><a href="#[28]">TIM1_UP_IRQHandler</a> from startup_stm32f10x_md.o(.text) referenced from startup_stm32f10x_md.o(RESET)
 <LI><a href="#[2b]">TIM2_IRQHandler</a> from stm32f10x_it.o(.text) referenced from startup_stm32f10x_md.o(RESET)
 <LI><a href="#[2c]">TIM3_IRQHandler</a> from stm32f10x_it.o(.text) referenced from startup_stm32f10x_md.o(RESET)
 <LI><a href="#[2d]">TIM4_IRQHandler</a> from stm32f10x_it.o(.text) referenced from startup_stm32f10x_md.o(RESET)
 <LI><a href="#[34]">USART1_IRQHandler</a> from stm32f10x_it.o(.text) referenced from startup_stm32f10x_md.o(RESET)
 <LI><a href="#[35]">USART2_IRQHandler</a> from stm32f10x_it.o(.text) referenced from startup_stm32f10x_md.o(RESET)
 <LI><a href="#[36]">USART3_IRQHandler</a> from stm32f10x_it.o(.text) referenced from startup_stm32f10x_md.o(RESET)
 <LI><a href="#[39]">USBWakeUp_IRQHandler</a> from startup_stm32f10x_md.o(.text) referenced from startup_stm32f10x_md.o(RESET)
 <LI><a href="#[22]">USB_HP_CAN1_TX_IRQHandler</a> from stm32f10x_it.o(.text) referenced from startup_stm32f10x_md.o(RESET)
 <LI><a href="#[23]">USB_LP_CAN1_RX0_IRQHandler</a> from stm32f10x_it.o(.text) referenced from startup_stm32f10x_md.o(RESET)
 <LI><a href="#[e0]">UartCmdCallback</a> from uartcmd.o(.text) referenced from uartcmd.o(.text)
 <LI><a href="#[a]">UsageFault_Handler</a> from stm32f10x_it.o(.text) referenced from startup_stm32f10x_md.o(RESET)
 <LI><a href="#[255]">VOS_TaskEntry</a> from task.o(.text) referenced from task.o(.text)
 <LI><a href="#[f]">WWDG_IRQHandler</a> from startup_stm32f10x_md.o(.text) referenced from startup_stm32f10x_md.o(RESET)
 <LI><a href="#[46]">__main</a> from entry.o(.ARM.Collect$$$$00000000) referenced from startup_stm32f10x_md.o(.text)
 <LI><a href="#[4a]">_sbackspace</a> from _sgetc.o(.text) referenced from __0sscanf.o(.text)
 <LI><a href="#[4b]">_scanf_char_input</a> from scanf_char.o(.text) referenced from scanf_char.o(.text)
 <LI><a href="#[49]">_sgetc</a> from _sgetc.o(.text) referenced from __0sscanf.o(.text)
 <LI><a href="#[4e]">_sputc</a> from printf8.o(i._sputc) referenced from printf8.o(i.__0sprintf$8)
 <LI><a href="#[4f]">_sputc</a> from printfa.o(i._sputc) referenced from printfa.o(i.__0vsprintf)
 <LI><a href="#[4d]">fputc</a> from printf.o(.text) referenced from printf8.o(i.__0printf$8)
 <LI><a href="#[4d]">fputc</a> from printf.o(.text) referenced from printfa.o(i.__0vprintf)
 <LI><a href="#[4c]">isspace</a> from isspace_o.o(.text) referenced from scanf_char.o(.text)
 <LI><a href="#[25a]">keyboard_sh</a> from keyboard.o(.text) referenced from keyboard.o(.text)
 <LI><a href="#[259]">keyboard_to</a> from keyboard.o(.text) referenced 2 times from keyboard.o(.text)
 <LI><a href="#[3a]">main</a> from app.o(.text) referenced from entry9a.o(.ARM.Collect$$$$0000000B)
 <LI><a href="#[2]">stm32_gpiolib_get</a> from gpio.o(.text) referenced 14 times from gpio.o(.data)
 <LI><a href="#[0]">stm32_gpiolib_getcfg</a> from gpio.o(.text) referenced 2 times from gpio.o(.data)
 <LI><a href="#[3]">stm32_gpiolib_set</a> from gpio.o(.text) referenced 14 times from gpio.o(.data)
 <LI><a href="#[1]">stm32_gpiolib_setcfg</a> from gpio.o(.text) referenced 2 times from gpio.o(.data)
 <LI><a href="#[4]">stm32_gpiolib_toggle</a> from gpio.o(.text) referenced 14 times from gpio.o(.data)
</UL>
<P>
<H3>
Global Symbols
</H3>
<P><STRONG><a name="[46]"></a>__main</STRONG> (Thumb, 0 bytes, Stack size unknown bytes, entry.o(.ARM.Collect$$$$00000000))
<BR>[Address Reference Count : 1]<UL><LI> startup_stm32f10x_md.o(.text)
</UL>
<P><STRONG><a name="[382]"></a>_main_stk</STRONG> (Thumb, 0 bytes, Stack size unknown bytes, entry2.o(.ARM.Collect$$$$00000001))

<P><STRONG><a name="[50]"></a>_main_scatterload</STRONG> (Thumb, 0 bytes, Stack size unknown bytes, entry5.o(.ARM.Collect$$$$00000004))
<BR><BR>[Calls]<UL><LI><a href="#[51]">&gt;&gt;</a>&nbsp;&nbsp;&nbsp;__scatterload
</UL>

<P><STRONG><a name="[36d]"></a>__main_after_scatterload</STRONG> (Thumb, 0 bytes, Stack size unknown bytes, entry5.o(.ARM.Collect$$$$00000004))
<BR><BR>[Called By]<UL><LI><a href="#[51]">&gt;&gt;</a>&nbsp;&nbsp;&nbsp;__scatterload
</UL>

<P><STRONG><a name="[383]"></a>_main_clock</STRONG> (Thumb, 0 bytes, Stack size unknown bytes, entry7b.o(.ARM.Collect$$$$00000008))

<P><STRONG><a name="[384]"></a>_main_cpp_init</STRONG> (Thumb, 0 bytes, Stack size unknown bytes, entry8b.o(.ARM.Collect$$$$0000000A))

<P><STRONG><a name="[385]"></a>_main_init</STRONG> (Thumb, 0 bytes, Stack size unknown bytes, entry9a.o(.ARM.Collect$$$$0000000B))

<P><STRONG><a name="[386]"></a>__rt_final_cpp</STRONG> (Thumb, 0 bytes, Stack size unknown bytes, entry10a.o(.ARM.Collect$$$$0000000D))

<P><STRONG><a name="[387]"></a>__rt_final_exit</STRONG> (Thumb, 0 bytes, Stack size unknown bytes, entry11a.o(.ARM.Collect$$$$0000000F))

<P><STRONG><a name="[324]"></a>App_TaskCreateHook</STRONG> (Thumb, 2 bytes, Stack size 0 bytes, app.o(.text))
<BR><BR>[Called By]<UL><LI><a href="#[2db]">&gt;&gt;</a>&nbsp;&nbsp;&nbsp;OSTaskCreateHook
</UL>

<P><STRONG><a name="[325]"></a>App_TaskDelHook</STRONG> (Thumb, 2 bytes, Stack size 0 bytes, app.o(.text), UNUSED)
<BR><BR>[Called By]<UL><LI><a href="#[2ea]">&gt;&gt;</a>&nbsp;&nbsp;&nbsp;OSTaskDelHook
</UL>

<P><STRONG><a name="[52]"></a>App_TaskIdleHook</STRONG> (Thumb, 4 bytes, Stack size 0 bytes, app.o(.text))
<BR><BR>[Calls]<UL><LI><a href="#[53]">&gt;&gt;</a>&nbsp;&nbsp;&nbsp;IWDG_Feed
</UL>
<BR>[Called By]<UL><LI><a href="#[2ca]">&gt;&gt;</a>&nbsp;&nbsp;&nbsp;OSTaskIdleHook
</UL>

<P><STRONG><a name="[327]"></a>App_TaskStatHook</STRONG> (Thumb, 2 bytes, Stack size 0 bytes, app.o(.text), UNUSED)
<BR><BR>[Called By]<UL><LI><a href="#[326]">&gt;&gt;</a>&nbsp;&nbsp;&nbsp;OSTaskStatHook
</UL>

<P><STRONG><a name="[328]"></a>App_TaskSwHook</STRONG> (Thumb, 2 bytes, Stack size 0 bytes, app.o(.text))
<BR><BR>[Called By]<UL><LI><a href="#[47]">&gt;&gt;</a>&nbsp;&nbsp;&nbsp;OSTaskSwHook
</UL>

<P><STRONG><a name="[329]"></a>App_TCBInitHook</STRONG> (Thumb, 2 bytes, Stack size 0 bytes, app.o(.text))
<BR><BR>[Called By]<UL><LI><a href="#[2da]">&gt;&gt;</a>&nbsp;&nbsp;&nbsp;OSTCBInitHook
</UL>

<P><STRONG><a name="[54]"></a>App_TimeTickHook</STRONG> (Thumb, 68 bytes, Stack size 8 bytes, app.o(.text))
<BR><BR>[Stack]<UL><LI>Max Depth = 116 + Unknown Stack Size
<LI>Call Chain = App_TimeTickHook &rArr; TimerProc &rArr; MessageSend &rArr; queueMessage &rArr; VOS_SemP &rArr; OSSemPost &rArr; OS_EventTaskRdy
</UL>
<BR>[Calls]<UL><LI><a href="#[56]">&gt;&gt;</a>&nbsp;&nbsp;&nbsp;sys_time_proc
<LI><a href="#[55]">&gt;&gt;</a>&nbsp;&nbsp;&nbsp;TimerProc
<LI><a href="#[57]">&gt;&gt;</a>&nbsp;&nbsp;&nbsp;Serial_CheckRcvIdleTime
</UL>
<BR>[Called By]<UL><LI><a href="#[2d6]">&gt;&gt;</a>&nbsp;&nbsp;&nbsp;OSTimeTickHook
</UL>

<P><STRONG><a name="[388]"></a>USER_Delay</STRONG> (Thumb, 12 bytes, Stack size 0 bytes, app.o(.text), UNUSED)

<P><STRONG><a name="[58]"></a>SecondTimer</STRONG> (Thumb, 14 bytes, Stack size 8 bytes, app.o(.text))
<BR><BR>[Stack]<UL><LI>Max Depth = 432 + Unknown Stack Size
<LI>Call Chain = SecondTimer &rArr; Disp_SecondTask &rArr; Storage_WriteMeasInfo &rArr; f_open &rArr; follow_path &rArr; dir_next &rArr; create_chain &rArr; put_fat &rArr; move_window &rArr; disk_write &rArr; SD_WriteMultiSector &rArr; SD_WriteSingleBlock &rArr; SD_BlockCommand &rArr; SD_SendCmd &rArr; SPI_ReadWriteByte
</UL>
<BR>[Calls]<UL><LI><a href="#[59]">&gt;&gt;</a>&nbsp;&nbsp;&nbsp;RunToggle
<LI><a href="#[5a]">&gt;&gt;</a>&nbsp;&nbsp;&nbsp;Disp_SecondTask
</UL>
<BR>[Called By]<UL><LI><a href="#[5b]">&gt;&gt;</a>&nbsp;&nbsp;&nbsp;PidTimerProcess
</UL>

<P><STRONG><a name="[5b]"></a>PidTimerProcess</STRONG> (Thumb, 40 bytes, Stack size 8 bytes, app.o(.text))
<BR><BR>[Stack]<UL><LI>Max Depth = 440 + Unknown Stack Size
<LI>Call Chain = PidTimerProcess &rArr; SecondTimer &rArr; Disp_SecondTask &rArr; Storage_WriteMeasInfo &rArr; f_open &rArr; follow_path &rArr; dir_next &rArr; create_chain &rArr; put_fat &rArr; move_window &rArr; disk_write &rArr; SD_WriteMultiSector &rArr; SD_WriteSingleBlock &rArr; SD_BlockCommand &rArr; SD_SendCmd &rArr; SPI_ReadWriteByte
</UL>
<BR>[Calls]<UL><LI><a href="#[5d]">&gt;&gt;</a>&nbsp;&nbsp;&nbsp;Beep
<LI><a href="#[5c]">&gt;&gt;</a>&nbsp;&nbsp;&nbsp;Alarm
<LI><a href="#[58]">&gt;&gt;</a>&nbsp;&nbsp;&nbsp;SecondTimer
</UL>
<BR>[Called By]<UL><LI><a href="#[85]">&gt;&gt;</a>&nbsp;&nbsp;&nbsp;Msg_proc
</UL>

<P><STRONG><a name="[5e]"></a>MainSappProc</STRONG> (Thumb, 82 bytes, Stack size 16 bytes, app.o(.text))
<BR><BR>[Stack]<UL><LI>Max Depth = 592 + Unknown Stack Size
<LI>Call Chain = MainSappProc &rArr; SHZNAPP_SerialAppProc &rArr; Disp_DataHandler &rArr; Storage_AddUser &rArr; Storage_GetUser &rArr; f_open &rArr; follow_path &rArr; dir_next &rArr; create_chain &rArr; put_fat &rArr; move_window &rArr; disk_write &rArr; SD_WriteMultiSector &rArr; SD_WriteSingleBlock &rArr; SD_BlockCommand &rArr; SD_SendCmd &rArr; SPI_ReadWriteByte
</UL>
<BR>[Calls]<UL><LI><a href="#[60]">&gt;&gt;</a>&nbsp;&nbsp;&nbsp;SHZNAPP_SerialUnknowProc
<LI><a href="#[61]">&gt;&gt;</a>&nbsp;&nbsp;&nbsp;SHZNAPP_SerialResp
<LI><a href="#[64]">&gt;&gt;</a>&nbsp;&nbsp;&nbsp;SHZNAPP_SerialBootProc
<LI><a href="#[63]">&gt;&gt;</a>&nbsp;&nbsp;&nbsp;SHZNAPP_SerialAppProc
<LI><a href="#[5f]">&gt;&gt;</a>&nbsp;&nbsp;&nbsp;MainAlarmWithDuration
<LI><a href="#[62]">&gt;&gt;</a>&nbsp;&nbsp;&nbsp;DispBleProc
</UL>
<BR>[Called By]<UL><LI><a href="#[85]">&gt;&gt;</a>&nbsp;&nbsp;&nbsp;Msg_proc
</UL>

<P><STRONG><a name="[65]"></a>InitKeys</STRONG> (Thumb, 76 bytes, Stack size 8 bytes, app.o(.text))
<BR><BR>[Stack]<UL><LI>Max Depth = 88 + Unknown Stack Size
<LI>Call Chain = InitKeys &rArr; RegisterKey &rArr; stm32_gpio_cfg_irq &rArr; NVIC_Init
</UL>
<BR>[Calls]<UL><LI><a href="#[66]">&gt;&gt;</a>&nbsp;&nbsp;&nbsp;RegisterKey
</UL>
<BR>[Called By]<UL><LI><a href="#[67]">&gt;&gt;</a>&nbsp;&nbsp;&nbsp;MainInit
</UL>

<P><STRONG><a name="[67]"></a>MainInit</STRONG> (Thumb, 134 bytes, Stack size 8 bytes, app.o(.text))
<BR><BR>[Stack]<UL><LI>Max Depth = 216 + Unknown Stack Size
<LI>Call Chain = MainInit &rArr; Disp_Init &rArr; Disp_ReadInfo &rArr; UartCmdPrintf &rArr; UartCmdPrintString &rArr; UartCmdSerialWrite &rArr; SHZNAPP_SerialResp &rArr; HalUARTWrite &rArr; UartCmdSendMsg &rArr; UartCmdSendData
</UL>
<BR>[Calls]<UL><LI><a href="#[69]">&gt;&gt;</a>&nbsp;&nbsp;&nbsp;stm32_gpio_init
<LI><a href="#[77]">&gt;&gt;</a>&nbsp;&nbsp;&nbsp;sAD7799_Init
<LI><a href="#[73]">&gt;&gt;</a>&nbsp;&nbsp;&nbsp;osal_snv_init
<LI><a href="#[68]">&gt;&gt;</a>&nbsp;&nbsp;&nbsp;UartCmdSetLogLevel
<LI><a href="#[74]">&gt;&gt;</a>&nbsp;&nbsp;&nbsp;UartCmdPrintf
<LI><a href="#[70]">&gt;&gt;</a>&nbsp;&nbsp;&nbsp;UartCmdInit
<LI><a href="#[6c]">&gt;&gt;</a>&nbsp;&nbsp;&nbsp;RunInit
<LI><a href="#[6d]">&gt;&gt;</a>&nbsp;&nbsp;&nbsp;Run
<LI><a href="#[72]">&gt;&gt;</a>&nbsp;&nbsp;&nbsp;RTC_Get
<LI><a href="#[71]">&gt;&gt;</a>&nbsp;&nbsp;&nbsp;RTC_Config
<LI><a href="#[7d]">&gt;&gt;</a>&nbsp;&nbsp;&nbsp;MainBeepWithDuration
<LI><a href="#[79]">&gt;&gt;</a>&nbsp;&nbsp;&nbsp;LCD_Init
<LI><a href="#[76]">&gt;&gt;</a>&nbsp;&nbsp;&nbsp;KeyboardInit
<LI><a href="#[6b]">&gt;&gt;</a>&nbsp;&nbsp;&nbsp;Ioctrl_input_init
<LI><a href="#[6a]">&gt;&gt;</a>&nbsp;&nbsp;&nbsp;InitRelays
<LI><a href="#[7b]">&gt;&gt;</a>&nbsp;&nbsp;&nbsp;IWDG_Init
<LI><a href="#[7a]">&gt;&gt;</a>&nbsp;&nbsp;&nbsp;Disp_Init
<LI><a href="#[75]">&gt;&gt;</a>&nbsp;&nbsp;&nbsp;Config_Init
<LI><a href="#[6f]">&gt;&gt;</a>&nbsp;&nbsp;&nbsp;BeepInit
<LI><a href="#[6e]">&gt;&gt;</a>&nbsp;&nbsp;&nbsp;AlarmInit
<LI><a href="#[7c]">&gt;&gt;</a>&nbsp;&nbsp;&nbsp;AddTimer
<LI><a href="#[78]">&gt;&gt;</a>&nbsp;&nbsp;&nbsp;AD7799_Init
<LI><a href="#[65]">&gt;&gt;</a>&nbsp;&nbsp;&nbsp;InitKeys
</UL>
<BR>[Called By]<UL><LI><a href="#[7e]">&gt;&gt;</a>&nbsp;&nbsp;&nbsp;PidSelfProcess
</UL>

<P><STRONG><a name="[7e]"></a>PidSelfProcess</STRONG> (Thumb, 30 bytes, Stack size 8 bytes, app.o(.text))
<BR><BR>[Stack]<UL><LI>Max Depth = 224 + Unknown Stack Size
<LI>Call Chain = PidSelfProcess &rArr; MainInit &rArr; Disp_Init &rArr; Disp_ReadInfo &rArr; UartCmdPrintf &rArr; UartCmdPrintString &rArr; UartCmdSerialWrite &rArr; SHZNAPP_SerialResp &rArr; HalUARTWrite &rArr; UartCmdSendMsg &rArr; UartCmdSendData
</UL>
<BR>[Calls]<UL><LI><a href="#[7f]">&gt;&gt;</a>&nbsp;&nbsp;&nbsp;Disp_msg_Handler
<LI><a href="#[67]">&gt;&gt;</a>&nbsp;&nbsp;&nbsp;MainInit
</UL>
<BR>[Called By]<UL><LI><a href="#[85]">&gt;&gt;</a>&nbsp;&nbsp;&nbsp;Msg_proc
</UL>

<P><STRONG><a name="[80]"></a>PidKeyboardProcess</STRONG> (Thumb, 14 bytes, Stack size 8 bytes, app.o(.text))
<BR><BR>[Stack]<UL><LI>Max Depth = 360 + Unknown Stack Size
<LI>Call Chain = PidKeyboardProcess &rArr; Disp_KeyHandler &rArr; Disp_KeyHandler_us &rArr; Disp_KeyHandler_us_idle &rArr; Disp_Us_Set &rArr; Disp_UserSetSetTime &rArr; __0sscanf &rArr; __vfscanf_char &rArr; __vfscanf &rArr; _scanf_int
</UL>
<BR>[Calls]<UL><LI><a href="#[81]">&gt;&gt;</a>&nbsp;&nbsp;&nbsp;Disp_KeyHandler
</UL>
<BR>[Called By]<UL><LI><a href="#[85]">&gt;&gt;</a>&nbsp;&nbsp;&nbsp;Msg_proc
</UL>

<P><STRONG><a name="[82]"></a>MainKickoff</STRONG> (Thumb, 28 bytes, Stack size 8 bytes, app.o(.text))
<BR><BR>[Stack]<UL><LI>Max Depth = 84 + Unknown Stack Size
<LI>Call Chain = MainKickoff &rArr; MessageSend &rArr; queueMessage &rArr; VOS_SemP &rArr; OSSemPost &rArr; OS_EventTaskRdy
</UL>
<BR>[Calls]<UL><LI><a href="#[84]">&gt;&gt;</a>&nbsp;&nbsp;&nbsp;MessageSend
<LI><a href="#[83]">&gt;&gt;</a>&nbsp;&nbsp;&nbsp;MessageAlloc
</UL>
<BR>[Called By]<UL><LI><a href="#[3b]">&gt;&gt;</a>&nbsp;&nbsp;&nbsp;AppTaskRoot
</UL>

<P><STRONG><a name="[85]"></a>Msg_proc</STRONG> (Thumb, 30 bytes, Stack size 0 bytes, app.o(.text))
<BR><BR>[Stack]<UL><LI>Max Depth = 592 + Unknown Stack Size
<LI>Call Chain = Msg_proc &rArr; MainSappProc &rArr; SHZNAPP_SerialAppProc &rArr; Disp_DataHandler &rArr; Storage_AddUser &rArr; Storage_GetUser &rArr; f_open &rArr; follow_path &rArr; dir_next &rArr; create_chain &rArr; put_fat &rArr; move_window &rArr; disk_write &rArr; SD_WriteMultiSector &rArr; SD_WriteSingleBlock &rArr; SD_BlockCommand &rArr; SD_SendCmd &rArr; SPI_ReadWriteByte
</UL>
<BR>[Calls]<UL><LI><a href="#[80]">&gt;&gt;</a>&nbsp;&nbsp;&nbsp;PidKeyboardProcess
<LI><a href="#[7e]">&gt;&gt;</a>&nbsp;&nbsp;&nbsp;PidSelfProcess
<LI><a href="#[5e]">&gt;&gt;</a>&nbsp;&nbsp;&nbsp;MainSappProc
<LI><a href="#[5b]">&gt;&gt;</a>&nbsp;&nbsp;&nbsp;PidTimerProcess
</UL>
<BR>[Called By]<UL><LI><a href="#[86]">&gt;&gt;</a>&nbsp;&nbsp;&nbsp;Main_Entry
</UL>

<P><STRONG><a name="[86]"></a>Main_Entry</STRONG> (Thumb, 2 bytes, Stack size 0 bytes, app.o(.text))
<BR><BR>[Stack]<UL><LI>Max Depth = 592 + Unknown Stack Size
<LI>Call Chain = Main_Entry &rArr; Msg_proc &rArr; MainSappProc &rArr; SHZNAPP_SerialAppProc &rArr; Disp_DataHandler &rArr; Storage_AddUser &rArr; Storage_GetUser &rArr; f_open &rArr; follow_path &rArr; dir_next &rArr; create_chain &rArr; put_fat &rArr; move_window &rArr; disk_write &rArr; SD_WriteMultiSector &rArr; SD_WriteSingleBlock &rArr; SD_BlockCommand &rArr; SD_SendCmd &rArr; SPI_ReadWriteByte
</UL>
<BR>[Calls]<UL><LI><a href="#[85]">&gt;&gt;</a>&nbsp;&nbsp;&nbsp;Msg_proc
</UL>
<BR>[Address Reference Count : 1]<UL><LI> app.o(.text)
</UL>
<P><STRONG><a name="[3a]"></a>main</STRONG> (Thumb, 82 bytes, Stack size 32 bytes, app.o(.text))
<BR><BR>[Stack]<UL><LI>Max Depth = 176 + Unknown Stack Size
<LI>Call Chain = main &rArr; OSInit &rArr; OSTaskCreateExt &rArr; OS_TCBInit
</UL>
<BR>[Calls]<UL><LI><a href="#[89]">&gt;&gt;</a>&nbsp;&nbsp;&nbsp;OSTaskNameSet
<LI><a href="#[8f]">&gt;&gt;</a>&nbsp;&nbsp;&nbsp;OSTaskCreateExt
<LI><a href="#[90]">&gt;&gt;</a>&nbsp;&nbsp;&nbsp;OSStart
<LI><a href="#[8e]">&gt;&gt;</a>&nbsp;&nbsp;&nbsp;OSInit
<LI><a href="#[8c]">&gt;&gt;</a>&nbsp;&nbsp;&nbsp;NVIC_SetVectorTable
<LI><a href="#[8d]">&gt;&gt;</a>&nbsp;&nbsp;&nbsp;NVIC_PriorityGroupConfig
<LI><a href="#[8b]">&gt;&gt;</a>&nbsp;&nbsp;&nbsp;CPU_IntDis
</UL>
<BR>[Address Reference Count : 1]<UL><LI> entry9a.o(.ARM.Collect$$$$0000000B)
</UL>
<P><STRONG><a name="[6]"></a>NMI_Handler</STRONG> (Thumb, 2 bytes, Stack size 0 bytes, stm32f10x_it.o(.text))
<BR>[Address Reference Count : 1]<UL><LI> startup_stm32f10x_md.o(RESET)
</UL>
<P><STRONG><a name="[7]"></a>HardFault_Handler</STRONG> (Thumb, 2 bytes, Stack size 0 bytes, stm32f10x_it.o(.text))
<BR><BR>[Calls]<UL><LI><a href="#[7]">&gt;&gt;</a>&nbsp;&nbsp;&nbsp;HardFault_Handler
</UL>
<BR>[Called By]<UL><LI><a href="#[7]">&gt;&gt;</a>&nbsp;&nbsp;&nbsp;HardFault_Handler
</UL>
<BR>[Address Reference Count : 1]<UL><LI> startup_stm32f10x_md.o(RESET)
</UL>
<P><STRONG><a name="[8]"></a>MemManage_Handler</STRONG> (Thumb, 2 bytes, Stack size 0 bytes, stm32f10x_it.o(.text))
<BR><BR>[Calls]<UL><LI><a href="#[8]">&gt;&gt;</a>&nbsp;&nbsp;&nbsp;MemManage_Handler
</UL>
<BR>[Called By]<UL><LI><a href="#[8]">&gt;&gt;</a>&nbsp;&nbsp;&nbsp;MemManage_Handler
</UL>
<BR>[Address Reference Count : 1]<UL><LI> startup_stm32f10x_md.o(RESET)
</UL>
<P><STRONG><a name="[9]"></a>BusFault_Handler</STRONG> (Thumb, 2 bytes, Stack size 0 bytes, stm32f10x_it.o(.text))
<BR><BR>[Calls]<UL><LI><a href="#[9]">&gt;&gt;</a>&nbsp;&nbsp;&nbsp;BusFault_Handler
</UL>
<BR>[Called By]<UL><LI><a href="#[9]">&gt;&gt;</a>&nbsp;&nbsp;&nbsp;BusFault_Handler
</UL>
<BR>[Address Reference Count : 1]<UL><LI> startup_stm32f10x_md.o(RESET)
</UL>
<P><STRONG><a name="[a]"></a>UsageFault_Handler</STRONG> (Thumb, 2 bytes, Stack size 0 bytes, stm32f10x_it.o(.text))
<BR><BR>[Calls]<UL><LI><a href="#[a]">&gt;&gt;</a>&nbsp;&nbsp;&nbsp;UsageFault_Handler
</UL>
<BR>[Called By]<UL><LI><a href="#[a]">&gt;&gt;</a>&nbsp;&nbsp;&nbsp;UsageFault_Handler
</UL>
<BR>[Address Reference Count : 1]<UL><LI> startup_stm32f10x_md.o(RESET)
</UL>
<P><STRONG><a name="[b]"></a>SVC_Handler</STRONG> (Thumb, 2 bytes, Stack size 0 bytes, stm32f10x_it.o(.text))
<BR>[Address Reference Count : 1]<UL><LI> startup_stm32f10x_md.o(RESET)
</UL>
<P><STRONG><a name="[c]"></a>DebugMon_Handler</STRONG> (Thumb, 2 bytes, Stack size 0 bytes, stm32f10x_it.o(.text))
<BR>[Address Reference Count : 1]<UL><LI> startup_stm32f10x_md.o(RESET)
</UL>
<P><STRONG><a name="[e]"></a>SysTick_Handler</STRONG> (Thumb, 36 bytes, Stack size 8 bytes, stm32f10x_it.o(.text))
<BR><BR>[Stack]<UL><LI>Max Depth = 140 + Unknown Stack Size
<LI>Call Chain = SysTick_Handler &rArr; OSTimeTick &rArr; OSTimeTickHook &rArr; App_TimeTickHook &rArr; TimerProc &rArr; MessageSend &rArr; queueMessage &rArr; VOS_SemP &rArr; OSSemPost &rArr; OS_EventTaskRdy
</UL>
<BR>[Calls]<UL><LI><a href="#[91]">&gt;&gt;</a>&nbsp;&nbsp;&nbsp;OS_CPU_SR_Save
<LI><a href="#[92]">&gt;&gt;</a>&nbsp;&nbsp;&nbsp;OS_CPU_SR_Restore
<LI><a href="#[93]">&gt;&gt;</a>&nbsp;&nbsp;&nbsp;OSTimeTick
<LI><a href="#[48]">&gt;&gt;</a>&nbsp;&nbsp;&nbsp;OSIntExit
</UL>
<BR>[Address Reference Count : 1]<UL><LI> startup_stm32f10x_md.o(RESET)
</UL>
<P><STRONG><a name="[33]"></a>SPI2_IRQHandler</STRONG> (Thumb, 2 bytes, Stack size 0 bytes, stm32f10x_it.o(.text))
<BR>[Address Reference Count : 1]<UL><LI> startup_stm32f10x_md.o(RESET)
</UL>
<P><STRONG><a name="[32]"></a>SPI1_IRQHandler</STRONG> (Thumb, 2 bytes, Stack size 0 bytes, stm32f10x_it.o(.text))
<BR>[Address Reference Count : 1]<UL><LI> startup_stm32f10x_md.o(RESET)
</UL>
<P><STRONG><a name="[22]"></a>USB_HP_CAN1_TX_IRQHandler</STRONG> (Thumb, 2 bytes, Stack size 0 bytes, stm32f10x_it.o(.text))
<BR>[Address Reference Count : 1]<UL><LI> startup_stm32f10x_md.o(RESET)
</UL>
<P><STRONG><a name="[23]"></a>USB_LP_CAN1_RX0_IRQHandler</STRONG> (Thumb, 2 bytes, Stack size 0 bytes, stm32f10x_it.o(.text))
<BR>[Address Reference Count : 1]<UL><LI> startup_stm32f10x_md.o(RESET)
</UL>
<P><STRONG><a name="[24]"></a>CAN1_RX1_IRQHandler</STRONG> (Thumb, 2 bytes, Stack size 0 bytes, stm32f10x_it.o(.text))
<BR>[Address Reference Count : 1]<UL><LI> startup_stm32f10x_md.o(RESET)
</UL>
<P><STRONG><a name="[25]"></a>CAN1_SCE_IRQHandler</STRONG> (Thumb, 2 bytes, Stack size 0 bytes, stm32f10x_it.o(.text))
<BR>[Address Reference Count : 1]<UL><LI> startup_stm32f10x_md.o(RESET)
</UL>
<P><STRONG><a name="[34]"></a>USART1_IRQHandler</STRONG> (Thumb, 36 bytes, Stack size 8 bytes, stm32f10x_it.o(.text))
<BR><BR>[Stack]<UL><LI>Max Depth = 24<LI>Call Chain = USART1_IRQHandler &rArr; USART_GetITStatus
</UL>
<BR>[Calls]<UL><LI><a href="#[97]">&gt;&gt;</a>&nbsp;&nbsp;&nbsp;UartCmdPutData
<LI><a href="#[96]">&gt;&gt;</a>&nbsp;&nbsp;&nbsp;USART_ReceiveData
<LI><a href="#[95]">&gt;&gt;</a>&nbsp;&nbsp;&nbsp;USART_GetITStatus
</UL>
<BR>[Address Reference Count : 1]<UL><LI> startup_stm32f10x_md.o(RESET)
</UL>
<P><STRONG><a name="[35]"></a>USART2_IRQHandler</STRONG> (Thumb, 4 bytes, Stack size 0 bytes, stm32f10x_it.o(.text))
<BR><BR>[Stack]<UL><LI>Max Depth = 24<LI>Call Chain = USART2_IRQHandler &rArr; USART_IRQCommHandler &rArr; USART_GetITStatus
</UL>
<BR>[Calls]<UL><LI><a href="#[94]">&gt;&gt;</a>&nbsp;&nbsp;&nbsp;USART_IRQCommHandler
</UL>
<BR>[Address Reference Count : 1]<UL><LI> startup_stm32f10x_md.o(RESET)
</UL>
<P><STRONG><a name="[36]"></a>USART3_IRQHandler</STRONG> (Thumb, 4 bytes, Stack size 0 bytes, stm32f10x_it.o(.text))
<BR><BR>[Stack]<UL><LI>Max Depth = 24<LI>Call Chain = USART3_IRQHandler &rArr; USART_IRQCommHandler &rArr; USART_GetITStatus
</UL>
<BR>[Calls]<UL><LI><a href="#[94]">&gt;&gt;</a>&nbsp;&nbsp;&nbsp;USART_IRQCommHandler
</UL>
<BR>[Address Reference Count : 1]<UL><LI> startup_stm32f10x_md.o(RESET)
</UL>
<P><STRONG><a name="[12]"></a>RTC_IRQHandler</STRONG> (Thumb, 36 bytes, Stack size 0 bytes, stm32f10x_it.o(.text))
<BR>[Address Reference Count : 1]<UL><LI> startup_stm32f10x_md.o(RESET)
</UL>
<P><STRONG><a name="[2a]"></a>TIM1_CC_IRQHandler</STRONG> (Thumb, 56 bytes, Stack size 8 bytes, stm32f10x_it.o(.text))
<BR><BR>[Stack]<UL><LI>Max Depth = 16<LI>Call Chain = TIM1_CC_IRQHandler &rArr; TIM_event_handler
</UL>
<BR>[Calls]<UL><LI><a href="#[9c]">&gt;&gt;</a>&nbsp;&nbsp;&nbsp;TIM_event_handler
<LI><a href="#[9b]">&gt;&gt;</a>&nbsp;&nbsp;&nbsp;TIM_SetCompare1
<LI><a href="#[98]">&gt;&gt;</a>&nbsp;&nbsp;&nbsp;TIM_GetITStatus
<LI><a href="#[9a]">&gt;&gt;</a>&nbsp;&nbsp;&nbsp;TIM_GetCapture1
<LI><a href="#[99]">&gt;&gt;</a>&nbsp;&nbsp;&nbsp;TIM_ClearITPendingBit
</UL>
<BR>[Address Reference Count : 1]<UL><LI> startup_stm32f10x_md.o(RESET)
</UL>
<P><STRONG><a name="[2b]"></a>TIM2_IRQHandler</STRONG> (Thumb, 116 bytes, Stack size 8 bytes, stm32f10x_it.o(.text))
<BR><BR>[Stack]<UL><LI>Max Depth = 16<LI>Call Chain = TIM2_IRQHandler &rArr; TIM_event_handler
</UL>
<BR>[Calls]<UL><LI><a href="#[9c]">&gt;&gt;</a>&nbsp;&nbsp;&nbsp;TIM_event_handler
<LI><a href="#[98]">&gt;&gt;</a>&nbsp;&nbsp;&nbsp;TIM_GetITStatus
<LI><a href="#[99]">&gt;&gt;</a>&nbsp;&nbsp;&nbsp;TIM_ClearITPendingBit
</UL>
<BR>[Address Reference Count : 1]<UL><LI> startup_stm32f10x_md.o(RESET)
</UL>
<P><STRONG><a name="[2c]"></a>TIM3_IRQHandler</STRONG> (Thumb, 116 bytes, Stack size 8 bytes, stm32f10x_it.o(.text))
<BR><BR>[Stack]<UL><LI>Max Depth = 16<LI>Call Chain = TIM3_IRQHandler &rArr; TIM_event_handler
</UL>
<BR>[Calls]<UL><LI><a href="#[9c]">&gt;&gt;</a>&nbsp;&nbsp;&nbsp;TIM_event_handler
<LI><a href="#[98]">&gt;&gt;</a>&nbsp;&nbsp;&nbsp;TIM_GetITStatus
<LI><a href="#[99]">&gt;&gt;</a>&nbsp;&nbsp;&nbsp;TIM_ClearITPendingBit
</UL>
<BR>[Address Reference Count : 1]<UL><LI> startup_stm32f10x_md.o(RESET)
</UL>
<P><STRONG><a name="[2d]"></a>TIM4_IRQHandler</STRONG> (Thumb, 116 bytes, Stack size 8 bytes, stm32f10x_it.o(.text))
<BR><BR>[Stack]<UL><LI>Max Depth = 16<LI>Call Chain = TIM4_IRQHandler &rArr; TIM_event_handler
</UL>
<BR>[Calls]<UL><LI><a href="#[9c]">&gt;&gt;</a>&nbsp;&nbsp;&nbsp;TIM_event_handler
<LI><a href="#[98]">&gt;&gt;</a>&nbsp;&nbsp;&nbsp;TIM_GetITStatus
<LI><a href="#[99]">&gt;&gt;</a>&nbsp;&nbsp;&nbsp;TIM_ClearITPendingBit
</UL>
<BR>[Address Reference Count : 1]<UL><LI> startup_stm32f10x_md.o(RESET)
</UL>
<P><STRONG><a name="[26]"></a>EXTI9_5_IRQHandler</STRONG> (Thumb, 118 bytes, Stack size 8 bytes, stm32f10x_it.o(.text))
<BR><BR>[Stack]<UL><LI>Max Depth = 32<LI>Call Chain = EXTI9_5_IRQHandler &rArr; sensor_event_handler
</UL>
<BR>[Calls]<UL><LI><a href="#[9f]">&gt;&gt;</a>&nbsp;&nbsp;&nbsp;sensor_event_handler
<LI><a href="#[9d]">&gt;&gt;</a>&nbsp;&nbsp;&nbsp;EXTI_GetITStatus
<LI><a href="#[9e]">&gt;&gt;</a>&nbsp;&nbsp;&nbsp;EXTI_ClearITPendingBit
</UL>
<BR>[Address Reference Count : 1]<UL><LI> startup_stm32f10x_md.o(RESET)
</UL>
<P><STRONG><a name="[37]"></a>EXTI15_10_IRQHandler</STRONG> (Thumb, 154 bytes, Stack size 8 bytes, stm32f10x_it.o(.text))
<BR><BR>[Stack]<UL><LI>Max Depth = 32<LI>Call Chain = EXTI15_10_IRQHandler &rArr; sensor_event_handler
</UL>
<BR>[Calls]<UL><LI><a href="#[9f]">&gt;&gt;</a>&nbsp;&nbsp;&nbsp;sensor_event_handler
<LI><a href="#[9d]">&gt;&gt;</a>&nbsp;&nbsp;&nbsp;EXTI_GetITStatus
<LI><a href="#[9e]">&gt;&gt;</a>&nbsp;&nbsp;&nbsp;EXTI_ClearITPendingBit
</UL>
<BR>[Address Reference Count : 1]<UL><LI> startup_stm32f10x_md.o(RESET)
</UL>
<P><STRONG><a name="[15]"></a>EXTI0_IRQHandler</STRONG> (Thumb, 18 bytes, Stack size 8 bytes, stm32f10x_it.o(.text))
<BR><BR>[Stack]<UL><LI>Max Depth = 32<LI>Call Chain = EXTI0_IRQHandler &rArr; sensor_event_handler
</UL>
<BR>[Calls]<UL><LI><a href="#[9f]">&gt;&gt;</a>&nbsp;&nbsp;&nbsp;sensor_event_handler
<LI><a href="#[9e]">&gt;&gt;</a>&nbsp;&nbsp;&nbsp;EXTI_ClearITPendingBit
</UL>
<BR>[Address Reference Count : 1]<UL><LI> startup_stm32f10x_md.o(RESET)
</UL>
<P><STRONG><a name="[16]"></a>EXTI1_IRQHandler</STRONG> (Thumb, 18 bytes, Stack size 8 bytes, stm32f10x_it.o(.text))
<BR><BR>[Stack]<UL><LI>Max Depth = 32<LI>Call Chain = EXTI1_IRQHandler &rArr; sensor_event_handler
</UL>
<BR>[Calls]<UL><LI><a href="#[9f]">&gt;&gt;</a>&nbsp;&nbsp;&nbsp;sensor_event_handler
<LI><a href="#[9e]">&gt;&gt;</a>&nbsp;&nbsp;&nbsp;EXTI_ClearITPendingBit
</UL>
<BR>[Address Reference Count : 1]<UL><LI> startup_stm32f10x_md.o(RESET)
</UL>
<P><STRONG><a name="[17]"></a>EXTI2_IRQHandler</STRONG> (Thumb, 18 bytes, Stack size 8 bytes, stm32f10x_it.o(.text))
<BR><BR>[Stack]<UL><LI>Max Depth = 32<LI>Call Chain = EXTI2_IRQHandler &rArr; sensor_event_handler
</UL>
<BR>[Calls]<UL><LI><a href="#[9f]">&gt;&gt;</a>&nbsp;&nbsp;&nbsp;sensor_event_handler
<LI><a href="#[9e]">&gt;&gt;</a>&nbsp;&nbsp;&nbsp;EXTI_ClearITPendingBit
</UL>
<BR>[Address Reference Count : 1]<UL><LI> startup_stm32f10x_md.o(RESET)
</UL>
<P><STRONG><a name="[18]"></a>EXTI3_IRQHandler</STRONG> (Thumb, 18 bytes, Stack size 8 bytes, stm32f10x_it.o(.text))
<BR><BR>[Stack]<UL><LI>Max Depth = 32<LI>Call Chain = EXTI3_IRQHandler &rArr; sensor_event_handler
</UL>
<BR>[Calls]<UL><LI><a href="#[9f]">&gt;&gt;</a>&nbsp;&nbsp;&nbsp;sensor_event_handler
<LI><a href="#[9e]">&gt;&gt;</a>&nbsp;&nbsp;&nbsp;EXTI_ClearITPendingBit
</UL>
<BR>[Address Reference Count : 1]<UL><LI> startup_stm32f10x_md.o(RESET)
</UL>
<P><STRONG><a name="[19]"></a>EXTI4_IRQHandler</STRONG> (Thumb, 18 bytes, Stack size 8 bytes, stm32f10x_it.o(.text))
<BR><BR>[Stack]<UL><LI>Max Depth = 32<LI>Call Chain = EXTI4_IRQHandler &rArr; sensor_event_handler
</UL>
<BR>[Calls]<UL><LI><a href="#[9f]">&gt;&gt;</a>&nbsp;&nbsp;&nbsp;sensor_event_handler
<LI><a href="#[9e]">&gt;&gt;</a>&nbsp;&nbsp;&nbsp;EXTI_ClearITPendingBit
</UL>
<BR>[Address Reference Count : 1]<UL><LI> startup_stm32f10x_md.o(RESET)
</UL>
<P><STRONG><a name="[a0]"></a>hard_fault_handler_c</STRONG> (Thumb, 284 bytes, Stack size 0 bytes, stm32f10x_it.o(.text))
<BR><BR>[Stack]<UL><LI>Max Depth = 24<LI>Call Chain = hard_fault_handler_c &rArr; __2printf
</UL>
<BR>[Calls]<UL><LI><a href="#[a1]">&gt;&gt;</a>&nbsp;&nbsp;&nbsp;__2printf
</UL>
<BR>[Called By]<UL><LI><a href="#[5]">&gt;&gt;</a>&nbsp;&nbsp;&nbsp;Reset_Handler
</UL>

<P><STRONG><a name="[fc]"></a>Config_GetVersion</STRONG> (Thumb, 4 bytes, Stack size 0 bytes, config.o(.text))
<BR><BR>[Called By]<UL><LI><a href="#[64]">&gt;&gt;</a>&nbsp;&nbsp;&nbsp;SHZNAPP_SerialBootProc
</UL>

<P><STRONG><a name="[a2]"></a>Config_SetItem</STRONG> (Thumb, 4 bytes, Stack size 0 bytes, config.o(.text))
<BR><BR>[Stack]<UL><LI>Max Depth = 172<LI>Call Chain = Config_SetItem &rArr; osal_snv_write &rArr; compactPage &rArr; setActivePage &rArr; writeWord &rArr; HalFlashWrite &rArr; FLASH_ProgramWord &rArr; FLASH_WaitForLastOperation
</UL>
<BR>[Calls]<UL><LI><a href="#[a3]">&gt;&gt;</a>&nbsp;&nbsp;&nbsp;osal_snv_write
</UL>
<BR>[Called By]<UL><LI><a href="#[f3]">&gt;&gt;</a>&nbsp;&nbsp;&nbsp;appAtCmd
</UL>

<P><STRONG><a name="[389]"></a>Config_Get_DevId</STRONG> (Thumb, 6 bytes, Stack size 0 bytes, config.o(.text), UNUSED)

<P><STRONG><a name="[38a]"></a>Config_Get_OpMode</STRONG> (Thumb, 6 bytes, Stack size 0 bytes, config.o(.text), UNUSED)

<P><STRONG><a name="[75]"></a>Config_Init</STRONG> (Thumb, 96 bytes, Stack size 16 bytes, config.o(.text))
<BR><BR>[Stack]<UL><LI>Max Depth = 64<LI>Call Chain = Config_Init &rArr; osal_snv_read &rArr; findItem &rArr; HalFlashRead
</UL>
<BR>[Calls]<UL><LI><a href="#[a5]">&gt;&gt;</a>&nbsp;&nbsp;&nbsp;osal_snv_read
<LI><a href="#[a6]">&gt;&gt;</a>&nbsp;&nbsp;&nbsp;strcpy
<LI><a href="#[a4]">&gt;&gt;</a>&nbsp;&nbsp;&nbsp;__aeabi_memclr
</UL>
<BR>[Called By]<UL><LI><a href="#[67]">&gt;&gt;</a>&nbsp;&nbsp;&nbsp;MainInit
</UL>

<P><STRONG><a name="[a7]"></a>Config_Sapp_Cmd</STRONG> (Thumb, 38 bytes, Stack size 16 bytes, config.o(.text))
<BR><BR>[Stack]<UL><LI>Max Depth = 64<LI>Call Chain = Config_Sapp_Cmd &rArr; SHZNAPP_SerialResp &rArr; HalUARTWrite &rArr; UartCmdSendMsg &rArr; UartCmdSendData
</UL>
<BR>[Calls]<UL><LI><a href="#[61]">&gt;&gt;</a>&nbsp;&nbsp;&nbsp;SHZNAPP_SerialResp
<LI><a href="#[a8]">&gt;&gt;</a>&nbsp;&nbsp;&nbsp;__aeabi_memcpy
</UL>
<BR>[Called By]<UL><LI><a href="#[1e8]">&gt;&gt;</a>&nbsp;&nbsp;&nbsp;DispMakeConfigCmd
<LI><a href="#[1e7]">&gt;&gt;</a>&nbsp;&nbsp;&nbsp;DispMakeQueryCmd
</UL>

<P><STRONG><a name="[a9]"></a>Config_SaveData</STRONG> (Thumb, 64 bytes, Stack size 24 bytes, config.o(.text))
<BR><BR>[Stack]<UL><LI>Max Depth = 52 + Unknown Stack Size
<LI>Call Chain = Config_SaveData &rArr; FLASH_ProgramWord &rArr; FLASH_WaitForLastOperation
</UL>
<BR>[Calls]<UL><LI><a href="#[aa]">&gt;&gt;</a>&nbsp;&nbsp;&nbsp;FLASH_Unlock
<LI><a href="#[ac]">&gt;&gt;</a>&nbsp;&nbsp;&nbsp;FLASH_ProgramWord
<LI><a href="#[ad]">&gt;&gt;</a>&nbsp;&nbsp;&nbsp;FLASH_Lock
<LI><a href="#[ab]">&gt;&gt;</a>&nbsp;&nbsp;&nbsp;FLASH_ErasePage
<LI><a href="#[91]">&gt;&gt;</a>&nbsp;&nbsp;&nbsp;OS_CPU_SR_Save
<LI><a href="#[92]">&gt;&gt;</a>&nbsp;&nbsp;&nbsp;OS_CPU_SR_Restore
</UL>
<BR>[Called By]<UL><LI><a href="#[b0]">&gt;&gt;</a>&nbsp;&nbsp;&nbsp;ConfigSetParam
<LI><a href="#[162]">&gt;&gt;</a>&nbsp;&nbsp;&nbsp;Storage_WriteRunTimeInfo2Flash
<LI><a href="#[1e6]">&gt;&gt;</a>&nbsp;&nbsp;&nbsp;Disp_InitConfig
<LI><a href="#[1c3]">&gt;&gt;</a>&nbsp;&nbsp;&nbsp;Disp_CommSetSaveConfig
</UL>

<P><STRONG><a name="[ae]"></a>ConfigSetParam4Serial</STRONG> (Thumb, 16 bytes, Stack size 8 bytes, config.o(.text))
<BR><BR>[Stack]<UL><LI>Max Depth = 8<LI>Call Chain = ConfigSetParam4Serial
</UL>
<BR>[Calls]<UL><LI><a href="#[a8]">&gt;&gt;</a>&nbsp;&nbsp;&nbsp;__aeabi_memcpy
</UL>
<BR>[Called By]<UL><LI><a href="#[b0]">&gt;&gt;</a>&nbsp;&nbsp;&nbsp;ConfigSetParam
</UL>

<P><STRONG><a name="[af]"></a>ConfigSetParam4Local</STRONG> (Thumb, 36 bytes, Stack size 16 bytes, config.o(.text))
<BR><BR>[Stack]<UL><LI>Max Depth = 16<LI>Call Chain = ConfigSetParam4Local
</UL>
<BR>[Calls]<UL><LI><a href="#[a8]">&gt;&gt;</a>&nbsp;&nbsp;&nbsp;__aeabi_memcpy
</UL>
<BR>[Called By]<UL><LI><a href="#[b0]">&gt;&gt;</a>&nbsp;&nbsp;&nbsp;ConfigSetParam
</UL>

<P><STRONG><a name="[38b]"></a>ConfigGetParam4Serial</STRONG> (Thumb, 8 bytes, Stack size 0 bytes, config.o(.text), UNUSED)

<P><STRONG><a name="[b1]"></a>ConfigGetParam4Local</STRONG> (Thumb, 22 bytes, Stack size 0 bytes, config.o(.text))
<BR><BR>[Called By]<UL><LI><a href="#[b3]">&gt;&gt;</a>&nbsp;&nbsp;&nbsp;ConfigGetParam
<LI><a href="#[b0]">&gt;&gt;</a>&nbsp;&nbsp;&nbsp;ConfigSetParam
</UL>

<P><STRONG><a name="[b0]"></a>ConfigSetParam</STRONG> (Thumb, 150 bytes, Stack size 40 bytes, config.o(.text))
<BR><BR>[Stack]<UL><LI>Max Depth = 156 + Unknown Stack Size
<LI>Call Chain = ConfigSetParam &rArr; SerialInit &rArr; SerialInitPort &rArr; STM_EVAL_COMInit &rArr; USART_Init &rArr; RCC_GetClocksFreq
</UL>
<BR>[Calls]<UL><LI><a href="#[b2]">&gt;&gt;</a>&nbsp;&nbsp;&nbsp;SerialInit
<LI><a href="#[b1]">&gt;&gt;</a>&nbsp;&nbsp;&nbsp;ConfigGetParam4Local
<LI><a href="#[af]">&gt;&gt;</a>&nbsp;&nbsp;&nbsp;ConfigSetParam4Local
<LI><a href="#[ae]">&gt;&gt;</a>&nbsp;&nbsp;&nbsp;ConfigSetParam4Serial
<LI><a href="#[a9]">&gt;&gt;</a>&nbsp;&nbsp;&nbsp;Config_SaveData
<LI><a href="#[53]">&gt;&gt;</a>&nbsp;&nbsp;&nbsp;IWDG_Feed
<LI><a href="#[a8]">&gt;&gt;</a>&nbsp;&nbsp;&nbsp;__aeabi_memcpy
</UL>
<BR>[Called By]<UL><LI><a href="#[bb]">&gt;&gt;</a>&nbsp;&nbsp;&nbsp;Config_Entry
</UL>

<P><STRONG><a name="[b3]"></a>ConfigGetParam</STRONG> (Thumb, 84 bytes, Stack size 16 bytes, config.o(.text))
<BR><BR>[Stack]<UL><LI>Max Depth = 16<LI>Call Chain = ConfigGetParam
</UL>
<BR>[Calls]<UL><LI><a href="#[b1]">&gt;&gt;</a>&nbsp;&nbsp;&nbsp;ConfigGetParam4Local
<LI><a href="#[a8]">&gt;&gt;</a>&nbsp;&nbsp;&nbsp;__aeabi_memcpy
</UL>
<BR>[Called By]<UL><LI><a href="#[bb]">&gt;&gt;</a>&nbsp;&nbsp;&nbsp;Config_Entry
</UL>

<P><STRONG><a name="[b4]"></a>ConfigRs485Ctrl</STRONG> (Thumb, 24 bytes, Stack size 8 bytes, config.o(.text))
<BR><BR>[Stack]<UL><LI>Max Depth = 48<LI>Call Chain = ConfigRs485Ctrl &rArr; Serial_SndTest &rArr; Serial_FillSndBuf &rArr; SerialEnableTx &rArr; stm32_gpio_set_value
</UL>
<BR>[Calls]<UL><LI><a href="#[b5]">&gt;&gt;</a>&nbsp;&nbsp;&nbsp;Serial_SndTest
</UL>
<BR>[Called By]<UL><LI><a href="#[bb]">&gt;&gt;</a>&nbsp;&nbsp;&nbsp;Config_Entry
</UL>

<P><STRONG><a name="[38c]"></a>ConfigReset</STRONG> (Thumb, 8 bytes, Stack size 0 bytes, config.o(.text), UNUSED)

<P><STRONG><a name="[b6]"></a>ConfigSetTime</STRONG> (Thumb, 52 bytes, Stack size 32 bytes, config.o(.text))
<BR><BR>[Stack]<UL><LI>Max Depth = 76<LI>Call Chain = ConfigSetTime &rArr; RTC_Set &rArr; RTC_SetCounter
</UL>
<BR>[Calls]<UL><LI><a href="#[b7]">&gt;&gt;</a>&nbsp;&nbsp;&nbsp;RTC_Set
</UL>
<BR>[Called By]<UL><LI><a href="#[bb]">&gt;&gt;</a>&nbsp;&nbsp;&nbsp;Config_Entry
</UL>

<P><STRONG><a name="[b8]"></a>ConfigGetTime</STRONG> (Thumb, 56 bytes, Stack size 16 bytes, config.o(.text))
<BR><BR>[Stack]<UL><LI>Max Depth = 64<LI>Call Chain = ConfigGetTime &rArr; RTC_Get &rArr; RTC_Get_Helper &rArr; RTC_Get_Week
</UL>
<BR>[Calls]<UL><LI><a href="#[72]">&gt;&gt;</a>&nbsp;&nbsp;&nbsp;RTC_Get
</UL>
<BR>[Called By]<UL><LI><a href="#[bb]">&gt;&gt;</a>&nbsp;&nbsp;&nbsp;Config_Entry
</UL>

<P><STRONG><a name="[b9]"></a>ConfigAdjTime</STRONG> (Thumb, 34 bytes, Stack size 16 bytes, config.o(.text))
<BR><BR>[Stack]<UL><LI>Max Depth = 16<LI>Call Chain = ConfigAdjTime
</UL>
<BR>[Calls]<UL><LI><a href="#[ba]">&gt;&gt;</a>&nbsp;&nbsp;&nbsp;RTC_Calibrate
</UL>
<BR>[Called By]<UL><LI><a href="#[bb]">&gt;&gt;</a>&nbsp;&nbsp;&nbsp;Config_Entry
</UL>

<P><STRONG><a name="[bb]"></a>Config_Entry</STRONG> (Thumb, 126 bytes, Stack size 16 bytes, config.o(.text))
<BR><BR>[Stack]<UL><LI>Max Depth = 172 + Unknown Stack Size
<LI>Call Chain = Config_Entry &rArr; ConfigSetParam &rArr; SerialInit &rArr; SerialInitPort &rArr; STM_EVAL_COMInit &rArr; USART_Init &rArr; RCC_GetClocksFreq
</UL>
<BR>[Calls]<UL><LI><a href="#[b9]">&gt;&gt;</a>&nbsp;&nbsp;&nbsp;ConfigAdjTime
<LI><a href="#[b8]">&gt;&gt;</a>&nbsp;&nbsp;&nbsp;ConfigGetTime
<LI><a href="#[b6]">&gt;&gt;</a>&nbsp;&nbsp;&nbsp;ConfigSetTime
<LI><a href="#[b4]">&gt;&gt;</a>&nbsp;&nbsp;&nbsp;ConfigRs485Ctrl
<LI><a href="#[b3]">&gt;&gt;</a>&nbsp;&nbsp;&nbsp;ConfigGetParam
<LI><a href="#[b0]">&gt;&gt;</a>&nbsp;&nbsp;&nbsp;ConfigSetParam
<LI><a href="#[7d]">&gt;&gt;</a>&nbsp;&nbsp;&nbsp;MainBeepWithDuration
<LI><a href="#[5f]">&gt;&gt;</a>&nbsp;&nbsp;&nbsp;MainAlarmWithDuration
</UL>
<BR>[Called By]<UL><LI><a href="#[bc]">&gt;&gt;</a>&nbsp;&nbsp;&nbsp;Config_Sapp_Entry
</UL>

<P><STRONG><a name="[bc]"></a>Config_Sapp_Entry</STRONG> (Thumb, 2 bytes, Stack size 0 bytes, config.o(.text))
<BR><BR>[Stack]<UL><LI>Max Depth = 172 + Unknown Stack Size
<LI>Call Chain = Config_Sapp_Entry &rArr; Config_Entry &rArr; ConfigSetParam &rArr; SerialInit &rArr; SerialInitPort &rArr; STM_EVAL_COMInit &rArr; USART_Init &rArr; RCC_GetClocksFreq
</UL>
<BR>[Calls]<UL><LI><a href="#[bb]">&gt;&gt;</a>&nbsp;&nbsp;&nbsp;Config_Entry
</UL>
<BR>[Called By]<UL><LI><a href="#[63]">&gt;&gt;</a>&nbsp;&nbsp;&nbsp;SHZNAPP_SerialAppProc
</UL>

<P><STRONG><a name="[6a]"></a>InitRelays</STRONG> (Thumb, 54 bytes, Stack size 24 bytes, relay.o(.text))
<BR><BR>[Stack]<UL><LI>Max Depth = 40<LI>Call Chain = InitRelays &rArr; stm32_gpio_set_value
</UL>
<BR>[Calls]<UL><LI><a href="#[be]">&gt;&gt;</a>&nbsp;&nbsp;&nbsp;stm32_gpio_set_value
<LI><a href="#[bd]">&gt;&gt;</a>&nbsp;&nbsp;&nbsp;stm32_gpio_cfgpin
<LI><a href="#[bf]">&gt;&gt;</a>&nbsp;&nbsp;&nbsp;__aeabi_memclr4
</UL>
<BR>[Called By]<UL><LI><a href="#[67]">&gt;&gt;</a>&nbsp;&nbsp;&nbsp;MainInit
</UL>

<P><STRONG><a name="[c0]"></a>RelayLogicCtrl</STRONG> (Thumb, 8 bytes, Stack size 0 bytes, relay.o(.text))
<BR><BR>[Stack]<UL><LI>Max Depth = 16<LI>Call Chain = RelayLogicCtrl &rArr; stm32_gpio_set_value
</UL>
<BR>[Calls]<UL><LI><a href="#[be]">&gt;&gt;</a>&nbsp;&nbsp;&nbsp;stm32_gpio_set_value
</UL>
<BR>[Called By]<UL><LI><a href="#[c6]">&gt;&gt;</a>&nbsp;&nbsp;&nbsp;RelayPulse
<LI><a href="#[c5]">&gt;&gt;</a>&nbsp;&nbsp;&nbsp;RelayPulse_cb
<LI><a href="#[166]">&gt;&gt;</a>&nbsp;&nbsp;&nbsp;Disp_uf_clean_msg_cb
<LI><a href="#[119]">&gt;&gt;</a>&nbsp;&nbsp;&nbsp;Disp_Move2DstState
<LI><a href="#[106]">&gt;&gt;</a>&nbsp;&nbsp;&nbsp;Disp_Select_Sensor
<LI><a href="#[105]">&gt;&gt;</a>&nbsp;&nbsp;&nbsp;Disp_ValveCtrl
</UL>

<P><STRONG><a name="[c1]"></a>GetRelayLogicStatus</STRONG> (Thumb, 14 bytes, Stack size 8 bytes, relay.o(.text), UNUSED)
<BR><BR>[Calls]<UL><LI><a href="#[c2]">&gt;&gt;</a>&nbsp;&nbsp;&nbsp;stm32_gpio_get_value
</UL>

<P><STRONG><a name="[c3]"></a>RelayToggle</STRONG> (Thumb, 8 bytes, Stack size 0 bytes, relay.o(.text), UNUSED)
<BR><BR>[Calls]<UL><LI><a href="#[c4]">&gt;&gt;</a>&nbsp;&nbsp;&nbsp;stm32_gpio_toggle_value
</UL>

<P><STRONG><a name="[c5]"></a>RelayPulse_cb</STRONG> (Thumb, 26 bytes, Stack size 8 bytes, relay.o(.text))
<BR><BR>[Stack]<UL><LI>Max Depth = 24<LI>Call Chain = RelayPulse_cb &rArr; RelayLogicCtrl &rArr; stm32_gpio_set_value
</UL>
<BR>[Calls]<UL><LI><a href="#[c0]">&gt;&gt;</a>&nbsp;&nbsp;&nbsp;RelayLogicCtrl
</UL>
<BR>[Address Reference Count : 1]<UL><LI> relay.o(.text)
</UL>
<P><STRONG><a name="[c6]"></a>RelayPulse</STRONG> (Thumb, 40 bytes, Stack size 24 bytes, relay.o(.text), UNUSED)
<BR><BR>[Calls]<UL><LI><a href="#[c7]">&gt;&gt;</a>&nbsp;&nbsp;&nbsp;sys_timeout
<LI><a href="#[c0]">&gt;&gt;</a>&nbsp;&nbsp;&nbsp;RelayLogicCtrl
</UL>

<P><STRONG><a name="[6b]"></a>Ioctrl_input_init</STRONG> (Thumb, 34 bytes, Stack size 16 bytes, dica.o(.text))
<BR><BR>[Stack]<UL><LI>Max Depth = 36<LI>Call Chain = Ioctrl_input_init &rArr; GPIO_PinRemapConfig
</UL>
<BR>[Calls]<UL><LI><a href="#[c8]">&gt;&gt;</a>&nbsp;&nbsp;&nbsp;GPIO_PinRemapConfig
<LI><a href="#[bd]">&gt;&gt;</a>&nbsp;&nbsp;&nbsp;stm32_gpio_cfgpin
</UL>
<BR>[Called By]<UL><LI><a href="#[67]">&gt;&gt;</a>&nbsp;&nbsp;&nbsp;MainInit
</UL>

<P><STRONG><a name="[c9]"></a>GetInputLogicStatus</STRONG> (Thumb, 14 bytes, Stack size 8 bytes, dica.o(.text))
<BR><BR>[Stack]<UL><LI>Max Depth = 16<LI>Call Chain = GetInputLogicStatus &rArr; stm32_gpio_get_value
</UL>
<BR>[Calls]<UL><LI><a href="#[c2]">&gt;&gt;</a>&nbsp;&nbsp;&nbsp;stm32_gpio_get_value
</UL>
<BR>[Called By]<UL><LI><a href="#[12e]">&gt;&gt;</a>&nbsp;&nbsp;&nbsp;Disp_GetTankState
</UL>

<P><STRONG><a name="[6e]"></a>AlarmInit</STRONG> (Thumb, 24 bytes, Stack size 8 bytes, beep.o(.text))
<BR><BR>[Stack]<UL><LI>Max Depth = 24<LI>Call Chain = AlarmInit &rArr; stm32_gpio_set_value
</UL>
<BR>[Calls]<UL><LI><a href="#[be]">&gt;&gt;</a>&nbsp;&nbsp;&nbsp;stm32_gpio_set_value
<LI><a href="#[bd]">&gt;&gt;</a>&nbsp;&nbsp;&nbsp;stm32_gpio_cfgpin
</UL>
<BR>[Called By]<UL><LI><a href="#[67]">&gt;&gt;</a>&nbsp;&nbsp;&nbsp;MainInit
</UL>

<P><STRONG><a name="[5c]"></a>Alarm</STRONG> (Thumb, 14 bytes, Stack size 0 bytes, beep.o(.text))
<BR><BR>[Stack]<UL><LI>Max Depth = 16<LI>Call Chain = Alarm &rArr; stm32_gpio_set_value
</UL>
<BR>[Calls]<UL><LI><a href="#[be]">&gt;&gt;</a>&nbsp;&nbsp;&nbsp;stm32_gpio_set_value
</UL>
<BR>[Called By]<UL><LI><a href="#[5f]">&gt;&gt;</a>&nbsp;&nbsp;&nbsp;MainAlarmWithDuration
<LI><a href="#[5b]">&gt;&gt;</a>&nbsp;&nbsp;&nbsp;PidTimerProcess
</UL>

<P><STRONG><a name="[ca]"></a>AlarmToggle</STRONG> (Thumb, 6 bytes, Stack size 0 bytes, beep.o(.text), UNUSED)
<BR><BR>[Calls]<UL><LI><a href="#[c4]">&gt;&gt;</a>&nbsp;&nbsp;&nbsp;stm32_gpio_toggle_value
</UL>

<P><STRONG><a name="[5f]"></a>MainAlarmWithDuration</STRONG> (Thumb, 44 bytes, Stack size 8 bytes, beep.o(.text))
<BR><BR>[Stack]<UL><LI>Max Depth = 48 + Unknown Stack Size
<LI>Call Chain = MainAlarmWithDuration &rArr; AddTimer &rArr; ModTimer
</UL>
<BR>[Calls]<UL><LI><a href="#[5c]">&gt;&gt;</a>&nbsp;&nbsp;&nbsp;Alarm
<LI><a href="#[7c]">&gt;&gt;</a>&nbsp;&nbsp;&nbsp;AddTimer
</UL>
<BR>[Called By]<UL><LI><a href="#[bb]">&gt;&gt;</a>&nbsp;&nbsp;&nbsp;Config_Entry
<LI><a href="#[5e]">&gt;&gt;</a>&nbsp;&nbsp;&nbsp;MainSappProc
</UL>

<P><STRONG><a name="[6f]"></a>BeepInit</STRONG> (Thumb, 24 bytes, Stack size 8 bytes, beep.o(.text))
<BR><BR>[Stack]<UL><LI>Max Depth = 24<LI>Call Chain = BeepInit &rArr; stm32_gpio_set_value
</UL>
<BR>[Calls]<UL><LI><a href="#[be]">&gt;&gt;</a>&nbsp;&nbsp;&nbsp;stm32_gpio_set_value
<LI><a href="#[bd]">&gt;&gt;</a>&nbsp;&nbsp;&nbsp;stm32_gpio_cfgpin
</UL>
<BR>[Called By]<UL><LI><a href="#[67]">&gt;&gt;</a>&nbsp;&nbsp;&nbsp;MainInit
</UL>

<P><STRONG><a name="[5d]"></a>Beep</STRONG> (Thumb, 14 bytes, Stack size 0 bytes, beep.o(.text))
<BR><BR>[Stack]<UL><LI>Max Depth = 16<LI>Call Chain = Beep &rArr; stm32_gpio_set_value
</UL>
<BR>[Calls]<UL><LI><a href="#[be]">&gt;&gt;</a>&nbsp;&nbsp;&nbsp;stm32_gpio_set_value
</UL>
<BR>[Called By]<UL><LI><a href="#[7d]">&gt;&gt;</a>&nbsp;&nbsp;&nbsp;MainBeepWithDuration
<LI><a href="#[5b]">&gt;&gt;</a>&nbsp;&nbsp;&nbsp;PidTimerProcess
</UL>

<P><STRONG><a name="[cb]"></a>BeepToggle</STRONG> (Thumb, 6 bytes, Stack size 0 bytes, beep.o(.text), UNUSED)
<BR><BR>[Calls]<UL><LI><a href="#[c4]">&gt;&gt;</a>&nbsp;&nbsp;&nbsp;stm32_gpio_toggle_value
</UL>

<P><STRONG><a name="[7d]"></a>MainBeepWithDuration</STRONG> (Thumb, 44 bytes, Stack size 8 bytes, beep.o(.text))
<BR><BR>[Stack]<UL><LI>Max Depth = 48 + Unknown Stack Size
<LI>Call Chain = MainBeepWithDuration &rArr; AddTimer &rArr; ModTimer
</UL>
<BR>[Calls]<UL><LI><a href="#[5d]">&gt;&gt;</a>&nbsp;&nbsp;&nbsp;Beep
<LI><a href="#[7c]">&gt;&gt;</a>&nbsp;&nbsp;&nbsp;AddTimer
</UL>
<BR>[Called By]<UL><LI><a href="#[bb]">&gt;&gt;</a>&nbsp;&nbsp;&nbsp;Config_Entry
<LI><a href="#[67]">&gt;&gt;</a>&nbsp;&nbsp;&nbsp;MainInit
</UL>

<P><STRONG><a name="[6c]"></a>RunInit</STRONG> (Thumb, 24 bytes, Stack size 8 bytes, beep.o(.text))
<BR><BR>[Stack]<UL><LI>Max Depth = 24<LI>Call Chain = RunInit &rArr; stm32_gpio_set_value
</UL>
<BR>[Calls]<UL><LI><a href="#[be]">&gt;&gt;</a>&nbsp;&nbsp;&nbsp;stm32_gpio_set_value
<LI><a href="#[bd]">&gt;&gt;</a>&nbsp;&nbsp;&nbsp;stm32_gpio_cfgpin
</UL>
<BR>[Called By]<UL><LI><a href="#[67]">&gt;&gt;</a>&nbsp;&nbsp;&nbsp;MainInit
</UL>

<P><STRONG><a name="[6d]"></a>Run</STRONG> (Thumb, 14 bytes, Stack size 0 bytes, beep.o(.text))
<BR><BR>[Stack]<UL><LI>Max Depth = 16<LI>Call Chain = Run &rArr; stm32_gpio_set_value
</UL>
<BR>[Calls]<UL><LI><a href="#[be]">&gt;&gt;</a>&nbsp;&nbsp;&nbsp;stm32_gpio_set_value
</UL>
<BR>[Called By]<UL><LI><a href="#[67]">&gt;&gt;</a>&nbsp;&nbsp;&nbsp;MainInit
</UL>

<P><STRONG><a name="[59]"></a>RunToggle</STRONG> (Thumb, 6 bytes, Stack size 0 bytes, beep.o(.text))
<BR><BR>[Stack]<UL><LI>Max Depth = 8<LI>Call Chain = RunToggle &rArr; stm32_gpio_toggle_value
</UL>
<BR>[Calls]<UL><LI><a href="#[c4]">&gt;&gt;</a>&nbsp;&nbsp;&nbsp;stm32_gpio_toggle_value
</UL>
<BR>[Called By]<UL><LI><a href="#[58]">&gt;&gt;</a>&nbsp;&nbsp;&nbsp;SecondTimer
</UL>

<P><STRONG><a name="[cc]"></a>Serial_SetDriverType</STRONG> (Thumb, 64 bytes, Stack size 16 bytes, serial.o(.text))
<BR><BR>[Stack]<UL><LI>Max Depth = 60 + Unknown Stack Size
<LI>Call Chain = Serial_SetDriverType &rArr; OSMboxPendAbort &rArr; OS_EventTaskRdy
</UL>
<BR>[Calls]<UL><LI><a href="#[ce]">&gt;&gt;</a>&nbsp;&nbsp;&nbsp;OSMboxPendAbort
<LI><a href="#[cd]">&gt;&gt;</a>&nbsp;&nbsp;&nbsp;OSMboxCreate
</UL>
<BR>[Called By]<UL><LI><a href="#[cf]">&gt;&gt;</a>&nbsp;&nbsp;&nbsp;SerialInitPort
</UL>

<P><STRONG><a name="[cf]"></a>SerialInitPort</STRONG> (Thumb, 222 bytes, Stack size 40 bytes, serial.o(.text))
<BR><BR>[Stack]<UL><LI>Max Depth = 108 + Unknown Stack Size
<LI>Call Chain = SerialInitPort &rArr; STM_EVAL_COMInit &rArr; USART_Init &rArr; RCC_GetClocksFreq
</UL>
<BR>[Calls]<UL><LI><a href="#[d2]">&gt;&gt;</a>&nbsp;&nbsp;&nbsp;USART_ITConfig
<LI><a href="#[d1]">&gt;&gt;</a>&nbsp;&nbsp;&nbsp;STM_EVAL_COMInit
<LI><a href="#[d0]">&gt;&gt;</a>&nbsp;&nbsp;&nbsp;NVIC_Init
<LI><a href="#[cc]">&gt;&gt;</a>&nbsp;&nbsp;&nbsp;Serial_SetDriverType
<LI><a href="#[be]">&gt;&gt;</a>&nbsp;&nbsp;&nbsp;stm32_gpio_set_value
<LI><a href="#[bd]">&gt;&gt;</a>&nbsp;&nbsp;&nbsp;stm32_gpio_cfgpin
</UL>
<BR>[Called By]<UL><LI><a href="#[de]">&gt;&gt;</a>&nbsp;&nbsp;&nbsp;Serial_ReInit
<LI><a href="#[b2]">&gt;&gt;</a>&nbsp;&nbsp;&nbsp;SerialInit
</UL>

<P><STRONG><a name="[d3]"></a>SerialEnableTx</STRONG> (Thumb, 40 bytes, Stack size 0 bytes, serial.o(.text))
<BR><BR>[Stack]<UL><LI>Max Depth = 16<LI>Call Chain = SerialEnableTx &rArr; stm32_gpio_set_value
</UL>
<BR>[Calls]<UL><LI><a href="#[be]">&gt;&gt;</a>&nbsp;&nbsp;&nbsp;stm32_gpio_set_value
</UL>
<BR>[Called By]<UL><LI><a href="#[d4]">&gt;&gt;</a>&nbsp;&nbsp;&nbsp;Serial_FillSndBuf
</UL>

<P><STRONG><a name="[b2]"></a>SerialInit</STRONG> (Thumb, 18 bytes, Stack size 8 bytes, serial.o(.text))
<BR><BR>[Stack]<UL><LI>Max Depth = 116 + Unknown Stack Size
<LI>Call Chain = SerialInit &rArr; SerialInitPort &rArr; STM_EVAL_COMInit &rArr; USART_Init &rArr; RCC_GetClocksFreq
</UL>
<BR>[Calls]<UL><LI><a href="#[cf]">&gt;&gt;</a>&nbsp;&nbsp;&nbsp;SerialInitPort
</UL>
<BR>[Called By]<UL><LI><a href="#[b0]">&gt;&gt;</a>&nbsp;&nbsp;&nbsp;ConfigSetParam
</UL>

<P><STRONG><a name="[d4]"></a>Serial_FillSndBuf</STRONG> (Thumb, 170 bytes, Stack size 16 bytes, serial.o(.text))
<BR><BR>[Stack]<UL><LI>Max Depth = 32<LI>Call Chain = Serial_FillSndBuf &rArr; SerialEnableTx &rArr; stm32_gpio_set_value
</UL>
<BR>[Calls]<UL><LI><a href="#[d2]">&gt;&gt;</a>&nbsp;&nbsp;&nbsp;USART_ITConfig
<LI><a href="#[d3]">&gt;&gt;</a>&nbsp;&nbsp;&nbsp;SerialEnableTx
<LI><a href="#[a8]">&gt;&gt;</a>&nbsp;&nbsp;&nbsp;__aeabi_memcpy
</UL>
<BR>[Called By]<UL><LI><a href="#[b5]">&gt;&gt;</a>&nbsp;&nbsp;&nbsp;Serial_SndTest
</UL>

<P><STRONG><a name="[b5]"></a>Serial_SndTest</STRONG> (Thumb, 14 bytes, Stack size 8 bytes, serial.o(.text))
<BR><BR>[Stack]<UL><LI>Max Depth = 40<LI>Call Chain = Serial_SndTest &rArr; Serial_FillSndBuf &rArr; SerialEnableTx &rArr; stm32_gpio_set_value
</UL>
<BR>[Calls]<UL><LI><a href="#[d4]">&gt;&gt;</a>&nbsp;&nbsp;&nbsp;Serial_FillSndBuf
</UL>
<BR>[Called By]<UL><LI><a href="#[b4]">&gt;&gt;</a>&nbsp;&nbsp;&nbsp;ConfigRs485Ctrl
</UL>

<P><STRONG><a name="[d6]"></a>Serial_ResetRcvIdleTime</STRONG> (Thumb, 22 bytes, Stack size 0 bytes, serial.o(.text), UNUSED)
<BR><BR>[Called By]<UL><LI><a href="#[d5]">&gt;&gt;</a>&nbsp;&nbsp;&nbsp;Serial_FillRcvBuf
</UL>

<P><STRONG><a name="[d5]"></a>Serial_FillRcvBuf</STRONG> (Thumb, 176 bytes, Stack size 24 bytes, serial.o(.text), UNUSED)
<BR><BR>[Calls]<UL><LI><a href="#[d6]">&gt;&gt;</a>&nbsp;&nbsp;&nbsp;Serial_ResetRcvIdleTime
<LI><a href="#[a8]">&gt;&gt;</a>&nbsp;&nbsp;&nbsp;__aeabi_memcpy
</UL>

<P><STRONG><a name="[38d]"></a>Serial_SetRcvIdleTime</STRONG> (Thumb, 24 bytes, Stack size 0 bytes, serial.o(.text), UNUSED)

<P><STRONG><a name="[d7]"></a>Serial_MoveData</STRONG> (Thumb, 188 bytes, Stack size 32 bytes, serial.o(.text))
<BR><BR>[Stack]<UL><LI>Max Depth = 32 + Unknown Stack Size
<LI>Call Chain = Serial_MoveData
</UL>
<BR>[Calls]<UL><LI><a href="#[91]">&gt;&gt;</a>&nbsp;&nbsp;&nbsp;OS_CPU_SR_Save
<LI><a href="#[92]">&gt;&gt;</a>&nbsp;&nbsp;&nbsp;OS_CPU_SR_Restore
<LI><a href="#[a8]">&gt;&gt;</a>&nbsp;&nbsp;&nbsp;__aeabi_memcpy
</UL>
<BR>[Called By]<UL><LI><a href="#[db]">&gt;&gt;</a>&nbsp;&nbsp;&nbsp;Serial_Read
<LI><a href="#[57]">&gt;&gt;</a>&nbsp;&nbsp;&nbsp;Serial_CheckRcvIdleTime
</UL>

<P><STRONG><a name="[57]"></a>Serial_CheckRcvIdleTime</STRONG> (Thumb, 142 bytes, Stack size 16 bytes, serial.o(.text))
<BR><BR>[Stack]<UL><LI>Max Depth = 92 + Unknown Stack Size
<LI>Call Chain = Serial_CheckRcvIdleTime &rArr; MessageSend &rArr; queueMessage &rArr; VOS_SemP &rArr; OSSemPost &rArr; OS_EventTaskRdy
</UL>
<BR>[Calls]<UL><LI><a href="#[d8]">&gt;&gt;</a>&nbsp;&nbsp;&nbsp;OSMboxPost
<LI><a href="#[d7]">&gt;&gt;</a>&nbsp;&nbsp;&nbsp;Serial_MoveData
<LI><a href="#[84]">&gt;&gt;</a>&nbsp;&nbsp;&nbsp;MessageSend
<LI><a href="#[83]">&gt;&gt;</a>&nbsp;&nbsp;&nbsp;MessageAlloc
</UL>
<BR>[Called By]<UL><LI><a href="#[54]">&gt;&gt;</a>&nbsp;&nbsp;&nbsp;App_TimeTickHook
</UL>

<P><STRONG><a name="[d9]"></a>Serial_RetriveConfig</STRONG> (Thumb, 122 bytes, Stack size 16 bytes, serial.o(.text), UNUSED)
<BR><BR>[Calls]<UL><LI><a href="#[a5]">&gt;&gt;</a>&nbsp;&nbsp;&nbsp;osal_snv_read
<LI><a href="#[da]">&gt;&gt;</a>&nbsp;&nbsp;&nbsp;__aeabi_memset
</UL>

<P><STRONG><a name="[38e]"></a>Serial_GetDrvMode</STRONG> (Thumb, 20 bytes, Stack size 0 bytes, serial.o(.text), UNUSED)

<P><STRONG><a name="[dc]"></a>Serial_Rcv_Empty</STRONG> (Thumb, 34 bytes, Stack size 0 bytes, serial.o(.text), UNUSED)
<BR><BR>[Called By]<UL><LI><a href="#[db]">&gt;&gt;</a>&nbsp;&nbsp;&nbsp;Serial_Read
</UL>

<P><STRONG><a name="[db]"></a>Serial_Read</STRONG> (Thumb, 76 bytes, Stack size 24 bytes, serial.o(.text), UNUSED)
<BR><BR>[Calls]<UL><LI><a href="#[dd]">&gt;&gt;</a>&nbsp;&nbsp;&nbsp;OSMboxPend
<LI><a href="#[dc]">&gt;&gt;</a>&nbsp;&nbsp;&nbsp;Serial_Rcv_Empty
<LI><a href="#[d7]">&gt;&gt;</a>&nbsp;&nbsp;&nbsp;Serial_MoveData
</UL>

<P><STRONG><a name="[de]"></a>Serial_ReInit</STRONG> (Thumb, 34 bytes, Stack size 8 bytes, serial.o(.text), UNUSED)
<BR><BR>[Calls]<UL><LI><a href="#[df]">&gt;&gt;</a>&nbsp;&nbsp;&nbsp;USART_DeInit
<LI><a href="#[cf]">&gt;&gt;</a>&nbsp;&nbsp;&nbsp;SerialInitPort
</UL>

<P><STRONG><a name="[38f]"></a>Serial_GetSndBufferSpace</STRONG> (Thumb, 40 bytes, Stack size 0 bytes, serial.o(.text), UNUSED)

<P><STRONG><a name="[e0]"></a>UartCmdCallback</STRONG> (Thumb, 40 bytes, Stack size 8 bytes, uartcmd.o(.text))
<BR><BR>[Stack]<UL><LI>Max Depth = 108 + Unknown Stack Size
<LI>Call Chain = UartCmdCallback &rArr; SHZNAPP_SerialParse &rArr; MessageSend &rArr; queueMessage &rArr; VOS_SemP &rArr; OSSemPost &rArr; OS_EventTaskRdy
</UL>
<BR>[Calls]<UL><LI><a href="#[e1]">&gt;&gt;</a>&nbsp;&nbsp;&nbsp;SHZNAPP_SerialParse
<LI><a href="#[e2]">&gt;&gt;</a>&nbsp;&nbsp;&nbsp;HAL_SYSTEM_RESET
</UL>
<BR>[Address Reference Count : 1]<UL><LI> uartcmd.o(.text)
</UL>
<P><STRONG><a name="[70]"></a>UartCmdInit</STRONG> (Thumb, 110 bytes, Stack size 32 bytes, uartcmd.o(.text))
<BR><BR>[Stack]<UL><LI>Max Depth = 100<LI>Call Chain = UartCmdInit &rArr; STM_EVAL_COMInit &rArr; USART_Init &rArr; RCC_GetClocksFreq
</UL>
<BR>[Calls]<UL><LI><a href="#[e3]">&gt;&gt;</a>&nbsp;&nbsp;&nbsp;SHZNAPP_SerialInit
<LI><a href="#[d2]">&gt;&gt;</a>&nbsp;&nbsp;&nbsp;USART_ITConfig
<LI><a href="#[d1]">&gt;&gt;</a>&nbsp;&nbsp;&nbsp;STM_EVAL_COMInit
<LI><a href="#[d0]">&gt;&gt;</a>&nbsp;&nbsp;&nbsp;NVIC_Init
<LI><a href="#[bf]">&gt;&gt;</a>&nbsp;&nbsp;&nbsp;__aeabi_memclr4
</UL>
<BR>[Called By]<UL><LI><a href="#[67]">&gt;&gt;</a>&nbsp;&nbsp;&nbsp;MainInit
</UL>

<P><STRONG><a name="[97]"></a>UartCmdPutData</STRONG> (Thumb, 26 bytes, Stack size 0 bytes, uartcmd.o(.text))
<BR><BR>[Called By]<UL><LI><a href="#[34]">&gt;&gt;</a>&nbsp;&nbsp;&nbsp;USART1_IRQHandler
</UL>

<P><STRONG><a name="[e4]"></a>UartCmdSendData</STRONG> (Thumb, 26 bytes, Stack size 8 bytes, uartcmd.o(.text))
<BR><BR>[Stack]<UL><LI>Max Depth = 8<LI>Call Chain = UartCmdSendData
</UL>
<BR>[Calls]<UL><LI><a href="#[e5]">&gt;&gt;</a>&nbsp;&nbsp;&nbsp;USART_SendData
<LI><a href="#[e6]">&gt;&gt;</a>&nbsp;&nbsp;&nbsp;USART_GetFlagStatus
</UL>
<BR>[Called By]<UL><LI><a href="#[e7]">&gt;&gt;</a>&nbsp;&nbsp;&nbsp;UartCmdSendMsg
</UL>

<P><STRONG><a name="[e7]"></a>UartCmdSendMsg</STRONG> (Thumb, 40 bytes, Stack size 16 bytes, uartcmd.o(.text))
<BR><BR>[Stack]<UL><LI>Max Depth = 24<LI>Call Chain = UartCmdSendMsg &rArr; UartCmdSendData
</UL>
<BR>[Calls]<UL><LI><a href="#[e4]">&gt;&gt;</a>&nbsp;&nbsp;&nbsp;UartCmdSendData
</UL>
<BR>[Called By]<UL><LI><a href="#[ea]">&gt;&gt;</a>&nbsp;&nbsp;&nbsp;HalUARTWrite
</UL>

<P><STRONG><a name="[e8]"></a>UartCmdSerialWrite</STRONG> (Thumb, 44 bytes, Stack size 16 bytes, uartcmd.o(.text))
<BR><BR>[Stack]<UL><LI>Max Depth = 64<LI>Call Chain = UartCmdSerialWrite &rArr; SHZNAPP_SerialResp &rArr; HalUARTWrite &rArr; UartCmdSendMsg &rArr; UartCmdSendData
</UL>
<BR>[Calls]<UL><LI><a href="#[61]">&gt;&gt;</a>&nbsp;&nbsp;&nbsp;SHZNAPP_SerialResp
<LI><a href="#[a8]">&gt;&gt;</a>&nbsp;&nbsp;&nbsp;__aeabi_memcpy
</UL>
<BR>[Called By]<UL><LI><a href="#[eb]">&gt;&gt;</a>&nbsp;&nbsp;&nbsp;UartCmdPrintString
<LI><a href="#[e9]">&gt;&gt;</a>&nbsp;&nbsp;&nbsp;UartCmdRs485Report
<LI><a href="#[119]">&gt;&gt;</a>&nbsp;&nbsp;&nbsp;Disp_Move2DstState
</UL>

<P><STRONG><a name="[e9]"></a>UartCmdRs485Report</STRONG> (Thumb, 6 bytes, Stack size 0 bytes, uartcmd.o(.text), UNUSED)
<BR><BR>[Calls]<UL><LI><a href="#[e8]">&gt;&gt;</a>&nbsp;&nbsp;&nbsp;UartCmdSerialWrite
</UL>

<P><STRONG><a name="[ea]"></a>HalUARTWrite</STRONG> (Thumb, 24 bytes, Stack size 8 bytes, uartcmd.o(.text))
<BR><BR>[Stack]<UL><LI>Max Depth = 32<LI>Call Chain = HalUARTWrite &rArr; UartCmdSendMsg &rArr; UartCmdSendData
</UL>
<BR>[Calls]<UL><LI><a href="#[e7]">&gt;&gt;</a>&nbsp;&nbsp;&nbsp;UartCmdSendMsg
</UL>
<BR>[Called By]<UL><LI><a href="#[61]">&gt;&gt;</a>&nbsp;&nbsp;&nbsp;SHZNAPP_SerialResp
</UL>

<P><STRONG><a name="[fd]"></a>HalUARTRead</STRONG> (Thumb, 38 bytes, Stack size 0 bytes, uartcmd.o(.text))
<BR><BR>[Called By]<UL><LI><a href="#[e1]">&gt;&gt;</a>&nbsp;&nbsp;&nbsp;SHZNAPP_SerialParse
</UL>

<P><STRONG><a name="[eb]"></a>UartCmdPrintString</STRONG> (Thumb, 20 bytes, Stack size 8 bytes, uartcmd.o(.text))
<BR><BR>[Stack]<UL><LI>Max Depth = 72<LI>Call Chain = UartCmdPrintString &rArr; UartCmdSerialWrite &rArr; SHZNAPP_SerialResp &rArr; HalUARTWrite &rArr; UartCmdSendMsg &rArr; UartCmdSendData
</UL>
<BR>[Calls]<UL><LI><a href="#[e8]">&gt;&gt;</a>&nbsp;&nbsp;&nbsp;UartCmdSerialWrite
<LI><a href="#[ec]">&gt;&gt;</a>&nbsp;&nbsp;&nbsp;strlen
</UL>
<BR>[Called By]<UL><LI><a href="#[74]">&gt;&gt;</a>&nbsp;&nbsp;&nbsp;UartCmdPrintf
</UL>

<P><STRONG><a name="[74]"></a>UartCmdPrintf</STRONG> (Thumb, 36 bytes, Stack size 88 bytes, uartcmd.o(.text))
<BR><BR>[Stack]<UL><LI>Max Depth = 160<LI>Call Chain = UartCmdPrintf &rArr; UartCmdPrintString &rArr; UartCmdSerialWrite &rArr; SHZNAPP_SerialResp &rArr; HalUARTWrite &rArr; UartCmdSendMsg &rArr; UartCmdSendData
</UL>
<BR>[Calls]<UL><LI><a href="#[eb]">&gt;&gt;</a>&nbsp;&nbsp;&nbsp;UartCmdPrintString
<LI><a href="#[ed]">&gt;&gt;</a>&nbsp;&nbsp;&nbsp;__c89vsprintf
</UL>
<BR>[Called By]<UL><LI><a href="#[67]">&gt;&gt;</a>&nbsp;&nbsp;&nbsp;MainInit
<LI><a href="#[1f6]">&gt;&gt;</a>&nbsp;&nbsp;&nbsp;Storage_Init
<LI><a href="#[1ec]">&gt;&gt;</a>&nbsp;&nbsp;&nbsp;Disp_Adc_proc
<LI><a href="#[179]">&gt;&gt;</a>&nbsp;&nbsp;&nbsp;Disp_ntw_msg_cb
<LI><a href="#[176]">&gt;&gt;</a>&nbsp;&nbsp;&nbsp;Disp_qtw_msg_cb
<LI><a href="#[166]">&gt;&gt;</a>&nbsp;&nbsp;&nbsp;Disp_uf_clean_msg_cb
<LI><a href="#[11e]">&gt;&gt;</a>&nbsp;&nbsp;&nbsp;Disp_get_temperature
<LI><a href="#[11c]">&gt;&gt;</a>&nbsp;&nbsp;&nbsp;Disp_get_conduct
<LI><a href="#[10e]">&gt;&gt;</a>&nbsp;&nbsp;&nbsp;Disp_WriteQtwVolume
<LI><a href="#[10d]">&gt;&gt;</a>&nbsp;&nbsp;&nbsp;Disp_ReadQtwVolume
<LI><a href="#[107]">&gt;&gt;</a>&nbsp;&nbsp;&nbsp;Disp_ReadInfo
</UL>

<P><STRONG><a name="[68]"></a>UartCmdSetLogLevel</STRONG> (Thumb, 10 bytes, Stack size 0 bytes, uartcmd.o(.text))
<BR><BR>[Called By]<UL><LI><a href="#[67]">&gt;&gt;</a>&nbsp;&nbsp;&nbsp;MainInit
</UL>

<P><STRONG><a name="[ee]"></a>Att_value_split</STRONG> (Thumb, 28 bytes, Stack size 16 bytes, at.o(.text))
<BR><BR>[Stack]<UL><LI>Max Depth = 16<LI>Call Chain = Att_value_split
</UL>
<BR>[Calls]<UL><LI><a href="#[ef]">&gt;&gt;</a>&nbsp;&nbsp;&nbsp;strchr
</UL>
<BR>[Called By]<UL><LI><a href="#[f9]">&gt;&gt;</a>&nbsp;&nbsp;&nbsp;Disp_DataHandler
<LI><a href="#[f3]">&gt;&gt;</a>&nbsp;&nbsp;&nbsp;appAtCmd
</UL>

<P><STRONG><a name="[f0]"></a>att_helper_trim</STRONG> (Thumb, 76 bytes, Stack size 16 bytes, at.o(.text))
<BR><BR>[Stack]<UL><LI>Max Depth = 16<LI>Call Chain = att_helper_trim
</UL>
<BR>[Calls]<UL><LI><a href="#[ec]">&gt;&gt;</a>&nbsp;&nbsp;&nbsp;strlen
<LI><a href="#[f1]">&gt;&gt;</a>&nbsp;&nbsp;&nbsp;__rt_ctype_table
</UL>
<BR>[Called By]<UL><LI><a href="#[f3]">&gt;&gt;</a>&nbsp;&nbsp;&nbsp;appAtCmd
<LI><a href="#[f2]">&gt;&gt;</a>&nbsp;&nbsp;&nbsp;Att_value_parse
</UL>

<P><STRONG><a name="[f2]"></a>Att_value_parse</STRONG> (Thumb, 44 bytes, Stack size 16 bytes, at.o(.text))
<BR><BR>[Stack]<UL><LI>Max Depth = 32<LI>Call Chain = Att_value_parse &rArr; att_helper_trim
</UL>
<BR>[Calls]<UL><LI><a href="#[f0]">&gt;&gt;</a>&nbsp;&nbsp;&nbsp;att_helper_trim
<LI><a href="#[ef]">&gt;&gt;</a>&nbsp;&nbsp;&nbsp;strchr
</UL>
<BR>[Called By]<UL><LI><a href="#[f3]">&gt;&gt;</a>&nbsp;&nbsp;&nbsp;appAtCmd
</UL>

<P><STRONG><a name="[f3]"></a>appAtCmd</STRONG> (Thumb, 512 bytes, Stack size 40 bytes, at.o(.text))
<BR><BR>[Stack]<UL><LI>Max Depth = 212<LI>Call Chain = appAtCmd &rArr; Config_SetItem &rArr; osal_snv_write &rArr; compactPage &rArr; setActivePage &rArr; writeWord &rArr; HalFlashWrite &rArr; FLASH_ProgramWord &rArr; FLASH_WaitForLastOperation
</UL>
<BR>[Calls]<UL><LI><a href="#[f2]">&gt;&gt;</a>&nbsp;&nbsp;&nbsp;Att_value_parse
<LI><a href="#[f0]">&gt;&gt;</a>&nbsp;&nbsp;&nbsp;att_helper_trim
<LI><a href="#[ee]">&gt;&gt;</a>&nbsp;&nbsp;&nbsp;Att_value_split
<LI><a href="#[a2]">&gt;&gt;</a>&nbsp;&nbsp;&nbsp;Config_SetItem
<LI><a href="#[f4]">&gt;&gt;</a>&nbsp;&nbsp;&nbsp;strncmp
<LI><a href="#[a6]">&gt;&gt;</a>&nbsp;&nbsp;&nbsp;strcpy
<LI><a href="#[f5]">&gt;&gt;</a>&nbsp;&nbsp;&nbsp;strcmp
<LI><a href="#[ec]">&gt;&gt;</a>&nbsp;&nbsp;&nbsp;strlen
<LI><a href="#[a8]">&gt;&gt;</a>&nbsp;&nbsp;&nbsp;__aeabi_memcpy
<LI><a href="#[f7]">&gt;&gt;</a>&nbsp;&nbsp;&nbsp;atoi
<LI><a href="#[f6]">&gt;&gt;</a>&nbsp;&nbsp;&nbsp;__2sprintf
</UL>
<BR>[Called By]<UL><LI><a href="#[63]">&gt;&gt;</a>&nbsp;&nbsp;&nbsp;SHZNAPP_SerialAppProc
</UL>

<P><STRONG><a name="[63]"></a>SHZNAPP_SerialAppProc</STRONG> (Thumb, 196 bytes, Stack size 24 bytes, sapp.o(.text))
<BR><BR>[Stack]<UL><LI>Max Depth = 576 + Unknown Stack Size
<LI>Call Chain = SHZNAPP_SerialAppProc &rArr; Disp_DataHandler &rArr; Storage_AddUser &rArr; Storage_GetUser &rArr; f_open &rArr; follow_path &rArr; dir_next &rArr; create_chain &rArr; put_fat &rArr; move_window &rArr; disk_write &rArr; SD_WriteMultiSector &rArr; SD_WriteSingleBlock &rArr; SD_BlockCommand &rArr; SD_SendCmd &rArr; SPI_ReadWriteByte
</UL>
<BR>[Calls]<UL><LI><a href="#[f8]">&gt;&gt;</a>&nbsp;&nbsp;&nbsp;osal_snv_reset
<LI><a href="#[fa]">&gt;&gt;</a>&nbsp;&nbsp;&nbsp;Disp_InnerHandler
<LI><a href="#[f9]">&gt;&gt;</a>&nbsp;&nbsp;&nbsp;Disp_DataHandler
<LI><a href="#[f3]">&gt;&gt;</a>&nbsp;&nbsp;&nbsp;appAtCmd
<LI><a href="#[bc]">&gt;&gt;</a>&nbsp;&nbsp;&nbsp;Config_Sapp_Entry
<LI><a href="#[a8]">&gt;&gt;</a>&nbsp;&nbsp;&nbsp;__aeabi_memcpy
</UL>
<BR>[Called By]<UL><LI><a href="#[5e]">&gt;&gt;</a>&nbsp;&nbsp;&nbsp;MainSappProc
</UL>

<P><STRONG><a name="[64]"></a>SHZNAPP_SerialBootProc</STRONG> (Thumb, 118 bytes, Stack size 16 bytes, sapp.o(.text))
<BR><BR>[Stack]<UL><LI>Max Depth = 16<LI>Call Chain = SHZNAPP_SerialBootProc
</UL>
<BR>[Calls]<UL><LI><a href="#[fb]">&gt;&gt;</a>&nbsp;&nbsp;&nbsp;GetDeviceElecId
<LI><a href="#[fc]">&gt;&gt;</a>&nbsp;&nbsp;&nbsp;Config_GetVersion
<LI><a href="#[ec]">&gt;&gt;</a>&nbsp;&nbsp;&nbsp;strlen
<LI><a href="#[a8]">&gt;&gt;</a>&nbsp;&nbsp;&nbsp;__aeabi_memcpy
</UL>
<BR>[Called By]<UL><LI><a href="#[5e]">&gt;&gt;</a>&nbsp;&nbsp;&nbsp;MainSappProc
</UL>

<P><STRONG><a name="[60]"></a>SHZNAPP_SerialUnknowProc</STRONG> (Thumb, 30 bytes, Stack size 0 bytes, sapp.o(.text))
<BR><BR>[Called By]<UL><LI><a href="#[5e]">&gt;&gt;</a>&nbsp;&nbsp;&nbsp;MainSappProc
</UL>

<P><STRONG><a name="[61]"></a>SHZNAPP_SerialResp</STRONG> (Thumb, 64 bytes, Stack size 16 bytes, sapp.o(.text))
<BR><BR>[Stack]<UL><LI>Max Depth = 48<LI>Call Chain = SHZNAPP_SerialResp &rArr; HalUARTWrite &rArr; UartCmdSendMsg &rArr; UartCmdSendData
</UL>
<BR>[Calls]<UL><LI><a href="#[ea]">&gt;&gt;</a>&nbsp;&nbsp;&nbsp;HalUARTWrite
</UL>
<BR>[Called By]<UL><LI><a href="#[e8]">&gt;&gt;</a>&nbsp;&nbsp;&nbsp;UartCmdSerialWrite
<LI><a href="#[a7]">&gt;&gt;</a>&nbsp;&nbsp;&nbsp;Config_Sapp_Cmd
<LI><a href="#[5e]">&gt;&gt;</a>&nbsp;&nbsp;&nbsp;MainSappProc
</UL>

<P><STRONG><a name="[e1]"></a>SHZNAPP_SerialParse</STRONG> (Thumb, 150 bytes, Stack size 24 bytes, sapp.o(.text))
<BR><BR>[Stack]<UL><LI>Max Depth = 100 + Unknown Stack Size
<LI>Call Chain = SHZNAPP_SerialParse &rArr; MessageSend &rArr; queueMessage &rArr; VOS_SemP &rArr; OSSemPost &rArr; OS_EventTaskRdy
</UL>
<BR>[Calls]<UL><LI><a href="#[fd]">&gt;&gt;</a>&nbsp;&nbsp;&nbsp;HalUARTRead
<LI><a href="#[84]">&gt;&gt;</a>&nbsp;&nbsp;&nbsp;MessageSend
<LI><a href="#[83]">&gt;&gt;</a>&nbsp;&nbsp;&nbsp;MessageAlloc
</UL>
<BR>[Called By]<UL><LI><a href="#[e0]">&gt;&gt;</a>&nbsp;&nbsp;&nbsp;UartCmdCallback
</UL>

<P><STRONG><a name="[390]"></a>SHZNAPP_CanParse</STRONG> (Thumb, 118 bytes, Stack size 16 bytes, sapp.o(.text), UNUSED)

<P><STRONG><a name="[391]"></a>SHZNAPP_SetTgtType</STRONG> (Thumb, 6 bytes, Stack size 0 bytes, sapp.o(.text), UNUSED)

<P><STRONG><a name="[e3]"></a>SHZNAPP_SerialInit</STRONG> (Thumb, 18 bytes, Stack size 0 bytes, sapp.o(.text))
<BR><BR>[Called By]<UL><LI><a href="#[70]">&gt;&gt;</a>&nbsp;&nbsp;&nbsp;UartCmdInit
</UL>

<P><STRONG><a name="[fe]"></a>Printf_Init</STRONG> (Thumb, 8 bytes, Stack size 0 bytes, printf.o(.text), UNUSED)
<BR><BR>[Calls]<UL><LI><a href="#[a1]">&gt;&gt;</a>&nbsp;&nbsp;&nbsp;__2printf
</UL>

<P><STRONG><a name="[4d]"></a>fputc</STRONG> (Thumb, 30 bytes, Stack size 16 bytes, printf.o(.text))
<BR><BR>[Stack]<UL><LI>Max Depth = 16<LI>Call Chain = fputc
</UL>
<BR>[Calls]<UL><LI><a href="#[e5]">&gt;&gt;</a>&nbsp;&nbsp;&nbsp;USART_SendData
<LI><a href="#[e6]">&gt;&gt;</a>&nbsp;&nbsp;&nbsp;USART_GetFlagStatus
</UL>
<BR>[Address Reference Count : 2]<UL><LI> printf8.o(i.__0printf$8)
<LI> printfa.o(i.__0vprintf)
</UL>
<P><STRONG><a name="[392]"></a>AD7799_sh</STRONG> (Thumb, 4 bytes, Stack size 0 bytes, ad7799.o(.text), UNUSED)

<P><STRONG><a name="[78]"></a>AD7799_Init</STRONG> (Thumb, 64 bytes, Stack size 16 bytes, ad7799.o(.text))
<BR><BR>[Stack]<UL><LI>Max Depth = 96 + Unknown Stack Size
<LI>Call Chain = AD7799_Init &rArr; sAD7799_Calibrate &rArr; sAD7799_WriteReg &rArr; sAD7799_Write_Bytes_Helper &rArr; sAD7799_SendByte
</UL>
<BR>[Calls]<UL><LI><a href="#[ff]">&gt;&gt;</a>&nbsp;&nbsp;&nbsp;sAD7799_Reset
<LI><a href="#[100]">&gt;&gt;</a>&nbsp;&nbsp;&nbsp;sAD7799_ReadReg
<LI><a href="#[101]">&gt;&gt;</a>&nbsp;&nbsp;&nbsp;sAD7799_Calibrate
<LI><a href="#[8a]">&gt;&gt;</a>&nbsp;&nbsp;&nbsp;OSTimeDlyHMSM
</UL>
<BR>[Called By]<UL><LI><a href="#[67]">&gt;&gt;</a>&nbsp;&nbsp;&nbsp;MainInit
</UL>

<P><STRONG><a name="[102]"></a>AD7799_Start</STRONG> (Thumb, 52 bytes, Stack size 16 bytes, ad7799.o(.text))
<BR><BR>[Stack]<UL><LI>Max Depth = 80<LI>Call Chain = AD7799_Start &rArr; sAD7799_WriteReg &rArr; sAD7799_Write_Bytes_Helper &rArr; sAD7799_SendByte
</UL>
<BR>[Calls]<UL><LI><a href="#[103]">&gt;&gt;</a>&nbsp;&nbsp;&nbsp;sAD7799_WriteReg
</UL>
<BR>[Called By]<UL><LI><a href="#[11e]">&gt;&gt;</a>&nbsp;&nbsp;&nbsp;Disp_get_temperature
<LI><a href="#[11c]">&gt;&gt;</a>&nbsp;&nbsp;&nbsp;Disp_get_conduct
</UL>

<P><STRONG><a name="[104]"></a>AD7799_Read</STRONG> (Thumb, 42 bytes, Stack size 8 bytes, ad7799.o(.text))
<BR><BR>[Stack]<UL><LI>Max Depth = 72<LI>Call Chain = AD7799_Read &rArr; sAD7799_ReadReg &rArr; sAD7799_Read_Bytes_Helper &rArr; sAD7799_ReadByte &rArr; sAD7799_SendByte
</UL>
<BR>[Calls]<UL><LI><a href="#[100]">&gt;&gt;</a>&nbsp;&nbsp;&nbsp;sAD7799_ReadReg
</UL>
<BR>[Called By]<UL><LI><a href="#[11e]">&gt;&gt;</a>&nbsp;&nbsp;&nbsp;Disp_get_temperature
<LI><a href="#[11c]">&gt;&gt;</a>&nbsp;&nbsp;&nbsp;Disp_get_conduct
</UL>

<P><STRONG><a name="[134]"></a>Disp_SelectFont</STRONG> (Thumb, 14 bytes, Stack size 0 bytes, display.o(.text))
<BR><BR>[Called By]<UL><LI><a href="#[7a]">&gt;&gt;</a>&nbsp;&nbsp;&nbsp;Disp_Init
<LI><a href="#[133]">&gt;&gt;</a>&nbsp;&nbsp;&nbsp;Disp_Sensors_Item
</UL>

<P><STRONG><a name="[1cb]"></a>Disp_atof</STRONG> (Thumb, 160 bytes, Stack size 20 bytes, display.o(.text))
<BR><BR>[Stack]<UL><LI>Max Depth = 20<LI>Call Chain = Disp_atof
</UL>
<BR>[Called By]<UL><LI><a href="#[1cc]">&gt;&gt;</a>&nbsp;&nbsp;&nbsp;Disp_EngSetSetTempConstant
<LI><a href="#[1ca]">&gt;&gt;</a>&nbsp;&nbsp;&nbsp;Disp_EngSetSetCellConstant
</UL>

<P><STRONG><a name="[105]"></a>Disp_ValveCtrl</STRONG> (Thumb, 342 bytes, Stack size 8 bytes, display.o(.text))
<BR><BR>[Stack]<UL><LI>Max Depth = 24<LI>Call Chain = Disp_ValveCtrl &rArr; RelayLogicCtrl &rArr; stm32_gpio_set_value
</UL>
<BR>[Calls]<UL><LI><a href="#[c0]">&gt;&gt;</a>&nbsp;&nbsp;&nbsp;RelayLogicCtrl
</UL>
<BR>[Called By]<UL><LI><a href="#[7a]">&gt;&gt;</a>&nbsp;&nbsp;&nbsp;Disp_Init
<LI><a href="#[119]">&gt;&gt;</a>&nbsp;&nbsp;&nbsp;Disp_Move2DstState
</UL>

<P><STRONG><a name="[106]"></a>Disp_Select_Sensor</STRONG> (Thumb, 40 bytes, Stack size 16 bytes, display.o(.text))
<BR><BR>[Stack]<UL><LI>Max Depth = 32<LI>Call Chain = Disp_Select_Sensor &rArr; RelayLogicCtrl &rArr; stm32_gpio_set_value
</UL>
<BR>[Calls]<UL><LI><a href="#[c0]">&gt;&gt;</a>&nbsp;&nbsp;&nbsp;RelayLogicCtrl
</UL>
<BR>[Called By]<UL><LI><a href="#[1ec]">&gt;&gt;</a>&nbsp;&nbsp;&nbsp;Disp_Adc_proc
<LI><a href="#[158]">&gt;&gt;</a>&nbsp;&nbsp;&nbsp;Disp_Move2TOCFlush
<LI><a href="#[150]">&gt;&gt;</a>&nbsp;&nbsp;&nbsp;Disp_toc_fast_meas_msg_cb
<LI><a href="#[14e]">&gt;&gt;</a>&nbsp;&nbsp;&nbsp;Disp_AddAdcChl
</UL>

<P><STRONG><a name="[107]"></a>Disp_ReadInfo</STRONG> (Thumb, 98 bytes, Stack size 16 bytes, display.o(.text))
<BR><BR>[Stack]<UL><LI>Max Depth = 176<LI>Call Chain = Disp_ReadInfo &rArr; UartCmdPrintf &rArr; UartCmdPrintString &rArr; UartCmdSerialWrite &rArr; SHZNAPP_SerialResp &rArr; HalUARTWrite &rArr; UartCmdSendMsg &rArr; UartCmdSendData
</UL>
<BR>[Calls]<UL><LI><a href="#[74]">&gt;&gt;</a>&nbsp;&nbsp;&nbsp;UartCmdPrintf
<LI><a href="#[109]">&gt;&gt;</a>&nbsp;&nbsp;&nbsp;Storage_ReadRunTimeInfo
<LI><a href="#[108]">&gt;&gt;</a>&nbsp;&nbsp;&nbsp;RTC_ReadBackup
<LI><a href="#[10a]">&gt;&gt;</a>&nbsp;&nbsp;&nbsp;RTC_Get_Second
</UL>
<BR>[Called By]<UL><LI><a href="#[7a]">&gt;&gt;</a>&nbsp;&nbsp;&nbsp;Disp_Init
</UL>

<P><STRONG><a name="[10b]"></a>Disp_WriteInfo</STRONG> (Thumb, 10 bytes, Stack size 0 bytes, display.o(.text))
<BR><BR>[Stack]<UL><LI>Max Depth = 32<LI>Call Chain = Disp_WriteInfo &rArr; RTC_WriteBackup &rArr; BKP_WriteBackupRegister
</UL>
<BR>[Calls]<UL><LI><a href="#[10c]">&gt;&gt;</a>&nbsp;&nbsp;&nbsp;RTC_WriteBackup
</UL>
<BR>[Called By]<UL><LI><a href="#[f9]">&gt;&gt;</a>&nbsp;&nbsp;&nbsp;Disp_DataHandler
<LI><a href="#[1c6]">&gt;&gt;</a>&nbsp;&nbsp;&nbsp;Disp_SaveInfo
<LI><a href="#[1c5]">&gt;&gt;</a>&nbsp;&nbsp;&nbsp;Disp_Us_SetSaveConfig
</UL>

<P><STRONG><a name="[10d]"></a>Disp_ReadQtwVolume</STRONG> (Thumb, 48 bytes, Stack size 8 bytes, display.o(.text))
<BR><BR>[Stack]<UL><LI>Max Depth = 168<LI>Call Chain = Disp_ReadQtwVolume &rArr; UartCmdPrintf &rArr; UartCmdPrintString &rArr; UartCmdSerialWrite &rArr; SHZNAPP_SerialResp &rArr; HalUARTWrite &rArr; UartCmdSendMsg &rArr; UartCmdSendData
</UL>
<BR>[Calls]<UL><LI><a href="#[74]">&gt;&gt;</a>&nbsp;&nbsp;&nbsp;UartCmdPrintf
<LI><a href="#[108]">&gt;&gt;</a>&nbsp;&nbsp;&nbsp;RTC_ReadBackup
</UL>
<BR>[Called By]<UL><LI><a href="#[7a]">&gt;&gt;</a>&nbsp;&nbsp;&nbsp;Disp_Init
<LI><a href="#[10f]">&gt;&gt;</a>&nbsp;&nbsp;&nbsp;Disp_SaveQtwVolume
</UL>

<P><STRONG><a name="[10e]"></a>Disp_WriteQtwVolume</STRONG> (Thumb, 30 bytes, Stack size 8 bytes, display.o(.text))
<BR><BR>[Stack]<UL><LI>Max Depth = 168<LI>Call Chain = Disp_WriteQtwVolume &rArr; UartCmdPrintf &rArr; UartCmdPrintString &rArr; UartCmdSerialWrite &rArr; SHZNAPP_SerialResp &rArr; HalUARTWrite &rArr; UartCmdSendMsg &rArr; UartCmdSendData
</UL>
<BR>[Calls]<UL><LI><a href="#[74]">&gt;&gt;</a>&nbsp;&nbsp;&nbsp;UartCmdPrintf
<LI><a href="#[10c]">&gt;&gt;</a>&nbsp;&nbsp;&nbsp;RTC_WriteBackup
</UL>
<BR>[Called By]<UL><LI><a href="#[10f]">&gt;&gt;</a>&nbsp;&nbsp;&nbsp;Disp_SaveQtwVolume
</UL>

<P><STRONG><a name="[10f]"></a>Disp_SaveQtwVolume</STRONG> (Thumb, 34 bytes, Stack size 16 bytes, display.o(.text))
<BR><BR>[Stack]<UL><LI>Max Depth = 184<LI>Call Chain = Disp_SaveQtwVolume &rArr; Disp_WriteQtwVolume &rArr; UartCmdPrintf &rArr; UartCmdPrintString &rArr; UartCmdSerialWrite &rArr; SHZNAPP_SerialResp &rArr; HalUARTWrite &rArr; UartCmdSendMsg &rArr; UartCmdSendData
</UL>
<BR>[Calls]<UL><LI><a href="#[10e]">&gt;&gt;</a>&nbsp;&nbsp;&nbsp;Disp_WriteQtwVolume
[...]
<LI><a href="#[73]">&gt;&gt;</a>&nbsp;&nbsp;&nbsp;osal_snv_init
</UL>

<P><STRONG><a name="[2ad]"></a>writeWord</STRONG> (Thumb, 52 bytes, Stack size 16 bytes, osal_snv.o(.text))
<BR><BR>[Stack]<UL><LI>Max Depth = 68<LI>Call Chain = writeWord &rArr; HalFlashWrite &rArr; FLASH_ProgramWord &rArr; FLASH_WaitForLastOperation
</UL>
<BR>[Calls]<UL><LI><a href="#[2b1]">&gt;&gt;</a>&nbsp;&nbsp;&nbsp;HalFlashWrite
<LI><a href="#[2a8]">&gt;&gt;</a>&nbsp;&nbsp;&nbsp;verifyWordM
</UL>
<BR>[Called By]<UL><LI><a href="#[a3]">&gt;&gt;</a>&nbsp;&nbsp;&nbsp;osal_snv_write
<LI><a href="#[2b0]">&gt;&gt;</a>&nbsp;&nbsp;&nbsp;setXferPage
<LI><a href="#[2ac]">&gt;&gt;</a>&nbsp;&nbsp;&nbsp;setActivePage
<LI><a href="#[2ab]">&gt;&gt;</a>&nbsp;&nbsp;&nbsp;compactPage
</UL>

<P><STRONG><a name="[2ac]"></a>setActivePage</STRONG> (Thumb, 32 bytes, Stack size 16 bytes, osal_snv.o(.text))
<BR><BR>[Stack]<UL><LI>Max Depth = 84<LI>Call Chain = setActivePage &rArr; writeWord &rArr; HalFlashWrite &rArr; FLASH_ProgramWord &rArr; FLASH_WaitForLastOperation
</UL>
<BR>[Calls]<UL><LI><a href="#[2ad]">&gt;&gt;</a>&nbsp;&nbsp;&nbsp;writeWord
</UL>
<BR>[Called By]<UL><LI><a href="#[2ae]">&gt;&gt;</a>&nbsp;&nbsp;&nbsp;initNV
<LI><a href="#[2ab]">&gt;&gt;</a>&nbsp;&nbsp;&nbsp;compactPage
</UL>

<P><STRONG><a name="[2af]"></a>cleanErasedPage</STRONG> (Thumb, 48 bytes, Stack size 24 bytes, osal_snv.o(.text))
<BR><BR>[Stack]<UL><LI>Max Depth = 84<LI>Call Chain = cleanErasedPage &rArr; erasePage &rArr; HalFlashErase &rArr; FLASH_ErasePage &rArr; FLASH_WaitForLastOperation
</UL>
<BR>[Calls]<UL><LI><a href="#[2a5]">&gt;&gt;</a>&nbsp;&nbsp;&nbsp;HalFlashRead
<LI><a href="#[2a6]">&gt;&gt;</a>&nbsp;&nbsp;&nbsp;erasePage
</UL>
<BR>[Called By]<UL><LI><a href="#[2ae]">&gt;&gt;</a>&nbsp;&nbsp;&nbsp;initNV
</UL>

<P><STRONG><a name="[2b0]"></a>setXferPage</STRONG> (Thumb, 20 bytes, Stack size 8 bytes, osal_snv.o(.text))
<BR><BR>[Stack]<UL><LI>Max Depth = 76<LI>Call Chain = setXferPage &rArr; writeWord &rArr; HalFlashWrite &rArr; FLASH_ProgramWord &rArr; FLASH_WaitForLastOperation
</UL>
<BR>[Calls]<UL><LI><a href="#[2ad]">&gt;&gt;</a>&nbsp;&nbsp;&nbsp;writeWord
</UL>
<BR>[Called By]<UL><LI><a href="#[a3]">&gt;&gt;</a>&nbsp;&nbsp;&nbsp;osal_snv_write
<LI><a href="#[2b2]">&gt;&gt;</a>&nbsp;&nbsp;&nbsp;osal_snv_compact
</UL>

<P><STRONG><a name="[2cf]"></a>OS_SchedNew</STRONG> (Thumb, 34 bytes, Stack size 0 bytes, os_core.o(.text))
<BR><BR>[Called By]<UL><LI><a href="#[48]">&gt;&gt;</a>&nbsp;&nbsp;&nbsp;OSIntExit
<LI><a href="#[90]">&gt;&gt;</a>&nbsp;&nbsp;&nbsp;OSStart
<LI><a href="#[2d2]">&gt;&gt;</a>&nbsp;&nbsp;&nbsp;OS_Sched
</UL>

<P><STRONG><a name="[2f5]"></a>move_window</STRONG> (Thumb, 106 bytes, Stack size 24 bytes, ff.o(.text))
<BR><BR>[Stack]<UL><LI>Max Depth = 120<LI>Call Chain = move_window &rArr; disk_write &rArr; SD_WriteMultiSector &rArr; SD_WriteSingleBlock &rArr; SD_BlockCommand &rArr; SD_SendCmd &rArr; SPI_ReadWriteByte
</UL>
<BR>[Calls]<UL><LI><a href="#[2f6]">&gt;&gt;</a>&nbsp;&nbsp;&nbsp;disk_write
<LI><a href="#[2f7]">&gt;&gt;</a>&nbsp;&nbsp;&nbsp;disk_read
</UL>
<BR>[Called By]<UL><LI><a href="#[20f]">&gt;&gt;</a>&nbsp;&nbsp;&nbsp;f_write
<LI><a href="#[211]">&gt;&gt;</a>&nbsp;&nbsp;&nbsp;f_read
<LI><a href="#[20e]">&gt;&gt;</a>&nbsp;&nbsp;&nbsp;f_open
<LI><a href="#[31b]">&gt;&gt;</a>&nbsp;&nbsp;&nbsp;f_rename
<LI><a href="#[318]">&gt;&gt;</a>&nbsp;&nbsp;&nbsp;f_mkdir
<LI><a href="#[316]">&gt;&gt;</a>&nbsp;&nbsp;&nbsp;f_getfree
<LI><a href="#[30e]">&gt;&gt;</a>&nbsp;&nbsp;&nbsp;f_sync
<LI><a href="#[2fc]">&gt;&gt;</a>&nbsp;&nbsp;&nbsp;put_fat
<LI><a href="#[2fb]">&gt;&gt;</a>&nbsp;&nbsp;&nbsp;get_fat
<LI><a href="#[307]">&gt;&gt;</a>&nbsp;&nbsp;&nbsp;follow_path
<LI><a href="#[305]">&gt;&gt;</a>&nbsp;&nbsp;&nbsp;dir_remove
<LI><a href="#[303]">&gt;&gt;</a>&nbsp;&nbsp;&nbsp;dir_register
<LI><a href="#[302]">&gt;&gt;</a>&nbsp;&nbsp;&nbsp;dir_read
<LI><a href="#[301]">&gt;&gt;</a>&nbsp;&nbsp;&nbsp;dir_next
<LI><a href="#[2f8]">&gt;&gt;</a>&nbsp;&nbsp;&nbsp;sync
</UL>

<P><STRONG><a name="[2f8]"></a>sync</STRONG> (Thumb, 182 bytes, Stack size 24 bytes, ff.o(.text))
<BR><BR>[Stack]<UL><LI>Max Depth = 144<LI>Call Chain = sync &rArr; move_window &rArr; disk_write &rArr; SD_WriteMultiSector &rArr; SD_WriteSingleBlock &rArr; SD_BlockCommand &rArr; SD_SendCmd &rArr; SPI_ReadWriteByte
</UL>
<BR>[Calls]<UL><LI><a href="#[2f6]">&gt;&gt;</a>&nbsp;&nbsp;&nbsp;disk_write
<LI><a href="#[2fa]">&gt;&gt;</a>&nbsp;&nbsp;&nbsp;disk_ioctl
<LI><a href="#[2f9]">&gt;&gt;</a>&nbsp;&nbsp;&nbsp;mem_set
<LI><a href="#[2f5]">&gt;&gt;</a>&nbsp;&nbsp;&nbsp;move_window
</UL>
<BR>[Called By]<UL><LI><a href="#[212]">&gt;&gt;</a>&nbsp;&nbsp;&nbsp;f_unlink
<LI><a href="#[31b]">&gt;&gt;</a>&nbsp;&nbsp;&nbsp;f_rename
<LI><a href="#[31a]">&gt;&gt;</a>&nbsp;&nbsp;&nbsp;f_utime
<LI><a href="#[319]">&gt;&gt;</a>&nbsp;&nbsp;&nbsp;f_chmod
<LI><a href="#[318]">&gt;&gt;</a>&nbsp;&nbsp;&nbsp;f_mkdir
<LI><a href="#[30e]">&gt;&gt;</a>&nbsp;&nbsp;&nbsp;f_sync
</UL>

<P><STRONG><a name="[2fd]"></a>remove_chain</STRONG> (Thumb, 96 bytes, Stack size 24 bytes, ff.o(.text))
<BR><BR>[Stack]<UL><LI>Max Depth = 176<LI>Call Chain = remove_chain &rArr; put_fat &rArr; move_window &rArr; disk_write &rArr; SD_WriteMultiSector &rArr; SD_WriteSingleBlock &rArr; SD_BlockCommand &rArr; SD_SendCmd &rArr; SPI_ReadWriteByte
</UL>
<BR>[Calls]<UL><LI><a href="#[2fc]">&gt;&gt;</a>&nbsp;&nbsp;&nbsp;put_fat
<LI><a href="#[2fb]">&gt;&gt;</a>&nbsp;&nbsp;&nbsp;get_fat
</UL>
<BR>[Called By]<UL><LI><a href="#[212]">&gt;&gt;</a>&nbsp;&nbsp;&nbsp;f_unlink
<LI><a href="#[20e]">&gt;&gt;</a>&nbsp;&nbsp;&nbsp;f_open
<LI><a href="#[318]">&gt;&gt;</a>&nbsp;&nbsp;&nbsp;f_mkdir
<LI><a href="#[317]">&gt;&gt;</a>&nbsp;&nbsp;&nbsp;f_truncate
</UL>

<P><STRONG><a name="[2fe]"></a>create_chain</STRONG> (Thumb, 148 bytes, Stack size 24 bytes, ff.o(.text))
<BR><BR>[Stack]<UL><LI>Max Depth = 176<LI>Call Chain = create_chain &rArr; put_fat &rArr; move_window &rArr; disk_write &rArr; SD_WriteMultiSector &rArr; SD_WriteSingleBlock &rArr; SD_BlockCommand &rArr; SD_SendCmd &rArr; SPI_ReadWriteByte
</UL>
<BR>[Calls]<UL><LI><a href="#[2fc]">&gt;&gt;</a>&nbsp;&nbsp;&nbsp;put_fat
<LI><a href="#[2fb]">&gt;&gt;</a>&nbsp;&nbsp;&nbsp;get_fat
</UL>
<BR>[Called By]<UL><LI><a href="#[20f]">&gt;&gt;</a>&nbsp;&nbsp;&nbsp;f_write
<LI><a href="#[318]">&gt;&gt;</a>&nbsp;&nbsp;&nbsp;f_mkdir
<LI><a href="#[312]">&gt;&gt;</a>&nbsp;&nbsp;&nbsp;f_lseek
<LI><a href="#[301]">&gt;&gt;</a>&nbsp;&nbsp;&nbsp;dir_next
</UL>

<P><STRONG><a name="[2ff]"></a>dir_sdi</STRONG> (Thumb, 126 bytes, Stack size 16 bytes, ff.o(.text))
<BR><BR>[Stack]<UL><LI>Max Depth = 160<LI>Call Chain = dir_sdi &rArr; get_fat &rArr; move_window &rArr; disk_write &rArr; SD_WriteMultiSector &rArr; SD_WriteSingleBlock &rArr; SD_BlockCommand &rArr; SD_SendCmd &rArr; SPI_ReadWriteByte
</UL>
<BR>[Calls]<UL><LI><a href="#[2fb]">&gt;&gt;</a>&nbsp;&nbsp;&nbsp;get_fat
<LI><a href="#[300]">&gt;&gt;</a>&nbsp;&nbsp;&nbsp;clust2sect
</UL>
<BR>[Called By]<UL><LI><a href="#[212]">&gt;&gt;</a>&nbsp;&nbsp;&nbsp;f_unlink
<LI><a href="#[314]">&gt;&gt;</a>&nbsp;&nbsp;&nbsp;f_readdir
<LI><a href="#[313]">&gt;&gt;</a>&nbsp;&nbsp;&nbsp;f_opendir
<LI><a href="#[310]">&gt;&gt;</a>&nbsp;&nbsp;&nbsp;f_getcwd
<LI><a href="#[307]">&gt;&gt;</a>&nbsp;&nbsp;&nbsp;follow_path
<LI><a href="#[305]">&gt;&gt;</a>&nbsp;&nbsp;&nbsp;dir_remove
<LI><a href="#[303]">&gt;&gt;</a>&nbsp;&nbsp;&nbsp;dir_register
</UL>

<P><STRONG><a name="[301]"></a>dir_next</STRONG> (Thumb, 234 bytes, Stack size 24 bytes, ff.o(.text))
<BR><BR>[Stack]<UL><LI>Max Depth = 200<LI>Call Chain = dir_next &rArr; create_chain &rArr; put_fat &rArr; move_window &rArr; disk_write &rArr; SD_WriteMultiSector &rArr; SD_WriteSingleBlock &rArr; SD_BlockCommand &rArr; SD_SendCmd &rArr; SPI_ReadWriteByte
</UL>
<BR>[Calls]<UL><LI><a href="#[2fb]">&gt;&gt;</a>&nbsp;&nbsp;&nbsp;get_fat
<LI><a href="#[300]">&gt;&gt;</a>&nbsp;&nbsp;&nbsp;clust2sect
<LI><a href="#[2f9]">&gt;&gt;</a>&nbsp;&nbsp;&nbsp;mem_set
<LI><a href="#[2fe]">&gt;&gt;</a>&nbsp;&nbsp;&nbsp;create_chain
<LI><a href="#[2f5]">&gt;&gt;</a>&nbsp;&nbsp;&nbsp;move_window
</UL>
<BR>[Called By]<UL><LI><a href="#[314]">&gt;&gt;</a>&nbsp;&nbsp;&nbsp;f_readdir
<LI><a href="#[310]">&gt;&gt;</a>&nbsp;&nbsp;&nbsp;f_getcwd
<LI><a href="#[307]">&gt;&gt;</a>&nbsp;&nbsp;&nbsp;follow_path
<LI><a href="#[303]">&gt;&gt;</a>&nbsp;&nbsp;&nbsp;dir_register
<LI><a href="#[302]">&gt;&gt;</a>&nbsp;&nbsp;&nbsp;dir_read
</UL>

<P><STRONG><a name="[302]"></a>dir_read</STRONG> (Thumb, 64 bytes, Stack size 8 bytes, ff.o(.text))
<BR><BR>[Stack]<UL><LI>Max Depth = 208<LI>Call Chain = dir_read &rArr; dir_next &rArr; create_chain &rArr; put_fat &rArr; move_window &rArr; disk_write &rArr; SD_WriteMultiSector &rArr; SD_WriteSingleBlock &rArr; SD_BlockCommand &rArr; SD_SendCmd &rArr; SPI_ReadWriteByte
</UL>
<BR>[Calls]<UL><LI><a href="#[301]">&gt;&gt;</a>&nbsp;&nbsp;&nbsp;dir_next
<LI><a href="#[2f5]">&gt;&gt;</a>&nbsp;&nbsp;&nbsp;move_window
</UL>
<BR>[Called By]<UL><LI><a href="#[212]">&gt;&gt;</a>&nbsp;&nbsp;&nbsp;f_unlink
<LI><a href="#[314]">&gt;&gt;</a>&nbsp;&nbsp;&nbsp;f_readdir
<LI><a href="#[310]">&gt;&gt;</a>&nbsp;&nbsp;&nbsp;f_getcwd
</UL>

<P><STRONG><a name="[303]"></a>dir_register</STRONG> (Thumb, 92 bytes, Stack size 16 bytes, ff.o(.text))
<BR><BR>[Stack]<UL><LI>Max Depth = 216<LI>Call Chain = dir_register &rArr; dir_next &rArr; create_chain &rArr; put_fat &rArr; move_window &rArr; disk_write &rArr; SD_WriteMultiSector &rArr; SD_WriteSingleBlock &rArr; SD_BlockCommand &rArr; SD_SendCmd &rArr; SPI_ReadWriteByte
</UL>
<BR>[Calls]<UL><LI><a href="#[2f9]">&gt;&gt;</a>&nbsp;&nbsp;&nbsp;mem_set
<LI><a href="#[304]">&gt;&gt;</a>&nbsp;&nbsp;&nbsp;mem_cpy
<LI><a href="#[301]">&gt;&gt;</a>&nbsp;&nbsp;&nbsp;dir_next
<LI><a href="#[2ff]">&gt;&gt;</a>&nbsp;&nbsp;&nbsp;dir_sdi
<LI><a href="#[2f5]">&gt;&gt;</a>&nbsp;&nbsp;&nbsp;move_window
</UL>
<BR>[Called By]<UL><LI><a href="#[20e]">&gt;&gt;</a>&nbsp;&nbsp;&nbsp;f_open
<LI><a href="#[31b]">&gt;&gt;</a>&nbsp;&nbsp;&nbsp;f_rename
<LI><a href="#[318]">&gt;&gt;</a>&nbsp;&nbsp;&nbsp;f_mkdir
</UL>

<P><STRONG><a name="[305]"></a>dir_remove</STRONG> (Thumb, 40 bytes, Stack size 8 bytes, ff.o(.text))
<BR><BR>[Stack]<UL><LI>Max Depth = 168<LI>Call Chain = dir_remove &rArr; dir_sdi &rArr; get_fat &rArr; move_window &rArr; disk_write &rArr; SD_WriteMultiSector &rArr; SD_WriteSingleBlock &rArr; SD_BlockCommand &rArr; SD_SendCmd &rArr; SPI_ReadWriteByte
</UL>
<BR>[Calls]<UL><LI><a href="#[2ff]">&gt;&gt;</a>&nbsp;&nbsp;&nbsp;dir_sdi
<LI><a href="#[2f5]">&gt;&gt;</a>&nbsp;&nbsp;&nbsp;move_window
</UL>
<BR>[Called By]<UL><LI><a href="#[212]">&gt;&gt;</a>&nbsp;&nbsp;&nbsp;f_unlink
<LI><a href="#[31b]">&gt;&gt;</a>&nbsp;&nbsp;&nbsp;f_rename
</UL>

<P><STRONG><a name="[306]"></a>create_name</STRONG> (Thumb, 324 bytes, Stack size 32 bytes, ff.o(.text))
<BR><BR>[Stack]<UL><LI>Max Depth = 32<LI>Call Chain = create_name
</UL>
<BR>[Calls]<UL><LI><a href="#[2f9]">&gt;&gt;</a>&nbsp;&nbsp;&nbsp;mem_set
</UL>
<BR>[Called By]<UL><LI><a href="#[307]">&gt;&gt;</a>&nbsp;&nbsp;&nbsp;follow_path
</UL>

<P><STRONG><a name="[311]"></a>get_fileinfo</STRONG> (Thumb, 96 bytes, Stack size 8 bytes, ff.o(.text), UNUSED)
<BR><BR>[Called By]<UL><LI><a href="#[315]">&gt;&gt;</a>&nbsp;&nbsp;&nbsp;f_stat
<LI><a href="#[314]">&gt;&gt;</a>&nbsp;&nbsp;&nbsp;f_readdir
<LI><a href="#[310]">&gt;&gt;</a>&nbsp;&nbsp;&nbsp;f_getcwd
</UL>

<P><STRONG><a name="[307]"></a>follow_path</STRONG> (Thumb, 200 bytes, Stack size 32 bytes, ff.o(.text))
<BR><BR>[Stack]<UL><LI>Max Depth = 232<LI>Call Chain = follow_path &rArr; dir_next &rArr; create_chain &rArr; put_fat &rArr; move_window &rArr; disk_write &rArr; SD_WriteMultiSector &rArr; SD_WriteSingleBlock &rArr; SD_BlockCommand &rArr; SD_SendCmd &rArr; SPI_ReadWriteByte
</UL>
<BR>[Calls]<UL><LI><a href="#[306]">&gt;&gt;</a>&nbsp;&nbsp;&nbsp;create_name
<LI><a href="#[301]">&gt;&gt;</a>&nbsp;&nbsp;&nbsp;dir_next
<LI><a href="#[2ff]">&gt;&gt;</a>&nbsp;&nbsp;&nbsp;dir_sdi
<LI><a href="#[2f5]">&gt;&gt;</a>&nbsp;&nbsp;&nbsp;move_window
</UL>
<BR>[Called By]<UL><LI><a href="#[212]">&gt;&gt;</a>&nbsp;&nbsp;&nbsp;f_unlink
<LI><a href="#[20e]">&gt;&gt;</a>&nbsp;&nbsp;&nbsp;f_open
<LI><a href="#[31b]">&gt;&gt;</a>&nbsp;&nbsp;&nbsp;f_rename
<LI><a href="#[31a]">&gt;&gt;</a>&nbsp;&nbsp;&nbsp;f_utime
<LI><a href="#[319]">&gt;&gt;</a>&nbsp;&nbsp;&nbsp;f_chmod
<LI><a href="#[318]">&gt;&gt;</a>&nbsp;&nbsp;&nbsp;f_mkdir
<LI><a href="#[315]">&gt;&gt;</a>&nbsp;&nbsp;&nbsp;f_stat
<LI><a href="#[313]">&gt;&gt;</a>&nbsp;&nbsp;&nbsp;f_opendir
<LI><a href="#[30f]">&gt;&gt;</a>&nbsp;&nbsp;&nbsp;f_chdir
</UL>

<P><STRONG><a name="[308]"></a>check_fs</STRONG> (Thumb, 86 bytes, Stack size 8 bytes, ff.o(.text))
<BR><BR>[Stack]<UL><LI>Max Depth = 104<LI>Call Chain = check_fs &rArr; disk_read &rArr; SD_ReadSector &rArr; SD_ReadSingleBlock &rArr; SD_BlockCommand &rArr; SD_SendCmd &rArr; SPI_ReadWriteByte
</UL>
<BR>[Calls]<UL><LI><a href="#[2f7]">&gt;&gt;</a>&nbsp;&nbsp;&nbsp;disk_read
</UL>
<BR>[Called By]<UL><LI><a href="#[309]">&gt;&gt;</a>&nbsp;&nbsp;&nbsp;chk_mounted
</UL>

<P><STRONG><a name="[309]"></a>chk_mounted</STRONG> (Thumb, 560 bytes, Stack size 32 bytes, ff.o(.text))
<BR><BR>[Stack]<UL><LI>Max Depth = 152<LI>Call Chain = chk_mounted &rArr; disk_initialize &rArr; SD_Initialize &rArr; SD_GetCardInfo &rArr; SD_ReadCSD &rArr; SD_SendCmd &rArr; SPI_ReadWriteByte
</UL>
<BR>[Calls]<UL><LI><a href="#[30a]">&gt;&gt;</a>&nbsp;&nbsp;&nbsp;disk_status
<LI><a href="#[2f7]">&gt;&gt;</a>&nbsp;&nbsp;&nbsp;disk_read
<LI><a href="#[30b]">&gt;&gt;</a>&nbsp;&nbsp;&nbsp;disk_initialize
<LI><a href="#[308]">&gt;&gt;</a>&nbsp;&nbsp;&nbsp;check_fs
</UL>
<BR>[Called By]<UL><LI><a href="#[212]">&gt;&gt;</a>&nbsp;&nbsp;&nbsp;f_unlink
<LI><a href="#[20e]">&gt;&gt;</a>&nbsp;&nbsp;&nbsp;f_open
<LI><a href="#[31b]">&gt;&gt;</a>&nbsp;&nbsp;&nbsp;f_rename
<LI><a href="#[31a]">&gt;&gt;</a>&nbsp;&nbsp;&nbsp;f_utime
<LI><a href="#[319]">&gt;&gt;</a>&nbsp;&nbsp;&nbsp;f_chmod
<LI><a href="#[318]">&gt;&gt;</a>&nbsp;&nbsp;&nbsp;f_mkdir
<LI><a href="#[316]">&gt;&gt;</a>&nbsp;&nbsp;&nbsp;f_getfree
<LI><a href="#[315]">&gt;&gt;</a>&nbsp;&nbsp;&nbsp;f_stat
<LI><a href="#[313]">&gt;&gt;</a>&nbsp;&nbsp;&nbsp;f_opendir
<LI><a href="#[310]">&gt;&gt;</a>&nbsp;&nbsp;&nbsp;f_getcwd
<LI><a href="#[30f]">&gt;&gt;</a>&nbsp;&nbsp;&nbsp;f_chdir
</UL>

<P><STRONG><a name="[304]"></a>mem_cpy</STRONG> (Thumb, 16 bytes, Stack size 0 bytes, ff.o(.text))
<BR><BR>[Called By]<UL><LI><a href="#[20f]">&gt;&gt;</a>&nbsp;&nbsp;&nbsp;f_write
<LI><a href="#[212]">&gt;&gt;</a>&nbsp;&nbsp;&nbsp;f_unlink
<LI><a href="#[211]">&gt;&gt;</a>&nbsp;&nbsp;&nbsp;f_read
<LI><a href="#[31b]">&gt;&gt;</a>&nbsp;&nbsp;&nbsp;f_rename
<LI><a href="#[318]">&gt;&gt;</a>&nbsp;&nbsp;&nbsp;f_mkdir
<LI><a href="#[303]">&gt;&gt;</a>&nbsp;&nbsp;&nbsp;dir_register
</UL>

<P><STRONG><a name="[2f9]"></a>mem_set</STRONG> (Thumb, 14 bytes, Stack size 0 bytes, ff.o(.text))
<BR><BR>[Called By]<UL><LI><a href="#[318]">&gt;&gt;</a>&nbsp;&nbsp;&nbsp;f_mkdir
<LI><a href="#[306]">&gt;&gt;</a>&nbsp;&nbsp;&nbsp;create_name
<LI><a href="#[303]">&gt;&gt;</a>&nbsp;&nbsp;&nbsp;dir_register
<LI><a href="#[301]">&gt;&gt;</a>&nbsp;&nbsp;&nbsp;dir_next
<LI><a href="#[2f8]">&gt;&gt;</a>&nbsp;&nbsp;&nbsp;sync
</UL>

<P><STRONG><a name="[30d]"></a>validate</STRONG> (Thumb, 32 bytes, Stack size 8 bytes, ff.o(.text))
<BR><BR>[Stack]<UL><LI>Max Depth = 8<LI>Call Chain = validate
</UL>
<BR>[Calls]<UL><LI><a href="#[30a]">&gt;&gt;</a>&nbsp;&nbsp;&nbsp;disk_status
</UL>
<BR>[Called By]<UL><LI><a href="#[20f]">&gt;&gt;</a>&nbsp;&nbsp;&nbsp;f_write
<LI><a href="#[211]">&gt;&gt;</a>&nbsp;&nbsp;&nbsp;f_read
<LI><a href="#[317]">&gt;&gt;</a>&nbsp;&nbsp;&nbsp;f_truncate
<LI><a href="#[314]">&gt;&gt;</a>&nbsp;&nbsp;&nbsp;f_readdir
<LI><a href="#[312]">&gt;&gt;</a>&nbsp;&nbsp;&nbsp;f_lseek
<LI><a href="#[30e]">&gt;&gt;</a>&nbsp;&nbsp;&nbsp;f_sync
</UL>

<P><STRONG><a name="[32c]"></a>OS_FlagTaskRdy</STRONG> (Thumb, 70 bytes, Stack size 8 bytes, os_flag.o(.text), UNUSED)
<BR><BR>[Calls]<UL><LI><a href="#[2e8]">&gt;&gt;</a>&nbsp;&nbsp;&nbsp;OS_FlagUnlink
</UL>
<BR>[Called By]<UL><LI><a href="#[333]">&gt;&gt;</a>&nbsp;&nbsp;&nbsp;OSFlagPost
<LI><a href="#[32d]">&gt;&gt;</a>&nbsp;&nbsp;&nbsp;OSFlagDel
</UL>

<P><STRONG><a name="[331]"></a>OS_FlagBlock</STRONG> (Thumb, 84 bytes, Stack size 20 bytes, os_flag.o(.text), UNUSED)
<BR><BR>[Called By]<UL><LI><a href="#[330]">&gt;&gt;</a>&nbsp;&nbsp;&nbsp;OSFlagPend
</UL>

<P><STRONG><a name="[370]"></a>_printf_core</STRONG> (Thumb, 988 bytes, Stack size 104 bytes, printf8.o(i._printf_core), UNUSED)
<BR><BR>[Calls]<UL><LI><a href="#[369]">&gt;&gt;</a>&nbsp;&nbsp;&nbsp;__aeabi_uldivmod
<LI><a href="#[379]">&gt;&gt;</a>&nbsp;&nbsp;&nbsp;_printf_pre_padding
<LI><a href="#[37a]">&gt;&gt;</a>&nbsp;&nbsp;&nbsp;_printf_post_padding
</UL>
<BR>[Called By]<UL><LI><a href="#[371]">&gt;&gt;</a>&nbsp;&nbsp;&nbsp;__0sprintf$8
<LI><a href="#[36f]">&gt;&gt;</a>&nbsp;&nbsp;&nbsp;__0printf$8
</UL>

<P><STRONG><a name="[37a]"></a>_printf_post_padding</STRONG> (Thumb, 38 bytes, Stack size 24 bytes, printf8.o(i._printf_post_padding), UNUSED)
<BR><BR>[Called By]<UL><LI><a href="#[370]">&gt;&gt;</a>&nbsp;&nbsp;&nbsp;_printf_core
</UL>

<P><STRONG><a name="[379]"></a>_printf_pre_padding</STRONG> (Thumb, 48 bytes, Stack size 24 bytes, printf8.o(i._printf_pre_padding), UNUSED)
<BR><BR>[Called By]<UL><LI><a href="#[370]">&gt;&gt;</a>&nbsp;&nbsp;&nbsp;_printf_core
</UL>

<P><STRONG><a name="[4e]"></a>_sputc</STRONG> (Thumb, 10 bytes, Stack size 0 bytes, printf8.o(i._sputc))
<BR><BR>[Called By]<UL><LI><a href="#[371]">&gt;&gt;</a>&nbsp;&nbsp;&nbsp;__0sprintf$8
</UL>
<BR>[Address Reference Count : 1]<UL><LI> printf8.o(i.__0sprintf$8)
</UL>
<P><STRONG><a name="[378]"></a>_fp_digits</STRONG> (Thumb, 326 bytes, Stack size 56 bytes, printfa.o(i._fp_digits), UNUSED)
<BR><BR>[Calls]<UL><LI><a href="#[123]">&gt;&gt;</a>&nbsp;&nbsp;&nbsp;__aeabi_dmul
<LI><a href="#[122]">&gt;&gt;</a>&nbsp;&nbsp;&nbsp;__aeabi_ddiv
<LI><a href="#[126]">&gt;&gt;</a>&nbsp;&nbsp;&nbsp;__aeabi_dadd
<LI><a href="#[12a]">&gt;&gt;</a>&nbsp;&nbsp;&nbsp;__aeabi_cdrcmple
<LI><a href="#[369]">&gt;&gt;</a>&nbsp;&nbsp;&nbsp;__aeabi_uldivmod
<LI><a href="#[36c]">&gt;&gt;</a>&nbsp;&nbsp;&nbsp;__aeabi_d2ulz
</UL>
<BR>[Called By]<UL><LI><a href="#[373]">&gt;&gt;</a>&nbsp;&nbsp;&nbsp;_printf_core
</UL>

<P><STRONG><a name="[373]"></a>_printf_core</STRONG> (Thumb, 1762 bytes, Stack size 136 bytes, printfa.o(i._printf_core), UNUSED)
<BR><BR>[Calls]<UL><LI><a href="#[369]">&gt;&gt;</a>&nbsp;&nbsp;&nbsp;__aeabi_uldivmod
<LI><a href="#[37d]">&gt;&gt;</a>&nbsp;&nbsp;&nbsp;__aeabi_uidivmod
<LI><a href="#[37b]">&gt;&gt;</a>&nbsp;&nbsp;&nbsp;_printf_pre_padding
<LI><a href="#[37c]">&gt;&gt;</a>&nbsp;&nbsp;&nbsp;_printf_post_padding
<LI><a href="#[378]">&gt;&gt;</a>&nbsp;&nbsp;&nbsp;_fp_digits
</UL>
<BR>[Called By]<UL><LI><a href="#[374]">&gt;&gt;</a>&nbsp;&nbsp;&nbsp;__0vsprintf
<LI><a href="#[372]">&gt;&gt;</a>&nbsp;&nbsp;&nbsp;__0vprintf
</UL>

<P><STRONG><a name="[37c]"></a>_printf_post_padding</STRONG> (Thumb, 38 bytes, Stack size 24 bytes, printfa.o(i._printf_post_padding), UNUSED)
<BR><BR>[Called By]<UL><LI><a href="#[373]">&gt;&gt;</a>&nbsp;&nbsp;&nbsp;_printf_core
</UL>

<P><STRONG><a name="[37b]"></a>_printf_pre_padding</STRONG> (Thumb, 48 bytes, Stack size 24 bytes, printfa.o(i._printf_pre_padding), UNUSED)
<BR><BR>[Called By]<UL><LI><a href="#[373]">&gt;&gt;</a>&nbsp;&nbsp;&nbsp;_printf_core
</UL>

<P><STRONG><a name="[4f]"></a>_sputc</STRONG> (Thumb, 10 bytes, Stack size 0 bytes, printfa.o(i._sputc))
<BR><BR>[Called By]<UL><LI><a href="#[374]">&gt;&gt;</a>&nbsp;&nbsp;&nbsp;__0vsprintf
</UL>
<BR>[Address Reference Count : 1]<UL><LI> printfa.o(i.__0vsprintf)
</UL>
<P><STRONG><a name="[4b]"></a>_scanf_char_input</STRONG> (Thumb, 12 bytes, Stack size 0 bytes, scanf_char.o(.text))
<BR>[Address Reference Count : 1]<UL><LI> scanf_char.o(.text)
</UL><P>
<H3>
Undefined Global Symbols
</H3><HR></body></html>
