<html>
<body>
<pre>
<h1>µVision Build Log</h1>
<h2>Tool Versions:</h2>
IDE-Version: µVision V5.14.0.0
Copyright (C) 2015 ARM Ltd and ARM Germany GmbH. All rights reserved.
License Information: shzn zhengshuying, shzn, LIC=KIVCX-HC322-PF1IX-HSC35-AHNE2-518L1
 
Tool Versions:
Toolchain:       MDK-ARM Professional  Version: 5.14.0.0
Toolchain Path:  C:\Keil_v5\ARM\ARMCC\Bin
C Compiler:      Armcc.exe V5.05 update 1 (build 106)
Assembler:       Armasm.exe V5.05 update 1 (build 106)
Linker/Locator:  ArmLink.exe V5.05 update 1 (build 106)
Library Manager: ArmAr.exe V5.05 update 1 (build 106)
Hex Converter:   FromElf.exe V5.05 update 1 (build 106)
CPU DLL:         SARMCM3.DLL V5.14.0.0
Dialog DLL:      DARMSTM.DLL V1.65.0.0
Target DLL:      STLink\ST-LINKIII-KEIL_SWO.dll V2.0.14.0_KEIL
Dialog DLL:      TARMSTM.DLL V1.64.0.0
 
<h2>Project:</h2>
C:\Users\zhengshuying\Documents\Tencent Files\2402233489\FileRecv\RS2200QSS.V.0.2.05-P170316\RS2200QSS.V.0.2.05-P170316\baseos.uvproj
Project File Date:  07/15/2016

<h2>Output:</h2>
Rebuild target 'SRAM'
compiling app.c...
compiling stm32f10x_it.c...
compiling config.c...
compiling Relay.c...
compiling DICA.c...
compiling Beep.c...
compiling serial.c...
compiling UartCmd.c...
compiling AT.C...
compiling sapp.c...
compiling Printf.c...
compiling ad7799.c...
compiling display.c...
compiling LCD.c...
compiling storage.c...
compiling stm32f10x_bkp.c...
compiling stm32f10x_exti.c...
compiling stm32f10x_gpio.c...
compiling stm32f10x_pwr.c...
compiling stm32f10x_rcc.c...
compiling stm32f10x_spi.c...
compiling stm32f10x_tim.c...
compiling stm32f10x_rtc.c...
compiling stm32f10x_flash.c...
compiling stm32f10x_adc.c...
compiling stm32f10x_can.c...
compiling stm32f10x_dma.c...
compiling stm32f10x_i2c.c...
compiling stm32f10x_iwdg.c...
compiling stm32f10x_usart.c...
compiling misc.c...
compiling core_cm3.c...
assembling startup_stm32f10x_md.s...
compiling system_stm32f10x.c...
compiling font.c...
linking...
Program Size: Code=80220 RO-data=37252 RW-data=560 ZI-data=16808  
FromELF: creating hex file...
After Build - User command #1: C:\Keil\ARM\ARMCC\bin\fromelf.exe --bin -o ./obj_iap/0860210008WDCA_Main_V_1_0.bin ./obj_iap/0860210008WDCA_Main_V_1_0.axf
".\Obj\0860210008WDCA_Main_V_1_0.axf" - 0 Error(s), 0 Warning(s).
</pre>
</body>
</html>
