<html>
<body>
<pre>
<h1>礦ision Build Log</h1>
<h2>Project:</h2>
E:\project\程序发布版本\PURIST发布版本20160811\RS2200QSS.V.0.2.05-P170316-ble\baseos.uvproj
Project File Date:  07/15/2016

<h2>Output:</h2>
Rebuild target 'SRAM'
compiling app.c...
compiling stm32f10x_it.c...
compiling config.c...
compiling Relay.c...
compiling DICA.c...
compiling Beep.c...
compiling serial.c...
compiling UartCmd.c...
compiling AT.C...
compiling sapp.c...
compiling Printf.c...
compiling ad7799.c...
compiling display.c...
compiling LCD.c...
compiling storage.c...
compiling stm32f10x_bkp.c...
compiling stm32f10x_exti.c...
compiling stm32f10x_gpio.c...
compiling stm32f10x_pwr.c...
compiling stm32f10x_rcc.c...
compiling stm32f10x_spi.c...
compiling stm32f10x_tim.c...
compiling stm32f10x_rtc.c...
compiling stm32f10x_flash.c...
compiling stm32f10x_adc.c...
compiling stm32f10x_can.c...
compiling stm32f10x_dma.c...
compiling stm32f10x_i2c.c...
compiling stm32f10x_iwdg.c...
compiling stm32f10x_usart.c...
compiling misc.c...
compiling core_cm3.c...
assembling startup_stm32f10x_md.s...
compiling system_stm32f10x.c...
compiling font.c...
linking...
Program Size: Code=80296 RO-data=37396 RW-data=560 ZI-data=16808  
FromELF: creating hex file...
After Build - User command #1: C:\Keil\ARM\ARMCC\bin\fromelf.exe --bin -o ./obj_iap/0860210008WDCA_Main_V_1_0.bin ./obj_iap/0860210008WDCA_Main_V_1_0.axf
".\Obj\0860210008WDCA_Main_V_1_0.axf" - 0 Errors, 0 Warning(s).
Rebuild target 'SRAM'
compiling app.c...
compiling stm32f10x_it.c...
compiling config.c...
compiling Relay.c...
compiling DICA.c...
compiling Beep.c...
compiling serial.c...
compiling UartCmd.c...
compiling AT.C...
compiling sapp.c...
compiling Printf.c...
compiling ad7799.c...
compiling display.c...
compiling LCD.c...
compiling storage.c...
compiling stm32f10x_bkp.c...
compiling stm32f10x_exti.c...
compiling stm32f10x_gpio.c...
compiling stm32f10x_pwr.c...
compiling stm32f10x_rcc.c...
compiling stm32f10x_spi.c...
compiling stm32f10x_tim.c...
compiling stm32f10x_rtc.c...
compiling stm32f10x_flash.c...
compiling stm32f10x_adc.c...
compiling stm32f10x_can.c...
compiling stm32f10x_dma.c...
compiling stm32f10x_i2c.c...
compiling stm32f10x_iwdg.c...
compiling stm32f10x_usart.c...
compiling misc.c...
compiling core_cm3.c...
assembling startup_stm32f10x_md.s...
compiling system_stm32f10x.c...
compiling font.c...
linking...
Program Size: Code=80296 RO-data=37396 RW-data=560 ZI-data=16808  
FromELF: creating hex file...
After Build - User command #1: C:\Keil\ARM\ARMCC\bin\fromelf.exe --bin -o ./obj_iap/0860210008WDCA_Main_V_1_0.bin ./obj_iap/0860210008WDCA_Main_V_1_0.axf
".\Obj\0860210008WDCA_Main_V_1_0.axf" - 0 Errors, 0 Warning(s).
Rebuild target 'SRAM'
compiling app.c...
compiling stm32f10x_it.c...
compiling config.c...
compiling Relay.c...
compiling DICA.c...
compiling Beep.c...
compiling serial.c...
compiling UartCmd.c...
compiling AT.C...
compiling sapp.c...
compiling Printf.c...
compiling ad7799.c...
compiling display.c...
compiling LCD.c...
compiling storage.c...
compiling stm32f10x_bkp.c...
compiling stm32f10x_exti.c...
compiling stm32f10x_gpio.c...
compiling stm32f10x_pwr.c...
compiling stm32f10x_rcc.c...
compiling stm32f10x_spi.c...
compiling stm32f10x_tim.c...
compiling stm32f10x_rtc.c...
compiling stm32f10x_flash.c...
compiling stm32f10x_adc.c...
compiling stm32f10x_can.c...
compiling stm32f10x_dma.c...
compiling stm32f10x_i2c.c...
compiling stm32f10x_iwdg.c...
compiling stm32f10x_usart.c...
compiling misc.c...
compiling core_cm3.c...
assembling startup_stm32f10x_md.s...
compiling system_stm32f10x.c...
compiling font.c...
linking...
Program Size: Code=80312 RO-data=37396 RW-data=560 ZI-data=16808  
FromELF: creating hex file...
After Build - User command #1: C:\Keil\ARM\ARMCC\bin\fromelf.exe --bin -o ./obj_iap/0860210008WDCA_Main_V_1_0.bin ./obj_iap/0860210008WDCA_Main_V_1_0.axf
".\Obj\0860210008WDCA_Main_V_1_0.axf" - 0 Errors, 0 Warning(s).
