ARM Linker, 5.03 [Build 24] [MDK-ARM Standard]

==============================================================================

Section Cross References

    app.o(.text) refers to iwdg_driver.o(.text) for IWDG_Feed
    app.o(.text) refers to timer.o(.text) for TimerProc
    app.o(.text) refers to sys_time.o(.text) for sys_time_proc
    app.o(.text) refers to serial.o(.text) for Serial_CheckRcvIdleTime
    app.o(.text) refers to beep.o(.text) for RunToggle
    app.o(.text) refers to display.o(.text) for Disp_SecondTask
    app.o(.text) refers to sapp.o(.text) for SHZNAPP_SerialUnknowProc
    app.o(.text) refers to usbcdc.o(.text) for USBCDC_disconnect
    app.o(.text) refers to common.o(.text) for HAL_SYSTEM_RESET
    app.o(.text) refers to keyboard.o(.text) for RegisterKey
    app.o(.text) refers to uartcmd.o(.text) for UartCmdSetLogLevel
    app.o(.text) refers to gpio.o(.text) for stm32_gpio_init
    app.o(.text) refers to relay.o(.text) for InitRelays
    app.o(.text) refers to dica.o(.text) for Ioctrl_input_init
    app.o(.text) refers to rtc_driver.o(.text) for RTC_Config
    app.o(.text) refers to osal_snv.o(.text) for osal_snv_init
    app.o(.text) refers to config.o(.text) for Config_Init
    app.o(.text) refers to ad7799_driver.o(.text) for sAD7799_Init
    app.o(.text) refers to ad7799.o(.text) for AD7799_Init
    app.o(.text) refers to lcd.o(.text) for LCD_Init
    app.o(.text) refers to msg.o(.text) for MessageAlloc
    app.o(.text) refers to bsp.o(.text) for BSP_Init
    app.o(.text) refers to task.o(.text) for VOS_CreateTask
    app.o(.text) refers to os_task.o(.text) for OSTaskNameSet
    app.o(.text) refers to os_time.o(.text) for OSTimeDlyHMSM
    app.o(.text) refers to cpu_a.o(.text) for CPU_IntDis
    app.o(.text) refers to misc.o(.text) for NVIC_SetVectorTable
    app.o(.text) refers to os_core.o(.text) for OSInit
    app.o(.text) refers to app.o(.data) for .data
    app.o(.text) refers to sapp.o(.data) for sappItfType
    app.o(.text) refers to sapp.o(.constdata) for sbBuf
    app.o(.text) refers to app.o(.bss) for .bss
    stm32f10x_it.o(.text) refers to os_cpu_a.o(.text) for OS_CPU_SR_Save
    stm32f10x_it.o(.text) refers to os_core.o(.text) for OSTimeTick
    stm32f10x_it.o(.text) refers to stm32f10x_usart.o(.text) for USART_GetITStatus
    stm32f10x_it.o(.text) refers to uartcmd.o(.text) for UartCmdPutData
    stm32f10x_it.o(.text) refers to stm32f10x_tim.o(.text) for TIM_GetITStatus
    stm32f10x_it.o(.text) refers to timer_driver.o(.text) for TIM_event_handler
    stm32f10x_it.o(.text) refers to stm32f10x_exti.o(.text) for EXTI_GetITStatus
    stm32f10x_it.o(.text) refers to gpio.o(.text) for sensor_event_handler
    stm32f10x_it.o(.text) refers to printf8.o(i.__0printf$8) for __2printf
    stm32f10x_it.o(.text) refers to os_core.o(.data) for OSRunning
    stm32f10x_it.o(.text) refers to serial.o(.bss) for Serial
    config.o(.text) refers to osal_snv.o(.text) for osal_snv_write
    config.o(.text) refers to memseta.o(.text) for __aeabi_memclr
    config.o(.text) refers to strcpy.o(.text) for strcpy
    config.o(.text) refers to memcpya.o(.text) for __aeabi_memcpy
    config.o(.text) refers to sapp.o(.text) for SHZNAPP_SerialResp
    config.o(.text) refers to os_cpu_a.o(.text) for OS_CPU_SR_Save
    config.o(.text) refers to stm32f10x_flash.o(.text) for FLASH_Unlock
    config.o(.text) refers to iwdg_driver.o(.text) for IWDG_Feed
    config.o(.text) refers to serial.o(.text) for SerialInit
    config.o(.text) refers to rtc_driver.o(.text) for RTC_Set
    config.o(.text) refers to beep.o(.text) for MainBeepWithDuration
    config.o(.text) refers to config.o(.constdata) for .constdata
    config.o(.text) refers to config.o(.data) for .data
    config.o(.text) refers to config.o(.bss) for .bss
    config.o(.text) refers to sapp.o(.constdata) for sbBuf
    config.o(.text) refers to sapp.o(.data) for sappItfPort
    config.o(.text) refers to rtc_driver.o(.bss) for timer
    relay.o(.text) refers to gpio.o(.text) for stm32_gpio_cfgpin
    relay.o(.text) refers to memseta.o(.text) for __aeabi_memclr4
    relay.o(.text) refers to sys_time.o(.text) for sys_timeout
    relay.o(.text) refers to relay.o(.constdata) for .constdata
    relay.o(.text) refers to relay.o(.bss) for .bss
    dica.o(.text) refers to stm32f10x_gpio.o(.text) for GPIO_PinRemapConfig
    dica.o(.text) refers to gpio.o(.text) for stm32_gpio_cfgpin
    dica.o(.text) refers to dica.o(.constdata) for .constdata
    beep.o(.text) refers to gpio.o(.text) for stm32_gpio_cfgpin
    beep.o(.text) refers to timer.o(.text) for AddTimer
    serial.o(.text) refers to os_mbox.o(.text) for OSMboxCreate
    serial.o(.text) refers to misc.o(.text) for NVIC_Init
    serial.o(.text) refers to serial_driver.o(.text) for STM_EVAL_COMInit
    serial.o(.text) refers to stm32f10x_usart.o(.text) for USART_ITConfig
    serial.o(.text) refers to gpio.o(.text) for stm32_gpio_cfgpin
    serial.o(.text) refers to memcpya.o(.text) for __aeabi_memcpy
[...]
    SetENDPOINT                              0x0800d0f7   Thumb Code    10  usb_regs.o(.text)
    GetENDPOINT                              0x0800d101   Thumb Code    12  usb_regs.o(.text)
    SetEPType                                0x0800d10d   Thumb Code    22  usb_regs.o(.text)
    GetEPType                                0x0800d123   Thumb Code    16  usb_regs.o(.text)
    SetEPTxStatus                            0x0800d133   Thumb Code    44  usb_regs.o(.text)
    SetEPRxStatus                            0x0800d15f   Thumb Code    44  usb_regs.o(.text)
    SetDouBleBuffEPStall                     0x0800d18b   Thumb Code    40  usb_regs.o(.text)
    GetEPTxStatus                            0x0800d1b3   Thumb Code    16  usb_regs.o(.text)
    GetEPRxStatus                            0x0800d1c3   Thumb Code    16  usb_regs.o(.text)
    SetEPTxValid                             0x0800d1d3   Thumb Code    30  usb_regs.o(.text)
    SetEPRxValid                             0x0800d1f1   Thumb Code    30  usb_regs.o(.text)
    SetEP_KIND                               0x0800d20f   Thumb Code    26  usb_regs.o(.text)
    ClearEP_KIND                             0x0800d229   Thumb Code    26  usb_regs.o(.text)
    Clear_Status_Out                         0x0800d243   Thumb Code    26  usb_regs.o(.text)
    Set_Status_Out                           0x0800d25d   Thumb Code    26  usb_regs.o(.text)
    SetEPDoubleBuff                          0x0800d277   Thumb Code    26  usb_regs.o(.text)
    ClearEPDoubleBuff                        0x0800d291   Thumb Code    26  usb_regs.o(.text)
    GetTxStallStatus                         0x0800d2ab   Thumb Code    20  usb_regs.o(.text)
    GetRxStallStatus                         0x0800d2bf   Thumb Code    20  usb_regs.o(.text)
    ClearEP_CTR_RX                           0x0800d2d3   Thumb Code    20  usb_regs.o(.text)
    ClearEP_CTR_TX                           0x0800d2e7   Thumb Code    20  usb_regs.o(.text)
    ToggleDTOG_RX                            0x0800d2fb   Thumb Code    26  usb_regs.o(.text)
    ToggleDTOG_TX                            0x0800d315   Thumb Code    26  usb_regs.o(.text)
    ClearDTOG_RX                             0x0800d32f   Thumb Code    32  usb_regs.o(.text)
    ClearDTOG_TX                             0x0800d34f   Thumb Code    32  usb_regs.o(.text)
    SetEPAddress                             0x0800d36f   Thumb Code    28  usb_regs.o(.text)
    GetEPAddress                             0x0800d38b   Thumb Code    14  usb_regs.o(.text)
    SetEPTxAddr                              0x0800d399   Thumb Code    24  usb_regs.o(.text)
    SetEPRxAddr                              0x0800d3b1   Thumb Code    26  usb_regs.o(.text)
    GetEPTxAddr                              0x0800d3cb   Thumb Code    22  usb_regs.o(.text)
    GetEPRxAddr                              0x0800d3e1   Thumb Code    24  usb_regs.o(.text)
    SetEPTxCount                             0x0800d3f9   Thumb Code    22  usb_regs.o(.text)
    SetEPCountRxReg                          0x0800d40f   Thumb Code    38  usb_regs.o(.text)
    SetEPRxCount                             0x0800d435   Thumb Code    58  usb_regs.o(.text)
    GetEPTxCount                             0x0800d46f   Thumb Code    34  usb_regs.o(.text)
    GetEPRxCount                             0x0800d491   Thumb Code    24  usb_regs.o(.text)
    SetEPDblBuffAddr                         0x0800d4a9   Thumb Code    42  usb_regs.o(.text)
    SetEPDblBuf0Addr                         0x0800d4d3   Thumb Code    22  usb_regs.o(.text)
    SetEPDblBuf1Addr                         0x0800d4e9   Thumb Code    24  usb_regs.o(.text)
    GetEPDblBuf0Addr                         0x0800d501   Thumb Code    20  usb_regs.o(.text)
    GetEPDblBuf1Addr                         0x0800d515   Thumb Code    22  usb_regs.o(.text)
    SetEPDblBuffCount                        0x0800d52b   Thumb Code   156  usb_regs.o(.text)
    SetEPDblBuf0Count                        0x0800d5c7   Thumb Code    82  usb_regs.o(.text)
    SetEPDblBuf1Count                        0x0800d619   Thumb Code    82  usb_regs.o(.text)
    GetEPDblBuf0Count                        0x0800d66b   Thumb Code    24  usb_regs.o(.text)
    GetEPDblBuf1Count                        0x0800d683   Thumb Code    24  usb_regs.o(.text)
    GetEPDblBufDir                           0x0800d69b   Thumb Code    50  usb_regs.o(.text)
    FreeUserBuffer                           0x0800d6cd   Thumb Code    44  usb_regs.o(.text)
    ToWord                                   0x0800d6f9   Thumb Code     6  usb_regs.o(.text)
    ByteSwap                                 0x0800d6ff   Thumb Code    10  usb_regs.o(.text)
    USB_SIL_Init                             0x0800d711   Thumb Code    24  usb_sil.o(.text)
    USB_SIL_Write                            0x0800d729   Thumb Code    38  usb_sil.o(.text)
    USB_SIL_Read                             0x0800d74f   Thumb Code    36  usb_sil.o(.text)
    Enter_LowPowerMode                       0x0800d77d   Thumb Code     8  hw_config.o(.text)
    Leave_LowPowerMode                       0x0800d785   Thumb Code    18  hw_config.o(.text)
    Set_GPIO                                 0x0800d797   Thumb Code    54  hw_config.o(.text)
    Set_USBClock                             0x0800d7cd   Thumb Code    20  hw_config.o(.text)
    USB_Interrupts_Config                    0x0800d7e1   Thumb Code    40  hw_config.o(.text)
    USB_Cable_Config                         0x0800d809   Thumb Code    20  hw_config.o(.text)
    Get_SerialNum                            0x0800d853   Thumb Code    42  hw_config.o(.text)
    USB_To_USART_Send_Data                   0x0800d87d   Thumb Code    56  hw_config.o(.text)
    Handle_USBAsynchXfer                     0x0800d8b5   Thumb Code   110  hw_config.o(.text)
    USB_SetUsb2UartCallback                  0x0800d923   Thumb Code     6  hw_config.o(.text)
    Virtual_Com_Port_init                    0x0800d949   Thumb Code    44  usb_prop.o(.text)
    Virtual_Com_Port_Reset                   0x0800d975   Thumb Code   208  usb_prop.o(.text)
    Virtual_Com_Port_SetConfiguration        0x0800da45   Thumb Code    16  usb_prop.o(.text)
    Virtual_Com_Port_SetDeviceAddress        0x0800da55   Thumb Code     8  usb_prop.o(.text)
    Virtual_Com_Port_Status_In               0x0800da5d   Thumb Code    16  usb_prop.o(.text)
    Virtual_Com_Port_Status_Out              0x0800da6d   Thumb Code     2  usb_prop.o(.text)
    Virtual_Com_Port_SetLineCoding           0x0800da6f   Thumb Code    20  usb_prop.o(.text)
    Virtual_Com_Port_GetLineCoding           0x0800da83   Thumb Code    20  usb_prop.o(.text)
    Virtual_Com_Port_Data_Setup              0x0800da97   Thumb Code    74  usb_prop.o(.text)
    Virtual_Com_Port_NoData_Setup            0x0800dae1   Thumb Code    30  usb_prop.o(.text)
    Virtual_Com_Port_GetDeviceDescriptor     0x0800daff   Thumb Code     8  usb_prop.o(.text)
    Virtual_Com_Port_GetConfigDescriptor     0x0800db07   Thumb Code     8  usb_prop.o(.text)
    Virtual_Com_Port_GetStringDescriptor     0x0800db0f   Thumb Code    26  usb_prop.o(.text)
    Virtual_Com_Port_Get_Interface_Setting   0x0800db29   Thumb Code    14  usb_prop.o(.text)
    PowerOn                                  0x0800db5d   Thumb Code    36  usb_pwr.o(.text)
    PowerOff                                 0x0800db81   Thumb Code    26  usb_pwr.o(.text)
    Suspend                                  0x0800db9b   Thumb Code    26  usb_pwr.o(.text)
    Resume_Init                              0x0800dbb5   Thumb Code    26  usb_pwr.o(.text)
    Resume                                   0x0800dbcf   Thumb Code   116  usb_pwr.o(.text)
    USBCDC_init                              0x0800dc51   Thumb Code    22  usbcdc.o(.text)
    USBCDC_connect                           0x0800dc67   Thumb Code     4  usbcdc.o(.text)
    USBCDC_disconnect                        0x0800dc6b   Thumb Code     4  usbcdc.o(.text)
    USBCDC_ready                             0x0800dc6f   Thumb Code    16  usbcdc.o(.text)
    USBCDC_sync                              0x0800dc7f   Thumb Code    22  usbcdc.o(.text)
    USBCDC_senddata                          0x0800dc95   Thumb Code    58  usbcdc.o(.text)
    USBCDC_recvdata                          0x0800dccf   Thumb Code    80  usbcdc.o(.text)
    GetcodeGB_24_LENGTH                      0x0800dd41   Thumb Code     4  font.o(.text)
    disk_initialize                          0x0800dd45   Thumb Code    20  diskio.o(.text)
    disk_status                              0x0800dd59   Thumb Code     2  diskio.o(.text)
    disk_read                                0x0800dd5b   Thumb Code    38  diskio.o(.text)
    disk_write                               0x0800dd81   Thumb Code    38  diskio.o(.text)
    disk_ioctl                               0x0800dda7   Thumb Code     4  diskio.o(.text)
    get_fattime                              0x0800ddab   Thumb Code     4  diskio.o(.text)
    clust2sect                               0x0800ded1   Thumb Code    24  ff.o(.text)
    get_fat                                  0x0800dee9   Thumb Code   182  ff.o(.text)
    put_fat                                  0x0800df9f   Thumb Code   248  ff.o(.text)
    f_mount                                  0x0800e8a9   Thumb Code    26  ff.o(.text)
    f_open                                   0x0800e8c3   Thumb Code   306  ff.o(.text)
    f_read                                   0x0800e9f5   Thumb Code   286  ff.o(.text)
    f_write                                  0x0800eb13   Thumb Code   386  ff.o(.text)
    f_sync                                   0x0800ec95   Thumb Code   132  ff.o(.text)
    f_close                                  0x0800ed19   Thumb Code    18  ff.o(.text)
    f_chdrive                                0x0800ed2b   Thumb Code    14  ff.o(.text)
    f_chdir                                  0x0800ed39   Thumb Code    72  ff.o(.text)
    f_getcwd                                 0x0800ed81   Thumb Code   260  ff.o(.text)
    f_lseek                                  0x0800ee85   Thumb Code   254  ff.o(.text)
    f_opendir                                0x0800ef83   Thumb Code    78  ff.o(.text)
    f_readdir                                0x0800efd1   Thumb Code    80  ff.o(.text)
    f_stat                                   0x0800f021   Thumb Code    58  ff.o(.text)
    f_getfree                                0x0800f05b   Thumb Code   206  ff.o(.text)
    f_truncate                               0x0800f129   Thumb Code   144  ff.o(.text)
    f_unlink                                 0x0800f1b9   Thumb Code   174  ff.o(.text)
    f_mkdir                                  0x0800f267   Thumb Code   410  ff.o(.text)
    f_chmod                                  0x0800f401   Thumb Code    82  ff.o(.text)
    f_utime                                  0x0800f453   Thumb Code    88  ff.o(.text)
    f_rename                                 0x0800f4ab   Thumb Code   268  ff.o(.text)
    f_gets                                   0x0800f5b7   Thumb Code    72  ff.o(.text)
    f_putc                                   0x0800f5ff   Thumb Code    44  ff.o(.text)
    f_puts                                   0x0800f62b   Thumb Code    40  ff.o(.text)
    f_printf                                 0x0800f653   Thumb Code   480  ff.o(.text)
    InitTimer                                0x0800f871   Thumb Code    18  timer.o(.text)
    FreeTimerSlot                            0x0800f883   Thumb Code    10  timer.o(.text)
    RmvTimer                                 0x0800f88d   Thumb Code    26  timer.o(.text)
    CheckTimer                               0x0800f8a7   Thumb Code    20  timer.o(.text)
    ModTimer                                 0x0800f8bb   Thumb Code    60  timer.o(.text)
    AddTimer                                 0x0800f8f7   Thumb Code    98  timer.o(.text)
    TimerProc                                0x0800f959   Thumb Code   102  timer.o(.text)
    MessageQueueFull                         0x0800f9c9   Thumb Code    32  msg.o(.text)
    MessageQueueEmpty                        0x0800f9e9   Thumb Code    18  msg.o(.text)
    MessageQueueInit                         0x0800f9fb   Thumb Code    42  msg.o(.text)
    createMessageQueue                       0x0800fa25   Thumb Code    74  msg.o(.text)
    queueMessage                             0x0800fa6f   Thumb Code    68  msg.o(.text)
    waitMessage                              0x0800fab3   Thumb Code    72  msg.o(.text)
    MessageQueueDestroy                      0x0800fafb   Thumb Code    52  msg.o(.text)
    MessageAlloc                             0x0800fb2f   Thumb Code    36  msg.o(.text)
    MessageFree                              0x0800fb53   Thumb Code    10  msg.o(.text)
    MessageSend                              0x0800fb5d   Thumb Code    40  msg.o(.text)
    VOS_TaskInit                             0x0800fb8d   Thumb Code    14  task.o(.text)
    VOS_TaskEntry                            0x0800fb9b   Thumb Code    24  task.o(.text)
    VOS_CreateTask                           0x0800fbb3   Thumb Code   152  task.o(.text)
    VOS_DestroyTask                          0x0800fc4b   Thumb Code    40  task.o(.text)
    VOS_GetTaskByPid                         0x0800fc73   Thumb Code    20  task.o(.text)
    VOS_GetTaskQueueByPid                    0x0800fc87   Thumb Code    24  task.o(.text)
    keyboard_get_keystate                    0x0800fca9   Thumb Code    30  keyboard.o(.text)
    keyboard_get_linestate                   0x0800fcc7   Thumb Code     6  keyboard.o(.text)
    KeyboardInit                             0x0800fccd   Thumb Code    18  keyboard.o(.text)
    keyboard_report                          0x0800fcdf   Thumb Code    34  keyboard.o(.text)
    keyboard_to                              0x0800fd01   Thumb Code    56  keyboard.o(.text)
    keyboard_sh                              0x0800fd39   Thumb Code    74  keyboard.o(.text)
    RegisterKey                              0x0800fd83   Thumb Code   158  keyboard.o(.text)
    UnregisterKey                            0x0800fe21   Thumb Code    94  keyboard.o(.text)
    stm32_gpio_cfgpin                        0x0800ff6b   Thumb Code    34  gpio.o(.text)
    stm32_gpio_getcfg                        0x0800ff8d   Thumb Code    28  gpio.o(.text)
    stm32_gpio_get_value                     0x0800ffa9   Thumb Code    26  gpio.o(.text)
    stm32_gpio_set_value                     0x0800ffc3   Thumb Code    30  gpio.o(.text)
    stm32_gpio_toggle_value                  0x0800ffe1   Thumb Code    26  gpio.o(.text)
    stm32_gpio_cfg_irq                       0x0800fffb   Thumb Code   130  gpio.o(.text)
    stm32_gpio_disable_irq                   0x0801007d   Thumb Code    34  gpio.o(.text)
    stm32_gpio_get_ext_state                 0x0801009f   Thumb Code    26  gpio.o(.text)
    stm32_gpio_get_ext_line                  0x080100b9   Thumb Code    14  gpio.o(.text)
    CheckSensor                              0x080100c7   Thumb Code    20  gpio.o(.text)
    InstallSensorHandler                     0x080100db   Thumb Code   118  gpio.o(.text)
    UninstallSensorHandler                   0x08010151   Thumb Code    48  gpio.o(.text)
    UninstallSingleSensorHandler             0x08010181   Thumb Code    68  gpio.o(.text)
    sensor_event_handler                     0x080101c5   Thumb Code   108  gpio.o(.text)
    stm32_gpio_init                          0x08010231   Thumb Code    26  gpio.o(.text)
    SysTick_Configuration                    0x08010269   Thumb Code    64  bsp.o(.text)
    BSP_Init                                 0x080102a9   Thumb Code    44  bsp.o(.text)
    BSP_IntDisAll                            0x080102d5   Thumb Code     2  bsp.o(.text)
    IWDG_Init                                0x080102f9   Thumb Code    50  iwdg_driver.o(.text)
    IWDG_Feed                                0x0801032b   Thumb Code     4  iwdg_driver.o(.text)
    IWDG_Stop                                0x0801032f   Thumb Code     6  iwdg_driver.o(.text)
    IWDG_Start                               0x08010335   Thumb Code    20  iwdg_driver.o(.text)
    RTC_InitBackupRegister                   0x08010349   Thumb Code    26  rtc_driver.o(.text)
    RTC_ReadBackup                           0x08010363   Thumb Code    68  rtc_driver.o(.text)
    RTC_WriteBackup                          0x080103a7   Thumb Code    88  rtc_driver.o(.text)
    Is_Leap_Year                             0x080103ff   Thumb Code    38  rtc_driver.o(.text)
    RTC_Set                                  0x08010425   Thumb Code   190  rtc_driver.o(.text)
    RTC_Config                               0x080104e3   Thumb Code   224  rtc_driver.o(.text)
    RTC_Get_Week                             0x080105c3   Thumb Code    74  rtc_driver.o(.text)
    RTC_Get_Helper                           0x0801060d   Thumb Code   186  rtc_driver.o(.text)
    RTC_Get                                  0x080106c7   Thumb Code    16  rtc_driver.o(.text)
    RTC_Get_Second                           0x080106d7   Thumb Code     4  rtc_driver.o(.text)
    RTC_Calibrate                            0x080106db   Thumb Code     4  rtc_driver.o(.text)
    TIM_Init_CMP                             0x080106f9   Thumb Code   226  timer_driver.o(.text)
    TIM_Init_PWM                             0x080107db   Thumb Code   332  timer_driver.o(.text)
    TIM_Init_General                         0x08010927   Thumb Code   140  timer_driver.o(.text)
    TIM_SwitchOuputMode                      0x080109b3   Thumb Code    36  timer_driver.o(.text)
    TIM_InstallHandler                       0x080109d7   Thumb Code    48  timer_driver.o(.text)
    TIM_UninstallHandler                     0x08010a07   Thumb Code    38  timer_driver.o(.text)
    TIM_event_handler                        0x08010a2d   Thumb Code    30  timer_driver.o(.text)
    sys_arch_timeouts                        0x08010a6d   Thumb Code     4  sys_time.o(.text)
    __sys_untimeout                          0x08010a71   Thumb Code    50  sys_time.o(.text)
    sys_untimeout                            0x08010aa3   Thumb Code    30  sys_time.o(.text)
    __sys_timeout                            0x08010ac1   Thumb Code    66  sys_time.o(.text)
    sys_timeout                              0x08010b03   Thumb Code    58  sys_time.o(.text)
    sys_time_match                           0x08010b3d   Thumb Code    24  sys_time.o(.text)
    sys_time_ticking                         0x08010b55   Thumb Code    28  sys_time.o(.text)
    sys_time_proc                            0x08010b71   Thumb Code    68  sys_time.o(.text)
    sys_inittime                             0x08010bb5   Thumb Code     8  sys_time.o(.text)
    STM_EVAL_COMInit                         0x08010bc1   Thumb Code   154  serial_driver.o(.text)
    FLASH_PagesMask                          0x08010c61   Thumb Code    20  common.o(.text)
    HAL_SYSTEM_RESET                         0x08010c75   Thumb Code    20  common.o(.text)
    FLASH_DisableWriteProtectionPages        0x08010c89   Thumb Code   108  common.o(.text)
    FLASH_Prepare                            0x08010cf5   Thumb Code    36  common.o(.text)
    checkRC                                  0x08010d19   Thumb Code    22  common.o(.text)
    GetDeviceElecId                          0x08010d2f   Thumb Code    20  common.o(.text)
    CmpDeviceElecId                          0x08010d43   Thumb Code    32  common.o(.text)
    HashDeviceElecId                         0x08010d63   Thumb Code    20  common.o(.text)
    Flash_IsProtected                        0x08010d77   Thumb Code    12  common.o(.text)
    osal_snv_reset                           0x08011001   Thumb Code    40  osal_snv.o(.text)
    osal_snv_init                            0x08011029   Thumb Code    20  osal_snv.o(.text)
    osal_snv_write                           0x0801103d   Thumb Code   220  osal_snv.o(.text)
    osal_snv_read                            0x08011119   Thumb Code    40  osal_snv.o(.text)
    osal_snv_compact                         0x08011141   Thumb Code    46  osal_snv.o(.text)
    appForceBoot                             0x0801120d   Thumb Code    28  sbl_app.o(.text)
    sAD7799_LowLevel_DeInit                  0x08011229   Thumb Code    92  ad7799_driver.o(.text)
    sAD7799_LowLevel_Init                    0x08011285   Thumb Code    98  ad7799_driver.o(.text)
    sAD7799_DeInit                           0x080112e7   Thumb Code     2  ad7799_driver.o(.text)
    sAD7799_SendByte                         0x080112e9   Thumb Code    48  ad7799_driver.o(.text)
    sAD7799_ReadByte                         0x08011319   Thumb Code     4  ad7799_driver.o(.text)
    sAD7799_Init                             0x0801131d   Thumb Code    90  ad7799_driver.o(.text)
    sAD7799_Write_Bytes_Helper               0x08011377   Thumb Code    26  ad7799_driver.o(.text)
    sAD7799_Read_Bytes_Helper                0x08011391   Thumb Code    24  ad7799_driver.o(.text)
    sAD7799_Write_Bytes                      0x080113a9   Thumb Code    36  ad7799_driver.o(.text)
    sAD7799_Read_Bytes                       0x080113cd   Thumb Code    36  ad7799_driver.o(.text)
    sAD7799_ReadReg                          0x080113f1   Thumb Code    54  ad7799_driver.o(.text)
    sAD7799_WriteReg                         0x08011427   Thumb Code    42  ad7799_driver.o(.text)
    sAD7799_WaitBusy                         0x08011451   Thumb Code    60  ad7799_driver.o(.text)
    sAD7799_Install_WaitBusy_Callback        0x0801148d   Thumb Code    62  ad7799_driver.o(.text)
    sAD7799_Cs                               0x080114cb   Thumb Code    20  ad7799_driver.o(.text)
    sAD7799_GetBusyState                     0x080114df   Thumb Code    12  ad7799_driver.o(.text)
    sAD7799_Calibrate                        0x080114eb   Thumb Code    84  ad7799_driver.o(.text)
    sAD7799_Reset                            0x0801153f   Thumb Code    18  ad7799_driver.o(.text)
    OS_CPU_SR_Save                           0x08011561   Thumb Code     0  os_cpu_a.o(.text)
    OS_CPU_SR_Restore                        0x08011569   Thumb Code     0  os_cpu_a.o(.text)
    OSStartHighRdy                           0x0801156f   Thumb Code     0  os_cpu_a.o(.text)
    OSCtxSw                                  0x0801158f   Thumb Code     0  os_cpu_a.o(.text)
    OSIntCtxSw                               0x08011599   Thumb Code     0  os_cpu_a.o(.text)
    PendSV_Handler                           0x080115a3   Thumb Code     0  os_cpu_a.o(.text)
    CPU_IntDis                               0x08011609   Thumb Code     0  cpu_a.o(.text)
    CPU_IntEn                                0x0801160d   Thumb Code     0  cpu_a.o(.text)
    CPU_SR_Save                              0x08011611   Thumb Code     0  cpu_a.o(.text)
    CPU_SR_Restore                           0x08011619   Thumb Code     0  cpu_a.o(.text)
    OS_StrCopy                               0x08011621   Thumb Code    28  os_core.o(.text)
    OSEventNameGet                           0x0801163d   Thumb Code    96  os_core.o(.text)
    OS_StrLen                                0x0801169d   Thumb Code    20  os_core.o(.text)
    OSEventNameSet                           0x080116b1   Thumb Code   106  os_core.o(.text)
    OS_TaskIdle                              0x0801171b   Thumb Code    22  os_core.o(.text)
    OS_MemClr                                0x08011731   Thumb Code    18  os_core.o(.text)
    OSInit                                   0x08011743   Thumb Code   234  os_core.o(.text)
    OSIntEnter                               0x0801182d   Thumb Code    20  os_core.o(.text)
    OSIntExit                                0x08011863   Thumb Code    76  os_core.o(.text)
    OSSchedLock                              0x080118af   Thumb Code    38  os_core.o(.text)
    OS_Sched                                 0x080118d5   Thumb Code    58  os_core.o(.text)
    OSSchedUnlock                            0x0801190f   Thumb Code    52  os_core.o(.text)
    OSStart                                  0x08011943   Thumb Code    38  os_core.o(.text)
    OSTimeTick                               0x08011969   Thumb Code   130  os_core.o(.text)
    OSVersion                                0x080119eb   Thumb Code     6  os_core.o(.text)
    OS_Dummy                                 0x080119f1   Thumb Code     2  os_core.o(.text)
    OS_EventTaskRdy                          0x080119f3   Thumb Code   150  os_core.o(.text)
    OS_EventTaskWait                         0x08011a89   Thumb Code    68  os_core.o(.text)
    OS_EventTOAbort                          0x08011acd   Thumb Code    48  os_core.o(.text)
    OS_EventWaitListInit                     0x08011afd   Thumb Code    22  os_core.o(.text)
    OS_MemCopy                               0x08011b13   Thumb Code    20  os_core.o(.text)
    OS_TaskStatStkChk                        0x08011b27   Thumb Code    50  os_core.o(.text)
    OS_TCBInit                               0x08011b59   Thumb Code   208  os_core.o(.text)
    OSMboxAccept                             0x08011c31   Thumb Code    34  os_mbox.o(.text)
    OSMboxCreate                             0x08011c53   Thumb Code    60  os_mbox.o(.text)
    OSMboxDel                                0x08011c8f   Thumb Code   212  os_mbox.o(.text)
    OSMboxPend                               0x08011d63   Thumb Code   196  os_mbox.o(.text)
    OSMboxPendAbort                          0x08011e27   Thumb Code   118  os_mbox.o(.text)
    OSMboxPost                               0x08011e9d   Thumb Code    88  os_mbox.o(.text)
    OSMboxPostOpt                            0x08011ef5   Thumb Code   120  os_mbox.o(.text)
    OSMboxQuery                              0x08011f6d   Thumb Code    78  os_mbox.o(.text)
    OSTaskChangePrio                         0x08011fcd   Thumb Code   304  os_task.o(.text)
    OSTaskCreate                             0x080120fd   Thumb Code   132  os_task.o(.text)
    OS_TaskStkClr                            0x08012181   Thumb Code    22  os_task.o(.text)
    OSTaskCreateExt                          0x08012197   Thumb Code   152  os_task.o(.text)
    OSTaskDel                                0x0801222f   Thumb Code   292  os_task.o(.text)
    OSTaskDelReq                             0x08012353   Thumb Code    88  os_task.o(.text)
    OSTaskNameGet                            0x080123ab   Thumb Code   156  os_task.o(.text)
    OSTaskNameSet                            0x08012447   Thumb Code   130  os_task.o(.text)
    OSTaskResume                             0x080124c9   Thumb Code   126  os_task.o(.text)
    OSTaskStkChk                             0x08012547   Thumb Code   126  os_task.o(.text)
    OSTaskSuspend                            0x080125c5   Thumb Code   148  os_task.o(.text)
    OSTaskQuery                              0x08012659   Thumb Code    94  os_task.o(.text)
    OSTimeDly                                0x080126d1   Thumb Code    74  os_time.o(.text)
    OSTimeDlyHMSM                            0x0801271b   Thumb Code   128  os_time.o(.text)
    OSTimeDlyResume                          0x0801279b   Thumb Code   132  os_time.o(.text)
    OSTimeGet                                0x0801281f   Thumb Code    18  os_time.o(.text)
    OSTimeSet                                0x08012831   Thumb Code    20  os_time.o(.text)
    SD_CalTimeout                            0x0801285d   Thumb Code   120  sddriver.o(.text)
    SD_GetCardInfo                           0x080128d5   Thumb Code   106  sddriver.o(.text)
    SD_ActiveInit                            0x0801293f   Thumb Code    88  sddriver.o(.text)
    SD_SendIFCond                            0x08012997   Thumb Code    48  sddriver.o(.text)
    SD_Initialize                            0x080129c7   Thumb Code   138  sddriver.o(.text)
    SD_ReadSector                            0x08012a51   Thumb Code    28  sddriver.o(.text)
    SD_WriteSector                           0x08012a6d   Thumb Code    28  sddriver.o(.text)
    SD_ReadMultiSector                       0x08012a89   Thumb Code    52  sddriver.o(.text)
    SD_WriteMultiSector                      0x08012abd   Thumb Code    58  sddriver.o(.text)
    InitMem                                  0x08012b09   Thumb Code   150  memory.o(.text)
    AllocMem                                 0x08012b9f   Thumb Code   100  memory.o(.text)
    FreeMem                                  0x08012c03   Thumb Code    48  memory.o(.text)
    MemCheck                                 0x08012c33   Thumb Code     2  memory.o(.text)
    VOS_CreateSem                            0x08012c41   Thumb Code    24  vos.o(.text)
    VOS_SemP                                 0x08012c59   Thumb Code    16  vos.o(.text)
    VOS_SemV                                 0x08012c69   Thumb Code    24  vos.o(.text)
    VOS_DestroySem                           0x08012c81   Thumb Code    20  vos.o(.text)
    SD_LowLevel_DeInit                       0x08012c95   Thumb Code   100  sddriver_hal.o(.text)
    SD_LowLevel_Init                         0x08012cf9   Thumb Code   188  sddriver_hal.o(.text)
    SD_LowLevel_SetSpeed                     0x08012db5   Thumb Code    74  sddriver_hal.o(.text)
    SPI_ReadWriteByte                        0x08012dff   Thumb Code    48  sddriver_hal.o(.text)
    SPI_CS_Assert                            0x08012e2f   Thumb Code     8  sddriver_hal.o(.text)
    SPI_CS_Deassert                          0x08012e37   Thumb Code     8  sddriver_hal.o(.text)
    halAssertHandler                         0x08012e4d   Thumb Code     2  hal_assert.o(.text)
    halAssertHazardLights                    0x08012e4f   Thumb Code     2  hal_assert.o(.text)
    HalFlashRead                             0x08012e51   Thumb Code    26  hal_flash.o(.text)
    HalFlashWrite                            0x08012e6b   Thumb Code    66  hal_flash.o(.text)
    HalFlashErase                            0x08012ead   Thumb Code    38  hal_flash.o(.text)
    OSInitHookBegin                          0x08012ed3   Thumb Code     2  os_cpu_c.o(.text)
    OSInitHookEnd                            0x08012ed5   Thumb Code     2  os_cpu_c.o(.text)
    OSTaskCreateHook                         0x08012ed7   Thumb Code     4  os_cpu_c.o(.text)
    OSTaskDelHook                            0x08012edb   Thumb Code     4  os_cpu_c.o(.text)
    OSTaskIdleHook                           0x08012edf   Thumb Code     4  os_cpu_c.o(.text)
    OSTaskStatHook                           0x08012ee3   Thumb Code     4  os_cpu_c.o(.text)
    OSTaskStkInit                            0x08012ee7   Thumb Code   114  os_cpu_c.o(.text)
    OSTaskSwHook                             0x08012f59   Thumb Code     4  os_cpu_c.o(.text)
    OSTCBInitHook                            0x08012f5d   Thumb Code     4  os_cpu_c.o(.text)
    OSTimeTickHook                           0x08012f61   Thumb Code     4  os_cpu_c.o(.text)
    OSFlagAccept                             0x08012f65   Thumb Code   162  os_flag.o(.text)
    OSFlagCreate                             0x08013007   Thumb Code    72  os_flag.o(.text)
    OS_FlagUnlink                            0x0801304f   Thumb Code    32  os_flag.o(.text)
    OSFlagDel                                0x080130b5   Thumb Code   198  os_flag.o(.text)
    OSFlagNameGet                            0x0801317b   Thumb Code    88  os_flag.o(.text)
    OSFlagNameSet                            0x080131d3   Thumb Code   100  os_flag.o(.text)
    OSFlagPend                               0x0801328b   Thumb Code   382  os_flag.o(.text)
    OSFlagPendGetFlagsRdy                    0x08013409   Thumb Code    20  os_flag.o(.text)
    OSFlagPost                               0x0801341d   Thumb Code   188  os_flag.o(.text)
    OSFlagQuery                              0x080134d9   Thumb Code    46  os_flag.o(.text)
    OS_FlagInit                              0x08013507   Thumb Code    58  os_flag.o(.text)
    SD_SendCmd                               0x0801354d   Thumb Code   158  sdcmd.o(.text)
    SD_PackParam                             0x080135eb   Thumb Code    16  sdcmd.o(.text)
    SD_BlockCommand                          0x080135fb   Thumb Code    50  sdcmd.o(.text)
    SD_ResetSD                               0x0801362d   Thumb Code    18  sdcmd.o(.text)
    SD_ReadRegister                          0x0801363f   Thumb Code    96  sdcmd.o(.text)
    SD_ReadCSD                               0x0801369f   Thumb Code    46  sdcmd.o(.text)
    SD_ReadCID                               0x080136cd   Thumb Code    46  sdcmd.o(.text)
    SD_StopTransmission                      0x080136fb   Thumb Code    20  sdcmd.o(.text)
    SD_ReadCard_Status                       0x0801370f   Thumb Code    20  sdcmd.o(.text)
    SD_SetBlockLen                           0x08013723   Thumb Code    38  sdcmd.o(.text)
    SD_ReadSingleBlock                       0x08013749   Thumb Code     8  sdcmd.o(.text)
    SD_ReadMultipleBlock                     0x08013751   Thumb Code     8  sdcmd.o(.text)
    SD_WriteSingleBlock                      0x08013759   Thumb Code     8  sdcmd.o(.text)
    SD_WriteMultipleBlock                    0x08013761   Thumb Code     8  sdcmd.o(.text)
    SD_ReadOCR                               0x08013769   Thumb Code    54  sdcmd.o(.text)
    SD_ReadBlockData                         0x0801379f   Thumb Code   110  sdcmd.o(.text)
    SD_WaitBusy                              0x0801380d   Thumb Code    52  sdcmd.o(.text)
    SD_WriteBlockData                        0x08013841   Thumb Code   108  sdcmd.o(.text)
    SD_StopMultiToken                        0x080138ad   Thumb Code    32  sdcmd.o(.text)
    SD_SPIDelay                              0x080138cd   Thumb Code    24  sdcmd.o(.text)
    OSSemAccept                              0x080138e9   Thumb Code    36  os_sem.o(.text)
    OSSemCreate                              0x0801390d   Thumb Code    60  os_sem.o(.text)
    OSSemDel                                 0x08013949   Thumb Code   212  os_sem.o(.text)
    OSSemPend                                0x08013a1d   Thumb Code   168  os_sem.o(.text)
    OSSemPendAbort                           0x08013ac5   Thumb Code   118  os_sem.o(.text)
    OSSemPost                                0x08013b3b   Thumb Code    88  os_sem.o(.text)
    OSSemQuery                               0x08013b93   Thumb Code    78  os_sem.o(.text)
    OSSemSet                                 0x08013be1   Thumb Code    60  os_sem.o(.text)
    __rt_ctype_table                         0x08013c2d   Thumb Code     4  ctype_o.o(.text)
    isspace                                  0x08013c35   Thumb Code    18  isspace_o.o(.text)
    __aeabi_memcpy                           0x08013c47   Thumb Code    36  memcpya.o(.text)
    __aeabi_memcpy4                          0x08013c47   Thumb Code     0  memcpya.o(.text)
    __aeabi_memcpy8                          0x08013c47   Thumb Code     0  memcpya.o(.text)
    __aeabi_memset                           0x08013c6b   Thumb Code    14  memseta.o(.text)
    __aeabi_memset4                          0x08013c6b   Thumb Code     0  memseta.o(.text)
    __aeabi_memset8                          0x08013c6b   Thumb Code     0  memseta.o(.text)
    __aeabi_memclr                           0x08013c79   Thumb Code     4  memseta.o(.text)
    __aeabi_memclr4                          0x08013c79   Thumb Code     0  memseta.o(.text)
    __aeabi_memclr8                          0x08013c79   Thumb Code     0  memseta.o(.text)
    _memset$wrapper                          0x08013c7d   Thumb Code    18  memseta.o(.text)
    strchr                                   0x08013c8f   Thumb Code    20  strchr.o(.text)
    strlen                                   0x08013ca3   Thumb Code    14  strlen.o(.text)
    strcmp                                   0x08013cb1   Thumb Code    28  strcmp.o(.text)
    memcmp                                   0x08013ccd   Thumb Code    26  memcmp.o(.text)
    strcpy                                   0x08013ce7   Thumb Code    18  strcpy.o(.text)
    strncmp                                  0x08013cf9   Thumb Code    30  strncmp.o(.text)
    __0sscanf                                0x08013d19   Thumb Code    48  __0sscanf.o(.text)
    _scanf_int                               0x08013d51   Thumb Code   336  _scanf_int.o(.text)
    atoi                                     0x08013ea1   Thumb Code    26  atoi.o(.text)
    __aeabi_fadd                             0x08013ebb   Thumb Code   164  fadd.o(.text)
    __aeabi_fsub                             0x08013f5f   Thumb Code     6  fadd.o(.text)
    __aeabi_frsub                            0x08013f65   Thumb Code     6  fadd.o(.text)
    __aeabi_fmul                             0x08013f6b   Thumb Code   108  fmul.o(.text)
    __aeabi_fdiv                             0x08013fd7   Thumb Code   128  fdiv.o(.text)
    __aeabi_dadd                             0x08014057   Thumb Code   322  dadd.o(.text)
    __aeabi_dsub                             0x08014199   Thumb Code     6  dadd.o(.text)
    __aeabi_drsub                            0x0801419f   Thumb Code     6  dadd.o(.text)
    __aeabi_dmul                             0x080141a5   Thumb Code   228  dmul.o(.text)
    __aeabi_ddiv                             0x08014289   Thumb Code   222  ddiv.o(.text)
    __aeabi_i2f                              0x08014367   Thumb Code    18  fflti.o(.text)
    __aeabi_ui2f                             0x08014379   Thumb Code    10  ffltui.o(.text)
    __aeabi_f2iz                             0x08014383   Thumb Code    50  ffixi.o(.text)
    __aeabi_f2d                              0x080143b5   Thumb Code    38  f2d.o(.text)
    __aeabi_d2f                              0x080143db   Thumb Code    56  d2f.o(.text)
    __aeabi_uidiv                            0x08014413   Thumb Code     0  uidiv.o(.text)
    __aeabi_uidivmod                         0x08014413   Thumb Code    44  uidiv.o(.text)
    __aeabi_uldivmod                         0x0801443f   Thumb Code    98  uldiv.o(.text)
    __aeabi_llsl                             0x080144a1   Thumb Code    30  llshl.o(.text)
    _ll_shift_l                              0x080144a1   Thumb Code     0  llshl.o(.text)
    __aeabi_lasr                             0x080144bf   Thumb Code    36  llsshr.o(.text)
    _ll_sshift_r                             0x080144bf   Thumb Code     0  llsshr.o(.text)
    _chval                                   0x080144e3   Thumb Code    28  _chval.o(.text)
    __vfscanf_char                           0x0801450d   Thumb Code    20  scanf_char.o(.text)
    _sgetc                                   0x08014529   Thumb Code    30  _sgetc.o(.text)
    _sbackspace                              0x08014547   Thumb Code    34  _sgetc.o(.text)
    strtol                                   0x08014569   Thumb Code   112  strtol.o(.text)
    __I$use$fp                               0x080145d9   Thumb Code     0  iusefp.o(.text)
    _float_round                             0x080145d9   Thumb Code    18  fepilogue.o(.text)
    _float_epilogue                          0x080145eb   Thumb Code    90  fepilogue.o(.text)
    _double_round                            0x08014645   Thumb Code    26  depilogue.o(.text)
    _double_epilogue                         0x0801465f   Thumb Code   164  depilogue.o(.text)
    __ARM_scalbn                             0x08014703   Thumb Code    46  dscalb.o(.text)
    scalbn                                   0x08014703   Thumb Code     0  dscalb.o(.text)
    __aeabi_i2d                              0x08014731   Thumb Code    34  dflti.o(.text)
    __aeabi_d2ulz                            0x08014753   Thumb Code    48  dfixul.o(.text)
    __aeabi_cdcmpeq                          0x08014785   Thumb Code     0  cdcmple.o(.text)
    __aeabi_cdcmple                          0x08014785   Thumb Code    38  cdcmple.o(.text)
    __aeabi_cdrcmple                         0x080147ad   Thumb Code    38  cdrcmple.o(.text)
    __scatterload                            0x080147d5   Thumb Code    28  init.o(.text)
    __scatterload_rt2                        0x080147d5   Thumb Code     0  init.o(.text)
    __aeabi_llsr                             0x080147f9   Thumb Code    32  llushr.o(.text)
    _ll_ushift_r                             0x080147f9   Thumb Code     0  llushr.o(.text)
    __vfscanf                                0x08014819   Thumb Code   806  _scanf.o(.text)
    _strtoul                                 0x08014b45   Thumb Code   158  _strtoul.o(.text)
    _dsqrt                                   0x08014be3   Thumb Code   162  dsqrt.o(.text)
    __decompress                             0x08014c85   Thumb Code     0  __dczerorl2.o(.text)
    __decompress1                            0x08014c85   Thumb Code    92  __dczerorl2.o(.text)
    __0printf$8                              0x08014ce1   Thumb Code    22  printf8.o(i.__0printf$8)
    __1printf$8                              0x08014ce1   Thumb Code     0  printf8.o(i.__0printf$8)
    __2printf                                0x08014ce1   Thumb Code     0  printf8.o(i.__0printf$8)
    __0sprintf$8                             0x08014d01   Thumb Code    34  printf8.o(i.__0sprintf$8)
    __1sprintf$8                             0x08014d01   Thumb Code     0  printf8.o(i.__0sprintf$8)
    __2sprintf                               0x08014d01   Thumb Code     0  printf8.o(i.__0sprintf$8)
    __0vsprintf                              0x08014d29   Thumb Code    30  printfa.o(i.__0vsprintf)
    __1vsprintf                              0x08014d29   Thumb Code     0  printfa.o(i.__0vsprintf)
    __2vsprintf                              0x08014d29   Thumb Code     0  printfa.o(i.__0vsprintf)
    __c89vsprintf                            0x08014d29   Thumb Code     0  printfa.o(i.__0vsprintf)
    vsprintf                                 0x08014d29   Thumb Code     0  printfa.o(i.__0vsprintf)
    __ARM_fpclassify                         0x08014d4d   Thumb Code    40  fpclassify.o(i.__ARM_fpclassify)
    __aeabi_errno_addr                       0x08014d75   Thumb Code     4  errno.o(i.__aeabi_errno_addr)
    __rt_errno_addr                          0x08014d75   Thumb Code     0  errno.o(i.__aeabi_errno_addr)
    __kernel_poly                            0x08014d7d   Thumb Code   170  poly.o(i.__kernel_poly)
    __mathlib_dbl_underflow                  0x08014e29   Thumb Code    10  dunder.o(i.__mathlib_dbl_underflow)
    __scatterload_copy                       0x08014e39   Thumb Code    14  handlers.o(i.__scatterload_copy)
    __scatterload_null                       0x08014e47   Thumb Code     2  handlers.o(i.__scatterload_null)
    __scatterload_zeroinit                   0x08014e49   Thumb Code    14  handlers.o(i.__scatterload_zeroinit)
    __set_errno                              0x08014e59   Thumb Code     6  errno.o(i.__set_errno)
    log                                      0x08015b79   Thumb Code   822  log.o(i.log)
    pow                                      0x08015ee9   Thumb Code  2510  pow.o(i.pow)
    sqrt                                     0x080168c9   Thumb Code    78  sqrt.o(i.sqrt)
    pParameter                               0x08016918   Data           4  config.o(.constdata)
    pRuntimeInfo                             0x0801691c   Data           4  config.o(.constdata)
    LocalCfgOffset                           0x08016920   Data           3  config.o(.constdata)
    LocalCfgSize                             0x08016923   Data           3  config.o(.constdata)
    version                                  0x08016926   Data          20  config.o(.constdata)
    relays                                   0x0801693a   Data          10  relay.o(.constdata)
    inputs                                   0x08016944   Data           1  dica.o(.constdata)
    Serial_DataBits                          0x08016946   Data           4  serial.o(.constdata)
    Serial_StopBits                          0x0801694a   Data           6  serial.o(.constdata)
    Serial_Parity                            0x08016950   Data           6  serial.o(.constdata)
    sbBuf                                    0x080169a8   Data           4  sapp.o(.constdata)
    STM32F10x_STR                            0x080169ac   Data          52  printf.o(.constdata)
    Virtual_Com_Port_DeviceDescriptor        0x080169f4   Data          18  usb_desc.o(.constdata)
    Virtual_Com_Port_ConfigDescriptor        0x08016a06   Data          67  usb_desc.o(.constdata)
    Virtual_Com_Port_StringLangID            0x08016a49   Data           4  usb_desc.o(.constdata)
    Virtual_Com_Port_StringVendor            0x08016a4d   Data          38  usb_desc.o(.constdata)
    Virtual_Com_Port_StringProduct           0x08016a73   Data          50  usb_desc.o(.constdata)
    ascii_8x16                               0x08016aa5   Data        1536  font.o(.constdata)
    ASCII_12x24                              0x080170a6   Data        9216  font.o(.constdata)
    ascii_24x48                              0x080194a6   Data       13824  font.o(.constdata)
    codeGB_24                                0x0801caa6   Data        8400  font.o(.constdata)
    BackupRegs                               0x0801eb76   Data           9  rtc_driver.o(.constdata)
    table_week                               0x0801eb7f   Data          12  rtc_driver.o(.constdata)
    mon_table                                0x0801eb8b   Data          12  rtc_driver.o(.constdata)
    TIMER_IRQ                                0x0801eb98   Data           8  timer_driver.o(.constdata)
    TIMER_CLK                                0x0801eba0   Data          16  timer_driver.o(.constdata)
    COM_TX_PIN                               0x0801ebb0   Data           6  serial_driver.o(.constdata)
    COM_RX_PIN                               0x0801ebb6   Data           6  serial_driver.o(.constdata)
    COM_USART                                0x0801ebbc   Data          12  serial_driver.o(.constdata)
    COM_TX_PORT                              0x0801ebc8   Data          12  serial_driver.o(.constdata)
    COM_RX_PORT                              0x0801ebd4   Data          12  serial_driver.o(.constdata)
    COM_USART_CLK                            0x0801ebe0   Data          12  serial_driver.o(.constdata)
    COM_TX_PORT_CLK                          0x0801ebec   Data          12  serial_driver.o(.constdata)
    COM_RX_PORT_CLK                          0x0801ebf8   Data          12  serial_driver.o(.constdata)
    OSUnMapTbl                               0x0801ec04   Data         256  os_core.o(.constdata)
    r2w_fator                                0x0801ed04   Data           6  sddriver.o(.constdata)
    time_unit                                0x0801ed0c   Data          32  sddriver.o(.constdata)
    time_value                               0x0801ed2c   Data          16  sddriver.o(.constdata)
    __ctype_table                            0x0801ee00   Data         129  ctype_o.o(.constdata)
    __mathlib_zero                           0x0801ee88   Data           8  qnan.o(.constdata)
    Region$$Table$$Base                      0x0801eec4   Number         0  anon$$obj.o(Region$$Table)
    Region$$Table$$Limit                     0x0801eee4   Number         0  anon$$obj.o(Region$$Table)
    ulAppTime                                0x20000000   Data           4  app.o(.data)
    ulAppTicks                               0x20000004   Data           4  app.o(.data)
    ulAppSecond                              0x20000008   Data           4  app.o(.data)
    gusDeviceId                              0x2000000c   Data           2  config.o(.data)
    gSerialTester                            0x2000000e   Data           2  serial.o(.data)
    sappItfType                              0x20000015   Data           1  sapp.o(.data)
    sappItfPort                              0x20000016   Data           1  sapp.o(.data)
    sappTgtType                              0x20000017   Data           1  sapp.o(.data)
    sbFcs                                    0x20000018   Data           1  sapp.o(.data)
    sbIdx                                    0x20000019   Data           1  sapp.o(.data)
    sbLen                                    0x2000001a   Data           1  sapp.o(.data)
    sappFlags                                0x2000001c   Data           1  sapp.o(.data)
    curFont                                  0x20000024   Data           4  display.o(.data)
    adcChlHeader                             0x2000002c   Data           4  display.o(.data)
    aAdcPool                                 0x20000030   Data           4  display.o(.data)
    rectTime                                 0x20000034   Data           8  display.o(.data)
    SystemCoreClock                          0x20000050   Data           4  system_stm32f10x.o(.data)
    AHBPrescTable                            0x20000054   Data          16  system_stm32f10x.o(.data)
    Data_Mul_MaxPacketSize                   0x20000064   Data           1  usb_core.o(.data)
    StatusInfo                               0x20000066   Data           2  usb_core.o(.data)
    pInformation                             0x20000068   Data           4  usb_init.o(.data)
    pProperty                                0x2000006c   Data           4  usb_init.o(.data)
    pUser_Standard_Requests                  0x20000070   Data           4  usb_init.o(.data)
    wInterrupt_Mask                          0x20000074   Data           2  usb_init.o(.data)
    SaveRState                               0x20000076   Data           2  usb_int.o(.data)
    SaveTState                               0x20000078   Data           2  usb_int.o(.data)
    USB_Tx_State                             0x2000007c   Data           1  hw_config.o(.data)
    USART_Rx_length                          0x20000080   Data           4  hw_config.o(.data)
    USART_Rx_ptr_in                          0x20000084   Data           4  hw_config.o(.data)
    USART_Rx_ptr_out                         0x20000088   Data           4  hw_config.o(.data)
    USART_Tx_ptr_in                          0x2000008c   Data           4  hw_config.o(.data)
    sUsb2UartCb                              0x20000090   Data           4  hw_config.o(.data)
    USART_Tx_ptr_out                         0x20000094   Data           4  hw_config.o(.data)
    Virtual_Com_Port_StringSerial            0x20000098   Data          26  usb_desc.o(.data)
    Request                                  0x200000b4   Data           1  usb_prop.o(.data)
    linecoding                               0x200000b8   Data           8  usb_prop.o(.data)
    Device_Descriptor                        0x200000c0   Data           8  usb_prop.o(.data)
    Config_Descriptor                        0x200000c8   Data           8  usb_prop.o(.data)
    Device_Property                          0x200000d0   Data          48  usb_prop.o(.data)
    String_Descriptor                        0x20000100   Data          32  usb_prop.o(.data)
    Device_Table                             0x20000120   Data           2  usb_prop.o(.data)
    User_Standard_Requests                   0x20000124   Data          36  usb_prop.o(.data)
    bDeviceState                             0x20000148   Data           4  usb_pwr.o(.data)
    ResumeS                                  0x2000014c   Data           2  usb_pwr.o(.data)
    TIMER_Def                                0x2000026c   Data          16  timer_driver.o(.data)
    default_timeouts                         0x2000027c   Data           4  sys_time.o(.data)
    BlockNbr                                 0x20000280   Data           4  common.o(.data)
    UserMemoryMask                           0x20000284   Data           4  common.o(.data)
    FlashProtection                          0x20000288   Data           4  common.o(.data)
    OSIntNesting                             0x20000294   Data           1  os_core.o(.data)
    OSLockNesting                            0x20000295   Data           1  os_core.o(.data)
    OSPrioCur                                0x20000296   Data           1  os_core.o(.data)
    OSPrioHighRdy                            0x20000297   Data           1  os_core.o(.data)
    OSRdyGrp                                 0x20000298   Data           1  os_core.o(.data)
    OSRunning                                0x20000299   Data           1  os_core.o(.data)
    OSTaskCtr                                0x2000029a   Data           1  os_core.o(.data)
    OSCtxSwCtr                               0x2000029c   Data           4  os_core.o(.data)
    OSEventFreeList                          0x200002a0   Data           4  os_core.o(.data)
    OSIdleCtr                                0x200002a4   Data           4  os_core.o(.data)
    OSTCBCur                                 0x200002a8   Data           4  os_core.o(.data)
    OSTCBFreeList                            0x200002ac   Data           4  os_core.o(.data)
    OSTCBHighRdy                             0x200002b0   Data           4  os_core.o(.data)
    OSTCBList                                0x200002b4   Data           4  os_core.o(.data)
    OSTime                                   0x200002b8   Data           4  os_core.o(.data)
    OSRdyTbl                                 0x200002bc   Data           8  os_core.o(.data)
    OSFlagFreeList                           0x200002c4   Data           4  os_core.o(.data)
    memStat                                  0x200002c8   Data           2  memory.o(.data)
    __stdout                                 0x200002cc   Data           4  stdout.o(.data)
    Config_buff                              0x20000cd4   Data        1024  config.o(.bss)
    gAdmin                                   0x200010d4   Data          34  config.o(.bss)
    aPulseCtrl                               0x200010f8   Data         320  relay.o(.bss)
    Serial                                   0x20001244   Data        1332  serial.o(.bss)
    UartCmdStru                              0x20001778   Data         520  uartcmd.o(.bss)
    rpcBuf                                   0x20001980   Data         196  sapp.o(.bss)
    Display                                  0x20001a84   Data         540  display.o(.bss)
    font24                                   0x20001ca0   Data          16  display.o(.bss)
    font8                                    0x20001cb0   Data          16  display.o(.bss)
    aAdcChl                                  0x20001cc0   Data          48  display.o(.bss)
    sStorageRunTimeInfo                      0x20001cf0   Data          20  storage.o(.bss)
    fs                                       0x20001d04   Data         564  storage.o(.bss)
    sUsrInfo                                 0x20001f38   Data          48  storage.o(.bss)
    Device_Info                              0x20001f68   Data          28  usb_init.o(.bss)
    USART_Rx_Buffer                          0x20001f84   Data         512  hw_config.o(.bss)
    USART_Tx_Buffer                          0x20002184   Data         512  hw_config.o(.bss)
    TimerArray                               0x20002384   Data         192  timer.o(.bss)
    TimerIndex                               0x20002444   Data          16  timer.o(.bss)
    EXTI_PORT                                0x20002728   Data          64  gpio.o(.bss)
    aSensorHandler                           0x20002768   Data         384  gpio.o(.bss)
    timer                                    0x200028e8   Data          10  rtc_driver.o(.bss)
    aTimerHandler                            0x200028f4   Data          64  timer_driver.o(.bss)
    OSEventTbl                               0x20002934   Data         360  os_core.o(.bss)
    OSTaskIdleStk                            0x20002a9c   Data         512  os_core.o(.bss)
    OSTCBPrioTbl                             0x20002c9c   Data         256  os_core.o(.bss)
    OSTCBTbl                                 0x20002d9c   Data        1496  os_core.o(.bss)
    OSFlagTbl                                0x20003374   Data         140  os_core.o(.bss)
    sds                                      0x20003400   Data          28  sddriver.o(.bss)
    memblock                                 0x2000341c   Data        4000  memory.o(.bss)
    memIndex                                 0x200043bc   Data          40  memory.o(.bss)
    memOffset                                0x200043e4   Data          80  memory.o(.bss)
    __initial_sp                             0x20004838   Data           0  startup_stm32f10x_md.o(STACK)



==============================================================================

Memory Map of the image

  Image Entry point : 0x080030ed

  Load Region LR_IROM1 (Base: 0x08003000, Size: 0x0001c1b8, Max: 0x00020000, ABSOLUTE, COMPRESSED[0x0001bff4])

    Execution Region ER_IROM1 (Base: 0x08003000, Size: 0x0001bee4, Max: 0x00020000, ABSOLUTE)

    Base Addr    Size         Type   Attr      Idx    E Section Name        Object

    0x08003000   0x000000ec   Data   RO          895    RESET               startup_stm32f10x_md.o
    0x080030ec   0x00000000   Code   RO         2049  * .ARM.Collect$$$$00000000  mc_w.l(entry.o)
    0x080030ec   0x00000004   Code   RO         2402    .ARM.Collect$$$$00000001  mc_w.l(entry2.o)
    0x080030f0   0x00000004   Code   RO         2405    .ARM.Collect$$$$00000004  mc_w.l(entry5.o)
    0x080030f4   0x00000000   Code   RO         2407    .ARM.Collect$$$$00000008  mc_w.l(entry7b.o)
    0x080030f4   0x00000000   Code   RO         2409    .ARM.Collect$$$$0000000A  mc_w.l(entry8b.o)
    0x080030f4   0x00000008   Code   RO         2410    .ARM.Collect$$$$0000000B  mc_w.l(entry9a.o)
    0x080030fc   0x00000000   Code   RO         2412    .ARM.Collect$$$$0000000D  mc_w.l(entry10a.o)
    0x080030fc   0x00000000   Code   RO         2414    .ARM.Collect$$$$0000000F  mc_w.l(entry11a.o)
    0x080030fc   0x00000004   Code   RO         2403    .ARM.Collect$$$$00002712  mc_w.l(entry2.o)
    0x08003100   0x00000324   Code   RO            1    .text               app.o
    0x08003424   0x00000524   Code   RO          236    .text               stm32f10x_it.o
    0x08003948   0x000003f0   Code   RO          267    .text               config.o
    0x08003d38   0x000000a0   Code   RO          300    .text               relay.o
    0x08003dd8   0x00000038   Code   RO          343    .text               dica.o
    0x08003e10   0x000000dc   Code   RO          377    .text               beep.o
    0x08003eec   0x00000584   Code   RO          390    .text               serial.o
    0x08004470   0x000001e0   Code   RO          437    .text               uartcmd.o
    0x08004650   0x00000304   Code   RO          468    .text               at.o
    0x08004954   0x000002dc   Code   RO          499    .text               sapp.o
    0x08004c30   0x00000034   Code   RO          522    .text               printf.o
    0x08004c64   0x000000a2   Code   RO          549    .text               ad7799.o
    0x08004d06   0x00000002   PAD
    0x08004d08   0x00004fa4   Code   RO          561    .text               display.o
    0x08009cac   0x00000a5c   Code   RO          614    .text               lcd.o
    0x0800a708   0x00000274   Code   RO          627    .text               storage.o
    0x0800a97c   0x00000098   Code   RO          681    .text               stm32f10x_bkp.o
    0x0800aa14   0x000000e8   Code   RO          693    .text               stm32f10x_exti.o
    0x0800aafc   0x00000260   Code   RO          705    .text               stm32f10x_gpio.o
    0x0800ad5c   0x000000ac   Code   RO          717    .text               stm32f10x_pwr.o
    0x0800ae08   0x000002b8   Code   RO          729    .text               stm32f10x_rcc.o
    0x0800b0c0   0x00000274   Code   RO          743    .text               stm32f10x_spi.o
    0x0800b334   0x00000a1c   Code   RO          755    .text               stm32f10x_tim.o
    0x0800bd50   0x00000110   Code   RO          768    .text               stm32f10x_rtc.o
    0x0800be60   0x00000498   Code   RO          781    .text               stm32f10x_flash.o
    0x0800c2f8   0x0000003c   Code   RO          843    .text               stm32f10x_iwdg.o
    0x0800c334   0x00000330   Code   RO          858    .text               stm32f10x_usart.o
    0x0800c664   0x000000b0   Code   RO          870    .text               misc.o
    0x0800c714   0x00000034   Code   RO          896    .text               startup_stm32f10x_md.o
    0x0800c748   0x0000014c   Code   RO          900    .text               system_stm32f10x.o
    0x0800c894   0x000007a8   Code   RO          943    .text               usb_core.o
    0x0800d03c   0x00000028   Code   RO          989    .text               usb_init.o
    0x0800d064   0x00000040   Code   RO         1039    .text               usb_mem.o
    0x0800d0a4   0x0000066c   Code   RO         1051    .text               usb_regs.o
    0x0800d710   0x0000006c   Code   RO         1064    .text               usb_sil.o
    0x0800d77c   0x000001cc   Code   RO         1076    .text               hw_config.o
    0x0800d948   0x00000214   Code   RO         1172    .text               usb_prop.o
    0x0800db5c   0x000000f4   Code   RO         1197    .text               usb_pwr.o
    0x0800dc50   0x000000f0   Code   RO         1218    .text               usbcdc.o
    0x0800dd40   0x00000004   Code   RO         1234    .text               font.o
    0x0800dd44   0x0000006a   Code   RO         1256    .text               diskio.o
    0x0800ddae   0x00000002   PAD
    0x0800ddb0   0x00001ac0   Code   RO         1291    .text               ff.o
    0x0800f870   0x00000158   Code   RO         1312    .text               0862100000STM32F103.lib(timer.o)
    0x0800f9c8   0x000001c4   Code   RO         1356    .text               0862100000STM32F103.lib(msg.o)
    0x0800fb8c   0x0000011c   Code   RO         1397    .text               0862100000STM32F103.lib(task.o)
    0x0800fca8   0x000001e0   Code   RO         1415    .text               0862100000STM32F103.lib(keyboard.o)
    0x0800fe88   0x000003e0   Code   RO         1518    .text               0862100000STM32F103.lib(gpio.o)
    0x08010268   0x00000090   Code   RO         1543    .text               0862100000STM32F103.lib(bsp.o)
    0x080102f8   0x00000050   Code   RO         1580    .text               0862100000STM32F103.lib(iwdg_driver.o)
    0x08010348   0x000003b0   Code   RO         1595    .text               0862100000STM32F103.lib(rtc_driver.o)
    0x080106f8   0x00000374   Code   RO         1649    .text               0862100000STM32F103.lib(timer_driver.o)
    0x08010a6c   0x00000154   Code   RO         1669    .text               0862100000STM32F103.lib(sys_time.o)
    0x08010bc0   0x000000a0   Code   RO         1685    .text               0862100000STM32F103.lib(serial_driver.o)
    0x08010c60   0x0000013c   Code   RO         1704    .text               0862100000STM32F103.lib(common.o)
    0x08010d9c   0x00000470   Code   RO         1734    .text               0862100000STM32F103.lib(osal_snv.o)
    0x0801120c   0x0000001c   Code   RO         1757    .text               0862100000STM32F103.lib(sbl_app.o)
    0x08011228   0x00000338   Code   RO         1772    .text               0862100000STM32F103.lib(ad7799_driver.o)
    0x08011560   0x000000a8   Code   RO         1788    .text               0862100000STM32F103.lib(os_cpu_a.o)
    0x08011608   0x00000016   Code   RO         1791    .text               0862100000STM32F103.lib(cpu_a.o)
    0x0801161e   0x00000002   PAD
    0x08011620   0x00000610   Code   RO         1794    .text               0862100000STM32F103.lib(os_core.o)
    0x08011c30   0x0000039c   Code   RO         1817    .text               0862100000STM32F103.lib(os_mbox.o)
    0x08011fcc   0x00000704   Code   RO         1829    .text               0862100000STM32F103.lib(os_task.o)
    0x080126d0   0x0000018c   Code   RO         1842    .text               0862100000STM32F103.lib(os_time.o)
    0x0801285c   0x000002ac   Code   RO         1854    .text               0862100000STM32F103.lib(sddriver.o)
    0x08012b08   0x00000138   Code   RO         1888    .text               0862100000STM32F103.lib(memory.o)
    0x08012c40   0x00000054   Code   RO         1904    .text               0862100000STM32F103.lib(vos.o)
    0x08012c94   0x000001b8   Code   RO         1926    .text               0862100000STM32F103.lib(sddriver_hal.o)
    0x08012e4c   0x00000004   Code   RO         1941    .text               0862100000STM32F103.lib(hal_assert.o)
    0x08012e50   0x00000082   Code   RO         1956    .text               0862100000STM32F103.lib(hal_flash.o)
    0x08012ed2   0x00000092   Code   RO         1968    .text               0862100000STM32F103.lib(os_cpu_c.o)
    0x08012f64   0x000005e8   Code   RO         1987    .text               0862100000STM32F103.lib(os_flag.o)
    0x0801354c   0x0000039c   Code   RO         2000    .text               0862100000STM32F103.lib(sdcmd.o)
    0x080138e8   0x00000344   Code   RO         2017    .text               0862100000STM32F103.lib(os_sem.o)
    0x08013c2c   0x00000008   Code   RO         2052    .text               mc_w.l(ctype_o.o)
    0x08013c34   0x00000012   Code   RO         2074    .text               mc_w.l(isspace_o.o)
    0x08013c46   0x00000024   Code   RO         2080    .text               mc_w.l(memcpya.o)
    0x08013c6a   0x00000024   Code   RO         2082    .text               mc_w.l(memseta.o)
    0x08013c8e   0x00000014   Code   RO         2084    .text               mc_w.l(strchr.o)
    0x08013ca2   0x0000000e   Code   RO         2086    .text               mc_w.l(strlen.o)
    0x08013cb0   0x0000001c   Code   RO         2088    .text               mc_w.l(strcmp.o)
    0x08013ccc   0x0000001a   Code   RO         2090    .text               mc_w.l(memcmp.o)
    0x08013ce6   0x00000012   Code   RO         2092    .text               mc_w.l(strcpy.o)
    0x08013cf8   0x0000001e   Code   RO         2094    .text               mc_w.l(strncmp.o)
    0x08013d16   0x00000002   PAD
    0x08013d18   0x00000038   Code   RO         2359    .text               mc_w.l(__0sscanf.o)
    0x08013d50   0x00000150   Code   RO         2361    .text               mc_w.l(_scanf_int.o)
    0x08013ea0   0x0000001a   Code   RO         2363    .text               mc_w.l(atoi.o)
    0x08013eba   0x000000b0   Code   RO         2365    .text               mf_w.l(fadd.o)
    0x08013f6a   0x0000006c   Code   RO         2367    .text               mf_w.l(fmul.o)
    0x08013fd6   0x00000080   Code   RO         2369    .text               mf_w.l(fdiv.o)
    0x08014056   0x0000014e   Code   RO         2371    .text               mf_w.l(dadd.o)
    0x080141a4   0x000000e4   Code   RO         2373    .text               mf_w.l(dmul.o)
    0x08014288   0x000000de   Code   RO         2375    .text               mf_w.l(ddiv.o)
    0x08014366   0x00000012   Code   RO         2377    .text               mf_w.l(fflti.o)
    0x08014378   0x0000000a   Code   RO         2379    .text               mf_w.l(ffltui.o)
    0x08014382   0x00000032   Code   RO         2381    .text               mf_w.l(ffixi.o)
    0x080143b4   0x00000026   Code   RO         2383    .text               mf_w.l(f2d.o)
    0x080143da   0x00000038   Code   RO         2385    .text               mf_w.l(d2f.o)
    0x08014412   0x0000002c   Code   RO         2417    .text               mc_w.l(uidiv.o)
    0x0801443e   0x00000062   Code   RO         2419    .text               mc_w.l(uldiv.o)
    0x080144a0   0x0000001e   Code   RO         2421    .text               mc_w.l(llshl.o)
    0x080144be   0x00000024   Code   RO         2423    .text               mc_w.l(llsshr.o)
    0x080144e2   0x0000001c   Code   RO         2432    .text               mc_w.l(_chval.o)
    0x080144fe   0x00000002   PAD
    0x08014500   0x00000028   Code   RO         2434    .text               mc_w.l(scanf_char.o)
    0x08014528   0x00000040   Code   RO         2436    .text               mc_w.l(_sgetc.o)
    0x08014568   0x00000070   Code   RO         2438    .text               mc_w.l(strtol.o)
    0x080145d8   0x00000000   Code   RO         2440    .text               mc_w.l(iusefp.o)
    0x080145d8   0x0000006c   Code   RO         2441    .text               mf_w.l(fepilogue.o)
    0x08014644   0x000000be   Code   RO         2443    .text               mf_w.l(depilogue.o)
    0x08014702   0x0000002e   Code   RO         2445    .text               mf_w.l(dscalb.o)
    0x08014730   0x00000022   Code   RO         2447    .text               mf_w.l(dflti.o)
    0x08014752   0x00000030   Code   RO         2449    .text               mf_w.l(dfixul.o)
    0x08014782   0x00000002   PAD
    0x08014784   0x00000028   Code   RO         2451    .text               mf_w.l(cdcmple.o)
    0x080147ac   0x00000028   Code   RO         2453    .text               mf_w.l(cdrcmple.o)
    0x080147d4   0x00000024   Code   RO         2455    .text               mc_w.l(init.o)
    0x080147f8   0x00000020   Code   RO         2457    .text               mc_w.l(llushr.o)
    0x08014818   0x0000032c   Code   RO         2461    .text               mc_w.l(_scanf.o)
    0x08014b44   0x0000009e   Code   RO         2463    .text               mc_w.l(_strtoul.o)
    0x08014be2   0x000000a2   Code   RO         2465    .text               mf_w.l(dsqrt.o)
    0x08014c84   0x0000005c   Code   RO         2478    .text               mc_w.l(__dczerorl2.o)
    0x08014ce0   0x00000020   Code   RO         2305    i.__0printf$8       mc_w.l(printf8.o)
    0x08014d00   0x00000028   Code   RO         2307    i.__0sprintf$8      mc_w.l(printf8.o)
    0x08014d28   0x00000024   Code   RO         2337    i.__0vsprintf       mc_w.l(printfa.o)
    0x08014d4c   0x00000028   Code   RO         2389    i.__ARM_fpclassify  m_ws.l(fpclassify.o)
    0x08014d74   0x00000008   Code   RO         2425    i.__aeabi_errno_addr  mc_w.l(errno.o)
    0x08014d7c   0x000000aa   Code   RO         2391    i.__kernel_poly     m_ws.l(poly.o)
    0x08014e26   0x00000002   PAD
    0x08014e28   0x00000010   Code   RO         2387    i.__mathlib_dbl_underflow  m_ws.l(dunder.o)
    0x08014e38   0x0000000e   Code   RO         2472    i.__scatterload_copy  mc_w.l(handlers.o)
    0x08014e46   0x00000002   Code   RO         2473    i.__scatterload_null  mc_w.l(handlers.o)
    0x08014e48   0x0000000e   Code   RO         2474    i.__scatterload_zeroinit  mc_w.l(handlers.o)
    0x08014e56   0x00000002   PAD
    0x08014e58   0x0000000c   Code   RO         2427    i.__set_errno       mc_w.l(errno.o)
    0x08014e64   0x0000015c   Code   RO         2338    i._fp_digits        mc_w.l(printfa.o)
    0x08014fc0   0x00000408   Code   RO         2312    i._printf_core      mc_w.l(printf8.o)
    0x080153c8   0x000006f0   Code   RO         2339    i._printf_core      mc_w.l(printfa.o)
    0x08015ab8   0x00000026   Code   RO         2313    i._printf_post_padding  mc_w.l(printf8.o)
    0x08015ade   0x00000026   Code   RO         2340    i._printf_post_padding  mc_w.l(printfa.o)
    0x08015b04   0x00000030   Code   RO         2314    i._printf_pre_padding  mc_w.l(printf8.o)
    0x08015b34   0x00000030   Code   RO         2341    i._printf_pre_padding  mc_w.l(printfa.o)
    0x08015b64   0x0000000a   Code   RO         2316    i._sputc            mc_w.l(printf8.o)
    0x08015b6e   0x0000000a   Code   RO         2343    i._sputc            mc_w.l(printfa.o)
    0x08015b78   0x00000370   Code   RO         2030    i.log               m_ws.l(log.o)
    0x08015ee8   0x000009e0   Code   RO         2040    i.pow               m_ws.l(pow.o)
    0x080168c8   0x0000004e   Code   RO         2395    i.sqrt              m_ws.l(sqrt.o)
    0x08016916   0x00000002   PAD
    0x08016918   0x00000004   Data   RO          269    .constdata          config.o
    0x0801691c   0x00000004   Data   RO          271    .constdata          config.o
    0x08016920   0x0000001a   Data   RO          274    .constdata          config.o
    0x0801693a   0x0000000a   Data   RO          302    .constdata          relay.o
    0x08016944   0x00000001   Data   RO          344    .constdata          dica.o
    0x08016945   0x00000001   PAD
    0x08016946   0x00000010   Data   RO          392    .constdata          serial.o
    0x08016956   0x00000002   PAD
    0x08016958   0x00000050   Data   RO          469    .constdata          at.o
    0x080169a8   0x00000004   Data   RO          501    .constdata          sapp.o
    0x080169ac   0x00000034   Data   RO          523    .constdata          printf.o
    0x080169e0   0x00000014   Data   RO          564    .constdata          display.o
    0x080169f4   0x00000012   Data   RO         1111    .constdata          usb_desc.o
    0x08016a06   0x00000043   Data   RO         1112    .constdata          usb_desc.o
    0x08016a49   0x00000004   Data   RO         1113    .constdata          usb_desc.o
    0x08016a4d   0x00000026   Data   RO         1114    .constdata          usb_desc.o
    0x08016a73   0x00000032   Data   RO         1115    .constdata          usb_desc.o
    0x08016aa5   0x00000600   Data   RO         1235    .constdata          font.o
    0x080170a5   0x00000001   PAD
    0x080170a6   0x00002400   Data   RO         1236    .constdata          font.o
    0x080194a6   0x00003600   Data   RO         1237    .constdata          font.o
    0x0801caa6   0x000020d0   Data   RO         1238    .constdata          font.o
    0x0801eb76   0x00000021   Data   RO         1597    .constdata          0862100000STM32F103.lib(rtc_driver.o)
    0x0801eb97   0x00000001   PAD
    0x0801eb98   0x00000018   Data   RO         1651    .constdata          0862100000STM32F103.lib(timer_driver.o)
    0x0801ebb0   0x00000054   Data   RO         1686    .constdata          0862100000STM32F103.lib(serial_driver.o)
    0x0801ec04   0x00000100   Data   RO         1797    .constdata          0862100000STM32F103.lib(os_core.o)
    0x0801ed04   0x00000038   Data   RO         1856    .constdata          0862100000STM32F103.lib(sddriver.o)
    0x0801ed3c   0x00000004   PAD
    0x0801ed40   0x00000038   Data   RO         2031    .constdata          m_ws.l(log.o)
    0x0801ed78   0x00000088   Data   RO         2041    .constdata          m_ws.l(pow.o)
    0x0801ee00   0x00000081   Data   RO         2053    .constdata          mc_w.l(ctype_o.o)
    0x0801ee81   0x00000003   PAD
    0x0801ee84   0x00000004   Data   RO         2054    .constdata          mc_w.l(ctype_o.o)
    0x0801ee88   0x00000008   Data   RO         2393    .constdata          m_ws.l(qnan.o)
    0x0801ee90   0x0000000f   Data   RO          470    .conststring        at.o
    0x0801ee9f   0x00000007   Data   RO          565    .conststring        display.o
    0x0801eea6   0x0000001c   Data   RO         1520    .conststring        0862100000STM32F103.lib(gpio.o)
    0x0801eec2   0x00000002   PAD
    0x0801eec4   0x00000020   Data   RO         2470    Region$$Table       anon$$obj.o


    Execution Region RW_IRAM1 (Base: 0x20000000, Size: 0x00004838, Max: 0x00005000, ABSOLUTE, COMPRESSED[0x00000110])

    Base Addr    Size         Type   Attr      Idx    E Section Name        Object

    0x20000000   0x0000000c   Data   RW            3    .data               app.o
    0x2000000c   0x00000002   Data   RW          275    .data               config.o
    0x2000000e   0x00000002   Data   RW          393    .data               serial.o
    0x20000010   0x00000004   Data   RW          439    .data               uartcmd.o
    0x20000014   0x00000001   Data   RW          471    .data               at.o
    0x20000015   0x00000008   Data   RW          502    .data               sapp.o
    0x2000001d   0x00000003   PAD
    0x20000020   0x0000001c   Data   RW          566    .data               display.o
    0x2000003c   0x00000014   Data   RW          730    .data               stm32f10x_rcc.o
    0x20000050   0x00000014   Data   RW          901    .data               system_stm32f10x.o
    0x20000064   0x00000004   Data   RW          944    .data               usb_core.o
    0x20000068   0x0000000c   Data   RW          992    .data               usb_init.o
    0x20000074   0x00000002   Data   RW          994    .data               usb_init.o
    0x20000076   0x00000004   Data   RW         1016    .data               usb_int.o
    0x2000007a   0x00000002   PAD
    0x2000007c   0x00000018   Data   RW         1078    .data               hw_config.o
    0x20000094   0x00000004   Data   RW         1079    .data               hw_config.o
    0x20000098   0x0000001a   Data   RW         1116    .data               usb_desc.o
    0x200000b2   0x00000002   PAD
    0x200000b4   0x0000006c   Data   RW         1173    .data               usb_prop.o
    0x20000120   0x00000002   Data   RW         1174    .data               usb_prop.o
    0x20000122   0x00000002   PAD
    0x20000124   0x00000024   Data   RW         1175    .data               usb_prop.o
    0x20000148   0x00000004   Data   RW         1198    .data               usb_pwr.o
    0x2000014c   0x00000002   Data   RW         1200    .data               usb_pwr.o
    0x2000014e   0x00000002   PAD
    0x20000150   0x00000008   Data   RW         1292    .data               ff.o
    0x20000158   0x00000004   Data   RW         1358    .data               0862100000STM32F103.lib(msg.o)
    0x2000015c   0x00000004   Data   RW         1399    .data               0862100000STM32F103.lib(task.o)
    0x20000160   0x00000002   Data   RW         1417    .data               0862100000STM32F103.lib(keyboard.o)
    0x20000162   0x00000002   PAD
    0x20000164   0x00000008   Data   RW         1521    .data               0862100000STM32F103.lib(gpio.o)
    0x2000016c   0x000000fc   Data   RW         1522    .data               0862100000STM32F103.lib(gpio.o)
    0x20000268   0x00000002   Data   RW         1598    .data               0862100000STM32F103.lib(rtc_driver.o)
    0x2000026a   0x00000002   PAD
    0x2000026c   0x00000010   Data   RW         1652    .data               0862100000STM32F103.lib(timer_driver.o)
    0x2000027c   0x00000004   Data   RW         1670    .data               0862100000STM32F103.lib(sys_time.o)
    0x20000280   0x0000000c   Data   RW         1706    .data               0862100000STM32F103.lib(common.o)
    0x2000028c   0x00000006   Data   RW         1735    .data               0862100000STM32F103.lib(osal_snv.o)
    0x20000292   0x00000002   PAD
    0x20000294   0x00000030   Data   RW         1798    .data               0862100000STM32F103.lib(os_core.o)
    0x200002c4   0x00000004   Data   RW         1799    .data               0862100000STM32F103.lib(os_core.o)
    0x200002c8   0x00000002   Data   RW         1890    .data               0862100000STM32F103.lib(memory.o)
    0x200002ca   0x00000002   PAD
    0x200002cc   0x00000004   Data   RW         2416    .data               mc_w.l(stdout.o)
    0x200002d0   0x00000004   Data   RW         2428    .data               mc_w.l(errno.o)
    0x200002d4   0x00000a00   Zero   RW            2    .bss                app.o
    0x20000cd4   0x00000422   Zero   RW          268    .bss                config.o
    0x200010f6   0x00000002   PAD
    0x200010f8   0x00000140   Zero   RW          301    .bss                relay.o
    0x20001238   0x00000540   Zero   RW          391    .bss                serial.o
    0x20001778   0x00000208   Zero   RW          438    .bss                uartcmd.o
    0x20001980   0x000000c4   Zero   RW          500    .bss                sapp.o
    0x20001a44   0x000002ac   Zero   RW          562    .bss                display.o
    0x20001cf0   0x00000278   Zero   RW          628    .bss                storage.o
    0x20001f68   0x0000001c   Zero   RW          990    .bss                usb_init.o
    0x20001f84   0x00000400   Zero   RW         1077    .bss                hw_config.o
    0x20002384   0x000000d0   Zero   RW         1313    .bss                0862100000STM32F103.lib(timer.o)
    0x20002454   0x000001b0   Zero   RW         1357    .bss                0862100000STM32F103.lib(msg.o)
    0x20002604   0x00000024   Zero   RW         1398    .bss                0862100000STM32F103.lib(task.o)
    0x20002628   0x00000100   Zero   RW         1416    .bss                0862100000STM32F103.lib(keyboard.o)
    0x20002728   0x000001c0   Zero   RW         1519    .bss                0862100000STM32F103.lib(gpio.o)
    0x200028e8   0x0000000a   Zero   RW         1596    .bss                0862100000STM32F103.lib(rtc_driver.o)
    0x200028f2   0x00000002   PAD
    0x200028f4   0x00000040   Zero   RW         1650    .bss                0862100000STM32F103.lib(timer_driver.o)
    0x20002934   0x00000a40   Zero   RW         1795    .bss                0862100000STM32F103.lib(os_core.o)
    0x20003374   0x0000008c   Zero   RW         1796    .bss                0862100000STM32F103.lib(os_core.o)
    0x20003400   0x0000001c   Zero   RW         1855    .bss                0862100000STM32F103.lib(sddriver.o)
    0x2000341c   0x00001018   Zero   RW         1889    .bss                0862100000STM32F103.lib(memory.o)
    0x20004434   0x00000004   PAD
    0x20004438   0x00000400   Zero   RW          893    STACK               startup_stm32f10x_md.o


==============================================================================

Image component sizes


      Code (inc. data)   RO Data    RW Data    ZI Data      Debug   Object Name

       162          0          0          0          0       1141   ad7799.o
       804         96          0         12       2560     283828   app.o
       772        112         95          1          0       2872   at.o
       220          0          0          0          0       2058   beep.o
      1008         62         34          2       1058      11564   config.o
         0          0          0          0          0         32   core_cm3.o
        56          8          1          0          0       1553   dica.o
       106          0          0          0          0       3662   diskio.o
     20388       3076         27         28        684      68583   display.o
      6848         44          0          8          0      22407   ff.o
         4          0      32976          0          0       2111   font.o
       460         32          0         28       1024       4909   hw_config.o
      2652         34          0          0          0      10673   lcd.o
       176         18          0          0          0       1573   misc.o
        52         14         52          0          0       1176   printf.o
       160         10         10          0        320      13055   relay.o
       732         12          4          8        196       5089   sapp.o
      1412         18         16          2       1344      12973   serial.o
        52          8        236          0       1024        844   startup_stm32f10x_md.o
       152          8          0          0          0       3284   stm32f10x_bkp.o
       232          8          0          0          0       2011   stm32f10x_exti.o
      1176         24          0          0          0       7908   stm32f10x_flash.o
       608         36          0          0          0       4845   stm32f10x_gpio.o
      1316        218          0          0          0       6330   stm32f10x_it.o
        60          6          0          0          0       1137   stm32f10x_iwdg.o
       172         12          0          0          0       1723   stm32f10x_pwr.o
       696         32          0         20          0       7920   stm32f10x_rcc.o
       272          6          0          0          0       2876   stm32f10x_rtc.o
       628         14          0          0          0       5670   stm32f10x_spi.o
      2588         64          0          0          0      17810   stm32f10x_tim.o
       816         20          0          0          0       7184   stm32f10x_usart.o
       628        106          0          0        632      18360   storage.o
       332         28          0         20          0       1843   system_stm32f10x.o
       480         26          0          4        520       4323   uartcmd.o
      1960         84          0          4          0      19021   usb_core.o
         0          0        177         26          0       1011   usb_desc.o
        40         18          0         14         28       3978   usb_init.o
         0          0          0          4          0        687   usb_int.o
        64          4          0          0          0       1162   usb_mem.o
       532         38          0        146          0       6851   usb_prop.o
       244         20          0          6          0       2487   usb_pwr.o
      1644         16          0          0          0       9383   usb_regs.o
       108         10          0          0          0       1278   usb_sil.o
       240         34          0          0          0       2157   usbcdc.o

    ----------------------------------------------------------------------
     51056       4376      33664        344       9392     591342   Object Totals
         0          0         32          0          0          0   (incl. Generated)
         4          0          4         11          2          0   (incl. Padding)

    ----------------------------------------------------------------------

      Code (inc. data)   RO Data    RW Data    ZI Data      Debug   Library Member Name

       824         16          0          0          0       5076   ad7799_driver.o
       144         12          0          0          0      16590   bsp.o
       316         26          0         12          0       9702   common.o
        22          0          0          0          0        220   cpu_a.o
       992          8         28        260        448       7538   gpio.o
         4          0          0          0          0        481   hal_assert.o
       130          0          0          0          0       1363   hal_flash.o
        80          0          0          0          0        695   iwdg_driver.o
       480         10          0          2        256     260248   keyboard.o
       312         12          0          2       4120       1990   memory.o
       452          8          0          4        432      14117   msg.o
      1552         48        256         52       2764      14836   os_core.o
       168         40          0          0          0        276   os_cpu_a.o
       146          0          0          0          0      10841   os_cpu_c.o
      1512         38          0          0          0       5114   os_flag.o
       924         18          0          0          0       3446   os_mbox.o
       836         16          0          0          0       3174   os_sem.o
      1796         68          0          0          0       5703   os_task.o
       396         24          0          0          0       1686   os_time.o
      1136         12          0          6          0       6285   osal_snv.o
       944         26         33          2         10       4715   rtc_driver.o
        28          0          0          0          0        415   sbl_app.o
       924         10          0          0          0       5617   sdcmd.o
       684         18         56          0         28       5526   sddriver.o
       440         14          0          0          0       1519   sddriver_hal.o
       160          6         84          0          0       1696   serial_driver.o
       340          4          0          4          0       2984   sys_time.o
       284         10          0          4         36       2071   task.o
       344         10          0          0        208      14035   timer.o
       884         34         24         16         64       4221   timer_driver.o
        84          0          0          0          0      10297   vos.o
        16          6          0          0          0         68   dunder.o
        40          0          0          0          0         68   fpclassify.o
       880         58         56          0          0        276   log.o
       170          0          0          0          0         96   poly.o
      2528        190        136          0          0        316   pow.o
         0          0          8          0          0          0   qnan.o
        78          0          0          0          0         84   sqrt.o
        56          8          0          0          0         84   __0sscanf.o
        92          0          0          0          0          0   __dczerorl2.o
        28          0          0          0          0         68   _chval.o
       812          6          0          0          0        112   _scanf.o
       336          0          0          0          0         92   _scanf_int.o
        64          0          0          0          0         84   _sgetc.o
       158          0          0          0          0         92   _strtoul.o
        26          0          0          0          0         80   atoi.o
         8          4        133          0          0         68   ctype_o.o
         0          0          0          0          0          0   entry.o
         0          0          0          0          0          0   entry10a.o
         0          0          0          0          0          0   entry11a.o
         8          4          0          0          0          0   entry2.o
         4          0          0          0          0          0   entry5.o
         0          0          0          0          0          0   entry7b.o
         0          0          0          0          0          0   entry8b.o
         8          4          0          0          0          0   entry9a.o
        20         10          0          4          0        136   errno.o
        30          0          0          0          0          0   handlers.o
        36          8          0          0          0         68   init.o
        18          0          0          0          0         76   isspace_o.o
         0          0          0          0          0          0   iusefp.o
        30          0          0          0          0         68   llshl.o
        36          0          0          0          0         68   llsshr.o
        32          0          0          0          0         68   llushr.o
        26          0          0          0          0         80   memcmp.o
        36          0          0          0          0         68   memcpya.o
        36          0          0          0          0        108   memseta.o
      1200         60          0          0          0        504   printf8.o
      2256         86          0          0          0        508   printfa.o
        40          8          0          0          0         84   scanf_char.o
         0          0          0          4          0          0   stdout.o
        20          0          0          0          0         68   strchr.o
        28          0          0          0          0         76   strcmp.o
        18          0          0          0          0         68   strcpy.o
        14          0          0          0          0         68   strlen.o
        30          0          0          0          0         80   strncmp.o
       112          0          0          0          0         88   strtol.o
        44          0          0          0          0         80   uidiv.o
        98          0          0          0          0         92   uldiv.o
        40          2          0          0          0         68   cdcmple.o
        40          2          0          0          0         68   cdrcmple.o
        56          0          0          0          0         88   d2f.o
       334          0          0          0          0        144   dadd.o
       222          0          0          0          0        100   ddiv.o
       190          0          0          0          0        176   depilogue.o
        48          0          0          0          0         68   dfixul.o
        34          0          0          0          0         76   dflti.o
       228          0          0          0          0         92   dmul.o
        46          0          0          0          0         80   dscalb.o
       162          0          0          0          0        100   dsqrt.o
        38          0          0          0          0         68   f2d.o
       176          0          0          0          0        140   fadd.o
       128          0          0          0          0         88   fdiv.o
       108          0          0          0          0        168   fepilogue.o
        50          0          0          0          0         68   ffixi.o
        18          0          0          0          0         68   fflti.o
        10          0          0          0          0         68   ffltui.o
       108          0          0          0          0         76   fmul.o

    ----------------------------------------------------------------------
     28860        944        824        380       8372     428325   Library Totals
        14          0         10          8          6          0   (incl. Padding)

    ----------------------------------------------------------------------

      Code (inc. data)   RO Data    RW Data    ZI Data      Debug   Library Name

     17338        488        481        364       8366     422477   0862100000STM32F103.lib
      3712        254        200          0          0        908   m_ws.l
      5760        198        133          8          0       3136   mc_w.l
      2036          4          0          0          0       1804   mf_w.l

    ----------------------------------------------------------------------
     28860        944        824        380       8372     428325   Library Totals

    ----------------------------------------------------------------------

==============================================================================


      Code (inc. data)   RO Data    RW Data    ZI Data      Debug   

     79916       5320      34488        724      17764    1007031   Grand Totals
     79916       5320      34488        272      17764    1007031   ELF Image Totals (compressed)
     79916       5320      34488        272          0          0   ROM Totals

==============================================================================

    Total RO  Size (Code + RO Data)               114404 ( 111.72kB)
    Total RW  Size (RW Data + ZI Data)             18488 (  18.05kB)
    Total ROM Size (Code + RO Data + RW Data)     114676 ( 111.99kB)

==============================================================================

