ARM Linker, 5.03 [Build 24] [MDK-ARM Standard]

==============================================================================

Section Cross References

    app.o(.text) refers to iwdg_driver.o(.text) for IWDG_Feed
    app.o(.text) refers to timer.o(.text) for TimerProc
    app.o(.text) refers to sys_time.o(.text) for sys_time_proc
    app.o(.text) refers to serial.o(.text) for Serial_CheckRcvIdleTime
    app.o(.text) refers to stm32_eval.o(.text) for STM_EVAL_LEDToggle
    app.o(.text) refers to radio.o(.text) for vRadio_SecondTask
    app.o(.text) refers to beep.o(.text) for Alarm
    app.o(.text) refers to sapp.o(.text) for SHZNAPP_SerialUnknowProc
    app.o(.text) refers to usbcdc.o(.text) for USBCDC_disconnect
    app.o(.text) refers to common.o(.text) for HAL_SYSTEM_RESET
    app.o(.text) refers to voslog.o(.text) for VOS_SetLogLevel
    app.o(.text) refers to gpio.o(.text) for stm32_gpio_init
    app.o(.text) refers to relay.o(.text) for InitRelays
    app.o(.text) refers to dica.o(.text) for Ioctrl_input_init
    app.o(.text) refers to uartcmd.o(.text) for UartCmdInit
    app.o(.text) refers to hw_config.o(.text) for USB_SetUsb2UartCallback
    app.o(.text) refers to printf.o(.text) for Printf_Init
    app.o(.text) refers to osal_snv.o(.text) for osal_snv_init
    app.o(.text) refers to config.o(.text) for Config_Init
    app.o(.text) refers to keyboard.o(.text) for KeyboardInit
    app.o(.text) refers to msg.o(.text) for MessageAlloc
    app.o(.text) refers to bsp.o(.text) for BSP_Init
    app.o(.text) refers to task.o(.text) for VOS_CreateTask
    app.o(.text) refers to os_task.o(.text) for OSTaskNameSet
    app.o(.text) refers to os_time.o(.text) for OSTimeDlyHMSM
    app.o(.text) refers to cpu_a.o(.text) for CPU_IntDis
    app.o(.text) refers to misc.o(.text) for NVIC_SetVectorTable
    app.o(.text) refers to os_core.o(.text) for OSInit
    app.o(.text) refers to app.o(.data) for .data
    app.o(.text) refers to sapp.o(.data) for sappItfType
    app.o(.text) refers to sapp.o(.data) for sappItfPort
    app.o(.text) refers to sapp.o(.constdata) for sbBuf
    app.o(.text) refers to sapp.o(.data) for sappFlags
    app.o(.text) refers to app.o(.bss) for .bss
    stm32f10x_it.o(.text) refers to os_cpu_a.o(.text) for OS_CPU_SR_Save
    stm32f10x_it.o(.text) refers to os_core.o(.text) for OSTimeTick
    stm32f10x_it.o(.text) refers to usb_istr.o(.text) for __USBCDC_ISR
    stm32f10x_it.o(.text) refers to stm32f10x_usart.o(.text) for USART_GetITStatus
    stm32f10x_it.o(.text) refers to serial.o(.text) for Serial_FillRcvBuf
    stm32f10x_it.o(.text) refers to uartcmd.o(.text) for UartCmdPutData
    stm32f10x_it.o(.text) refers to stm32f10x_tim.o(.text) for TIM_GetITStatus
    stm32f10x_it.o(.text) refers to timer_driver.o(.text) for TIM_event_handler
    stm32f10x_it.o(.text) refers to stm32f10x_exti.o(.text) for EXTI_GetITStatus
    stm32f10x_it.o(.text) refers to gpio.o(.text) for sensor_event_handler
    stm32f10x_it.o(.text) refers to os_core.o(.data) for OSRunning
    stm32f10x_it.o(.text) refers to serial.o(.bss) for Serial
    stm32f10x_it.o(.text) refers to printf8.o(i.__0printf$8) for __2printf
    config.o(.text) refers to osal_snv.o(.text) for osal_snv_write
    config.o(.text) refers to memcpya.o(.text) for __aeabi_memcpy
    config.o(.text) refers to sapp.o(.text) for SHZNAPP_SerialResp
    config.o(.text) refers to os_cpu_a.o(.text) for OS_CPU_SR_Save
    config.o(.text) refers to stm32f10x_flash.o(.text) for FLASH_Unlock
    config.o(.text) refers to iwdg_driver.o(.text) for IWDG_Feed
    config.o(.text) refers to serial.o(.text) for SerialInit
    config.o(.text) refers to voslog.o(.text) for VOS_logger
    config.o(.text) refers to beep.o(.text) for MainBeepWithDuration
    config.o(.text) refers to config.o(.constdata) for .constdata
    config.o(.text) refers to config.o(.data) for .data
    config.o(.text) refers to sapp.o(.constdata) for sbBuf
    config.o(.text) refers to sapp.o(.data) for sappItfPort
    config.o(.text) refers to config.o(.bss) for .bss
    relay.o(.text) refers to gpio.o(.text) for stm32_gpio_cfgpin
    relay.o(.text) refers to memseta.o(.text) for __aeabi_memclr4
    relay.o(.text) refers to sys_time.o(.text) for sys_timeout
    relay.o(.text) refers to relay.o(.constdata) for .constdata
    relay.o(.text) refers to relay.o(.bss) for .bss
    dica.o(.text) refers to stm32f10x_gpio.o(.text) for GPIO_PinRemapConfig
    dica.o(.text) refers to stm32f10x_rcc.o(.text) for RCC_APB1PeriphClockCmd
    dica.o(.text) refers to stm32f10x_pwr.o(.text) for PWR_BackupAccessCmd
    dica.o(.text) refers to gpio.o(.text) for stm32_gpio_cfgpin
    dica.o(.text) refers to dica.o(.constdata) for .constdata
    beep.o(.text) refers to gpio.o(.text) for stm32_gpio_cfgpin
    beep.o(.text) refers to timer.o(.text) for AddTimer
    serial.o(.text) refers to os_mbox.o(.text) for OSMboxCreate
    serial.o(.text) refers to misc.o(.text) for NVIC_Init
[...]
    USART_OneBitMethodCmd                    0x0800653f   Thumb Code    20  stm32f10x_usart.o(.text)
    USART_IrDAConfig                         0x08006553   Thumb Code    16  stm32f10x_usart.o(.text)
    USART_IrDACmd                            0x08006563   Thumb Code    20  stm32f10x_usart.o(.text)
    USART_GetFlagStatus                      0x08006577   Thumb Code    14  stm32f10x_usart.o(.text)
    USART_ClearFlag                          0x08006585   Thumb Code     6  stm32f10x_usart.o(.text)
    USART_GetITStatus                        0x0800658b   Thumb Code    62  stm32f10x_usart.o(.text)
    USART_ClearITPendingBit                  0x080065c9   Thumb Code    12  stm32f10x_usart.o(.text)
    NVIC_PriorityGroupConfig                 0x080065e9   Thumb Code    10  misc.o(.text)
    NVIC_Init                                0x080065f3   Thumb Code    90  misc.o(.text)
    NVIC_SetVectorTable                      0x0800664d   Thumb Code    14  misc.o(.text)
    NVIC_SystemLPConfig                      0x0800665b   Thumb Code    20  misc.o(.text)
    SysTick_CLKSourceConfig                  0x0800666f   Thumb Code    24  misc.o(.text)
    Reset_Handler                            0x08006699   Thumb Code     8  startup_stm32f10x_md.o(.text)
    ADC1_2_IRQHandler                        0x080066c3   Thumb Code     0  startup_stm32f10x_md.o(.text)
    DMA1_Channel1_IRQHandler                 0x080066c3   Thumb Code     0  startup_stm32f10x_md.o(.text)
    DMA1_Channel2_IRQHandler                 0x080066c3   Thumb Code     0  startup_stm32f10x_md.o(.text)
    DMA1_Channel3_IRQHandler                 0x080066c3   Thumb Code     0  startup_stm32f10x_md.o(.text)
    DMA1_Channel4_IRQHandler                 0x080066c3   Thumb Code     0  startup_stm32f10x_md.o(.text)
    DMA1_Channel5_IRQHandler                 0x080066c3   Thumb Code     0  startup_stm32f10x_md.o(.text)
    DMA1_Channel6_IRQHandler                 0x080066c3   Thumb Code     0  startup_stm32f10x_md.o(.text)
    DMA1_Channel7_IRQHandler                 0x080066c3   Thumb Code     0  startup_stm32f10x_md.o(.text)
    FLASH_IRQHandler                         0x080066c3   Thumb Code     0  startup_stm32f10x_md.o(.text)
    I2C1_ER_IRQHandler                       0x080066c3   Thumb Code     0  startup_stm32f10x_md.o(.text)
    I2C1_EV_IRQHandler                       0x080066c3   Thumb Code     0  startup_stm32f10x_md.o(.text)
    I2C2_ER_IRQHandler                       0x080066c3   Thumb Code     0  startup_stm32f10x_md.o(.text)
    I2C2_EV_IRQHandler                       0x080066c3   Thumb Code     0  startup_stm32f10x_md.o(.text)
    PVD_IRQHandler                           0x080066c3   Thumb Code     0  startup_stm32f10x_md.o(.text)
    RCC_IRQHandler                           0x080066c3   Thumb Code     0  startup_stm32f10x_md.o(.text)
    RTCAlarm_IRQHandler                      0x080066c3   Thumb Code     0  startup_stm32f10x_md.o(.text)
    RTC_IRQHandler                           0x080066c3   Thumb Code     0  startup_stm32f10x_md.o(.text)
    TAMPER_IRQHandler                        0x080066c3   Thumb Code     0  startup_stm32f10x_md.o(.text)
    TIM1_BRK_IRQHandler                      0x080066c3   Thumb Code     0  startup_stm32f10x_md.o(.text)
    TIM1_TRG_COM_IRQHandler                  0x080066c3   Thumb Code     0  startup_stm32f10x_md.o(.text)
    TIM1_UP_IRQHandler                       0x080066c3   Thumb Code     0  startup_stm32f10x_md.o(.text)
    USBWakeUp_IRQHandler                     0x080066c3   Thumb Code     0  startup_stm32f10x_md.o(.text)
    WWDG_IRQHandler                          0x080066c3   Thumb Code     0  startup_stm32f10x_md.o(.text)
    SystemInit                               0x08006775   Thumb Code    50  system_stm32f10x.o(.text)
    SystemCoreClockUpdate                    0x080067a7   Thumb Code    86  system_stm32f10x.o(.text)
    Standard_GetConfiguration                0x08006819   Thumb Code    30  usb_core.o(.text)
    Standard_SetConfiguration                0x08006837   Thumb Code    42  usb_core.o(.text)
    Standard_GetInterface                    0x08006861   Thumb Code    30  usb_core.o(.text)
    Standard_SetInterface                    0x0800687f   Thumb Code    60  usb_core.o(.text)
    Standard_GetStatus                       0x080068bb   Thumb Code   128  usb_core.o(.text)
    Standard_ClearFeature                    0x0800693b   Thumb Code   214  usb_core.o(.text)
    Standard_SetEndPointFeature              0x08006a11   Thumb Code   112  usb_core.o(.text)
    Standard_SetDeviceFeature                0x08006a81   Thumb Code    26  usb_core.o(.text)
    Standard_GetDescriptorData               0x08006a9b   Thumb Code    24  usb_core.o(.text)
    Post0_Process                            0x08006db7   Thumb Code    52  usb_core.o(.text)
    Setup0_Process                           0x08006deb   Thumb Code    90  usb_core.o(.text)
    SetDeviceAddress                         0x08006e45   Thumb Code    56  usb_core.o(.text)
    In0_Process                              0x08006e7d   Thumb Code    78  usb_core.o(.text)
    Out0_Process                             0x08006ecb   Thumb Code    60  usb_core.o(.text)
    NOP_Process                              0x08006f07   Thumb Code     2  usb_core.o(.text)
    USB_Init                                 0x08006fc1   Thumb Code    22  usb_init.o(.text)
    CTR_LP                                   0x08006fe9   Thumb Code   306  usb_int.o(.text)
    CTR_HP                                   0x0800711b   Thumb Code    96  usb_int.o(.text)
    UserToPMABufferCopy                      0x08007195   Thumb Code    34  usb_mem.o(.text)
    PMAToUserBufferCopy                      0x080071b7   Thumb Code    26  usb_mem.o(.text)
    SetCNTR                                  0x080071d5   Thumb Code     6  usb_regs.o(.text)
    GetCNTR                                  0x080071db   Thumb Code     8  usb_regs.o(.text)
    SetISTR                                  0x080071e3   Thumb Code     8  usb_regs.o(.text)
    GetISTR                                  0x080071eb   Thumb Code    10  usb_regs.o(.text)
    GetFNR                                   0x080071f5   Thumb Code    10  usb_regs.o(.text)
    SetDADDR                                 0x080071ff   Thumb Code     8  usb_regs.o(.text)
    GetDADDR                                 0x08007207   Thumb Code    10  usb_regs.o(.text)
    SetBTABLE                                0x08007211   Thumb Code    12  usb_regs.o(.text)
    GetBTABLE                                0x0800721d   Thumb Code    10  usb_regs.o(.text)
    SetENDPOINT                              0x08007227   Thumb Code    10  usb_regs.o(.text)
    GetENDPOINT                              0x08007231   Thumb Code    12  usb_regs.o(.text)
    SetEPType                                0x0800723d   Thumb Code    22  usb_regs.o(.text)
    GetEPType                                0x08007253   Thumb Code    16  usb_regs.o(.text)
    SetEPTxStatus                            0x08007263   Thumb Code    44  usb_regs.o(.text)
    SetEPRxStatus                            0x0800728f   Thumb Code    44  usb_regs.o(.text)
    SetDouBleBuffEPStall                     0x080072bb   Thumb Code    40  usb_regs.o(.text)
    GetEPTxStatus                            0x080072e3   Thumb Code    16  usb_regs.o(.text)
    GetEPRxStatus                            0x080072f3   Thumb Code    16  usb_regs.o(.text)
    SetEPTxValid                             0x08007303   Thumb Code    30  usb_regs.o(.text)
    SetEPRxValid                             0x08007321   Thumb Code    30  usb_regs.o(.text)
    SetEP_KIND                               0x0800733f   Thumb Code    26  usb_regs.o(.text)
    ClearEP_KIND                             0x08007359   Thumb Code    26  usb_regs.o(.text)
    Clear_Status_Out                         0x08007373   Thumb Code    26  usb_regs.o(.text)
    Set_Status_Out                           0x0800738d   Thumb Code    26  usb_regs.o(.text)
    SetEPDoubleBuff                          0x080073a7   Thumb Code    26  usb_regs.o(.text)
    ClearEPDoubleBuff                        0x080073c1   Thumb Code    26  usb_regs.o(.text)
    GetTxStallStatus                         0x080073db   Thumb Code    20  usb_regs.o(.text)
    GetRxStallStatus                         0x080073ef   Thumb Code    20  usb_regs.o(.text)
    ClearEP_CTR_RX                           0x08007403   Thumb Code    20  usb_regs.o(.text)
    ClearEP_CTR_TX                           0x08007417   Thumb Code    20  usb_regs.o(.text)
    ToggleDTOG_RX                            0x0800742b   Thumb Code    26  usb_regs.o(.text)
    ToggleDTOG_TX                            0x08007445   Thumb Code    26  usb_regs.o(.text)
    ClearDTOG_RX                             0x0800745f   Thumb Code    32  usb_regs.o(.text)
    ClearDTOG_TX                             0x0800747f   Thumb Code    32  usb_regs.o(.text)
    SetEPAddress                             0x0800749f   Thumb Code    28  usb_regs.o(.text)
    GetEPAddress                             0x080074bb   Thumb Code    14  usb_regs.o(.text)
    SetEPTxAddr                              0x080074c9   Thumb Code    24  usb_regs.o(.text)
    SetEPRxAddr                              0x080074e1   Thumb Code    26  usb_regs.o(.text)
    GetEPTxAddr                              0x080074fb   Thumb Code    22  usb_regs.o(.text)
    GetEPRxAddr                              0x08007511   Thumb Code    24  usb_regs.o(.text)
    SetEPTxCount                             0x08007529   Thumb Code    22  usb_regs.o(.text)
    SetEPCountRxReg                          0x0800753f   Thumb Code    38  usb_regs.o(.text)
    SetEPRxCount                             0x08007565   Thumb Code    58  usb_regs.o(.text)
    GetEPTxCount                             0x0800759f   Thumb Code    34  usb_regs.o(.text)
    GetEPRxCount                             0x080075c1   Thumb Code    24  usb_regs.o(.text)
    SetEPDblBuffAddr                         0x080075d9   Thumb Code    42  usb_regs.o(.text)
    SetEPDblBuf0Addr                         0x08007603   Thumb Code    22  usb_regs.o(.text)
    SetEPDblBuf1Addr                         0x08007619   Thumb Code    24  usb_regs.o(.text)
    GetEPDblBuf0Addr                         0x08007631   Thumb Code    20  usb_regs.o(.text)
    GetEPDblBuf1Addr                         0x08007645   Thumb Code    22  usb_regs.o(.text)
    SetEPDblBuffCount                        0x0800765b   Thumb Code   156  usb_regs.o(.text)
    SetEPDblBuf0Count                        0x080076f7   Thumb Code    82  usb_regs.o(.text)
    SetEPDblBuf1Count                        0x08007749   Thumb Code    82  usb_regs.o(.text)
    GetEPDblBuf0Count                        0x0800779b   Thumb Code    24  usb_regs.o(.text)
    GetEPDblBuf1Count                        0x080077b3   Thumb Code    24  usb_regs.o(.text)
    GetEPDblBufDir                           0x080077cb   Thumb Code    50  usb_regs.o(.text)
    FreeUserBuffer                           0x080077fd   Thumb Code    44  usb_regs.o(.text)
    ToWord                                   0x08007829   Thumb Code     6  usb_regs.o(.text)
    ByteSwap                                 0x0800782f   Thumb Code    10  usb_regs.o(.text)
    USB_SIL_Init                             0x08007841   Thumb Code    24  usb_sil.o(.text)
    USB_SIL_Write                            0x08007859   Thumb Code    38  usb_sil.o(.text)
    USB_SIL_Read                             0x0800787f   Thumb Code    36  usb_sil.o(.text)
    Enter_LowPowerMode                       0x080078ad   Thumb Code     8  hw_config.o(.text)
    Leave_LowPowerMode                       0x080078b5   Thumb Code    18  hw_config.o(.text)
    Set_GPIO                                 0x080078c7   Thumb Code    54  hw_config.o(.text)
    Set_USBClock                             0x080078fd   Thumb Code    20  hw_config.o(.text)
    USB_Interrupts_Config                    0x08007911   Thumb Code    40  hw_config.o(.text)
    USB_Cable_Config                         0x08007939   Thumb Code    20  hw_config.o(.text)
    Get_SerialNum                            0x08007983   Thumb Code    42  hw_config.o(.text)
    USB_To_USART_Send_Data                   0x080079ad   Thumb Code    56  hw_config.o(.text)
    Handle_USBAsynchXfer                     0x080079e5   Thumb Code   112  hw_config.o(.text)
    USB_SetUsb2UartCallback                  0x08007a55   Thumb Code     6  hw_config.o(.text)
    EP1_IN_Callback                          0x08007a7d   Thumb Code   100  usb_endp.o(.text)
    EP3_OUT_Callback                         0x08007ae1   Thumb Code    28  usb_endp.o(.text)
    SOF_Callback                             0x08007afd   Thumb Code    30  usb_endp.o(.text)
    __USBCDC_ISR                             0x08007b3d   Thumb Code    80  usb_istr.o(.text)
    Virtual_Com_Port_init                    0x08007b9d   Thumb Code    44  usb_prop.o(.text)
    Virtual_Com_Port_Reset                   0x08007bc9   Thumb Code   208  usb_prop.o(.text)
    Virtual_Com_Port_SetConfiguration        0x08007c99   Thumb Code    16  usb_prop.o(.text)
    Virtual_Com_Port_SetDeviceAddress        0x08007ca9   Thumb Code     8  usb_prop.o(.text)
    Virtual_Com_Port_Status_In               0x08007cb1   Thumb Code    16  usb_prop.o(.text)
    Virtual_Com_Port_Status_Out              0x08007cc1   Thumb Code     2  usb_prop.o(.text)
    Virtual_Com_Port_SetLineCoding           0x08007cc3   Thumb Code    20  usb_prop.o(.text)
    Virtual_Com_Port_GetLineCoding           0x08007cd7   Thumb Code    20  usb_prop.o(.text)
    Virtual_Com_Port_Data_Setup              0x08007ceb   Thumb Code    74  usb_prop.o(.text)
    Virtual_Com_Port_NoData_Setup            0x08007d35   Thumb Code    30  usb_prop.o(.text)
    Virtual_Com_Port_GetDeviceDescriptor     0x08007d53   Thumb Code     8  usb_prop.o(.text)
    Virtual_Com_Port_GetConfigDescriptor     0x08007d5b   Thumb Code     8  usb_prop.o(.text)
    Virtual_Com_Port_GetStringDescriptor     0x08007d63   Thumb Code    26  usb_prop.o(.text)
    Virtual_Com_Port_Get_Interface_Setting   0x08007d7d   Thumb Code    14  usb_prop.o(.text)
    PowerOn                                  0x08007db1   Thumb Code    36  usb_pwr.o(.text)
    PowerOff                                 0x08007dd5   Thumb Code    26  usb_pwr.o(.text)
    Suspend                                  0x08007def   Thumb Code    26  usb_pwr.o(.text)
    Resume_Init                              0x08007e09   Thumb Code    26  usb_pwr.o(.text)
    Resume                                   0x08007e23   Thumb Code   116  usb_pwr.o(.text)
    USBCDC_init                              0x08007ea5   Thumb Code    22  usbcdc.o(.text)
    USBCDC_connect                           0x08007ebb   Thumb Code     4  usbcdc.o(.text)
    USBCDC_disconnect                        0x08007ebf   Thumb Code     4  usbcdc.o(.text)
    USBCDC_ready                             0x08007ec3   Thumb Code    16  usbcdc.o(.text)
    USBCDC_sync                              0x08007ed3   Thumb Code    22  usbcdc.o(.text)
    USBCDC_senddata                          0x08007ee9   Thumb Code    58  usbcdc.o(.text)
    USBCDC_recvdata                          0x08007f23   Thumb Code    80  usbcdc.o(.text)
    radio_comm_GetResp                       0x08007f95   Thumb Code    80  radio_comm.o(.text)
    radio_comm_PollCTS                       0x08007fe5   Thumb Code     6  radio_comm.o(.text)
    radio_comm_SendCmd                       0x08007feb   Thumb Code    42  radio_comm.o(.text)
    radio_comm_ReadData                      0x08008015   Thumb Code    54  radio_comm.o(.text)
    radio_comm_WriteData                     0x0800804b   Thumb Code    54  radio_comm.o(.text)
    radio_comm_ClearCTS                      0x08008081   Thumb Code     8  radio_comm.o(.text)
    radio_comm_SendCmdGetResp                0x08008089   Thumb Code    20  radio_comm.o(.text)
    sRADIO_LowLevel_DeInit                   0x080080a1   Thumb Code    92  radio_hal.o(.text)
    sRADIO_LowLevel_Init                     0x080080fd   Thumb Code    98  radio_hal.o(.text)
    sRADIO_DeInit                            0x0800815f   Thumb Code     2  radio_hal.o(.text)
    sRADIO_delay_us                          0x08008161   Thumb Code    16  radio_hal.o(.text)
    sRADIO_SendByte                          0x08008171   Thumb Code    48  radio_hal.o(.text)
    sRADIO_ReadByte                          0x080081a1   Thumb Code     4  radio_hal.o(.text)
    sRADIO_GPIO_Init                         0x080081a5   Thumb Code    72  radio_hal.o(.text)
    sRADIO_Init                              0x080081ed   Thumb Code    92  radio_hal.o(.text)
    sRADIO_Write_Bytes_Helper                0x08008249   Thumb Code    24  radio_hal.o(.text)
    sRADIO_Read_Bytes_Helper                 0x08008261   Thumb Code    24  radio_hal.o(.text)
    sRADIO_Write_Bytes                       0x08008279   Thumb Code    36  radio_hal.o(.text)
    sRADIO_Read_Bytes                        0x0800829d   Thumb Code    36  radio_hal.o(.text)
    radio_hal_AssertShutdown                 0x080082c1   Thumb Code     8  radio_hal.o(.text)
    radio_hal_DeassertShutdown               0x080082c9   Thumb Code     8  radio_hal.o(.text)
    radio_hal_ClearNsel                      0x080082d1   Thumb Code     8  radio_hal.o(.text)
    radio_hal_SetNsel                        0x080082d9   Thumb Code     8  radio_hal.o(.text)
    radio_hal_NirqLevel                      0x080082e1   Thumb Code     8  radio_hal.o(.text)
    radio_hal_SpiWriteByte                   0x080082e9   Thumb Code     2  radio_hal.o(.text)
    radio_hal_SpiReadByte                    0x080082eb   Thumb Code     2  radio_hal.o(.text)
    radio_hal_SpiWriteData                   0x080082ed   Thumb Code     8  radio_hal.o(.text)
    radio_hal_SpiReadData                    0x080082f5   Thumb Code     8  radio_hal.o(.text)
    si446x_reset                             0x0800830d   Thumb Code    40  si446x_api_lib.o(.text)
    si446x_power_up                          0x08008335   Thumb Code    36  si446x_api_lib.o(.text)
    si446x_get_int_status                    0x08008359   Thumb Code    64  si446x_api_lib.o(.text)
    si446x_configuration_init                0x08008399   Thumb Code    96  si446x_api_lib.o(.text)
    si446x_part_info                         0x080083f9   Thumb Code    60  si446x_api_lib.o(.text)
    si446x_start_tx                          0x08008435   Thumb Code    34  si446x_api_lib.o(.text)
    si446x_start_rx                          0x08008457   Thumb Code    38  si446x_api_lib.o(.text)
    si446x_gpio_pin_cfg                      0x0800847d   Thumb Code    78  si446x_api_lib.o(.text)
    si446x_set_property                      0x080084cb   Thumb Code    58  si446x_api_lib.o(.text)
    si446x_change_state                      0x08008505   Thumb Code    14  si446x_api_lib.o(.text)
    si446x_nop                               0x08008513   Thumb Code    12  si446x_api_lib.o(.text)
    si446x_fifo_info                         0x0800851f   Thumb Code    36  si446x_api_lib.o(.text)
    si446x_write_tx_fifo                     0x08008543   Thumb Code    12  si446x_api_lib.o(.text)
    si446x_read_rx_fifo                      0x0800854f   Thumb Code    12  si446x_api_lib.o(.text)
    si446x_get_property                      0x0800855b   Thumb Code    98  si446x_api_lib.o(.text)
    si446x_func_info                         0x080085bd   Thumb Code    42  si446x_api_lib.o(.text)
    si446x_frr_a_read                        0x080085e7   Thumb Code    38  si446x_api_lib.o(.text)
    si446x_frr_b_read                        0x0800860d   Thumb Code    38  si446x_api_lib.o(.text)
    si446x_frr_c_read                        0x08008633   Thumb Code    38  si446x_api_lib.o(.text)
    si446x_frr_d_read                        0x08008659   Thumb Code    38  si446x_api_lib.o(.text)
    si446x_get_adc_reading                   0x0800867f   Thumb Code    58  si446x_api_lib.o(.text)
    si446x_get_packet_info                   0x080086b9   Thumb Code    50  si446x_api_lib.o(.text)
    si446x_get_ph_status                     0x080086eb   Thumb Code    36  si446x_api_lib.o(.text)
    si446x_get_modem_status                  0x0800870f   Thumb Code    68  si446x_api_lib.o(.text)
    si446x_get_chip_status                   0x08008753   Thumb Code    40  si446x_api_lib.o(.text)
    si446x_ircal                             0x0800877b   Thumb Code    26  si446x_api_lib.o(.text)
    si446x_ircal_manual                      0x08008795   Thumb Code    38  si446x_api_lib.o(.text)
    si446x_request_device_state              0x080087bb   Thumb Code    34  si446x_api_lib.o(.text)
    si446x_tx_hop                            0x080087dd   Thumb Code    48  si446x_api_lib.o(.text)
    si446x_rx_hop                            0x0800880d   Thumb Code    34  si446x_api_lib.o(.text)
    si446x_start_tx_fast                     0x0800882f   Thumb Code    12  si446x_api_lib.o(.text)
    si446x_start_rx_fast                     0x0800883b   Thumb Code    12  si446x_api_lib.o(.text)
    si446x_get_int_status_fast_clear         0x08008847   Thumb Code    12  si446x_api_lib.o(.text)
    si446x_get_int_status_fast_clear_read    0x08008853   Thumb Code    58  si446x_api_lib.o(.text)
    si446x_gpio_pin_cfg_fast                 0x0800888d   Thumb Code    54  si446x_api_lib.o(.text)
    si446x_get_ph_status_fast_clear          0x080088c3   Thumb Code    18  si446x_api_lib.o(.text)
    si446x_get_ph_status_fast_clear_read     0x080088d5   Thumb Code    34  si446x_api_lib.o(.text)
    si446x_get_modem_status_fast_clear       0x080088f7   Thumb Code    18  si446x_api_lib.o(.text)
    si446x_get_modem_status_fast_clear_read  0x08008909   Thumb Code    60  si446x_api_lib.o(.text)
    si446x_get_chip_status_fast_clear        0x08008945   Thumb Code    18  si446x_api_lib.o(.text)
    si446x_get_chip_status_fast_clear_read   0x08008957   Thumb Code    38  si446x_api_lib.o(.text)
    si446x_fifo_info_fast_reset              0x0800897d   Thumb Code    14  si446x_api_lib.o(.text)
    si446x_fifo_info_fast_read               0x0800898b   Thumb Code    34  si446x_api_lib.o(.text)
    si446x_nirq_process                      0x080089b1   Thumb Code   168  si446x_nirq.o(.text)
    vRadio_StartTx_Variable_Packet           0x08008a61   Thumb Code    64  radio.o(.text)
    vRadio_TxHandle                          0x08008aa1   Thumb Code    58  radio.o(.text)
    vRadio_PowerUp                           0x08008adb   Thumb Code    26  radio.o(.text)
    vRadio_StartRX_Variable_Packet           0x08008af5   Thumb Code    48  radio.o(.text)
    vRadio_ItfProcess                        0x08008b25   Thumb Code   140  radio.o(.text)
    vRadio_sh                                0x08008bb1   Thumb Code    32  radio.o(.text)
    vRadio_Internal_Init                     0x08008bd1   Thumb Code   130  radio.o(.text)
    vRadio_Init                              0x08008c53   Thumb Code    62  radio.o(.text)
    vRadio_StartRX                           0x08008c91   Thumb Code    34  radio.o(.text)
    vRadio_StartTx                           0x08008cb3   Thumb Code    28  radio.o(.text)
    simple_strtoul                           0x08008ccf   Thumb Code   114  radio.o(.text)
    vRadio_AtCmd                             0x08008d41   Thumb Code   670  radio.o(.text)
    vRadio_RegisterTxJob                     0x08008fdf   Thumb Code     6  radio.o(.text)
    vRadio_SecondTask                        0x08008fe5   Thumb Code     2  radio.o(.text)
    vRadio_Schedule                          0x08008fe7   Thumb Code    38  radio.o(.text)
    InitTimer                                0x0800907d   Thumb Code    18  timer.o(.text)
    FreeTimerSlot                            0x0800908f   Thumb Code    10  timer.o(.text)
    RmvTimer                                 0x08009099   Thumb Code    26  timer.o(.text)
    CheckTimer                               0x080090b3   Thumb Code    20  timer.o(.text)
    ModTimer                                 0x080090c7   Thumb Code    60  timer.o(.text)
    AddTimer                                 0x08009103   Thumb Code    98  timer.o(.text)
    TimerProc                                0x08009165   Thumb Code   102  timer.o(.text)
    MessageQueueFull                         0x080091d5   Thumb Code    32  msg.o(.text)
    MessageQueueEmpty                        0x080091f5   Thumb Code    18  msg.o(.text)
    MessageQueueInit                         0x08009207   Thumb Code    42  msg.o(.text)
    createMessageQueue                       0x08009231   Thumb Code    74  msg.o(.text)
    queueMessage                             0x0800927b   Thumb Code    68  msg.o(.text)
    waitMessage                              0x080092bf   Thumb Code    72  msg.o(.text)
    MessageQueueDestroy                      0x08009307   Thumb Code    52  msg.o(.text)
    MessageAlloc                             0x0800933b   Thumb Code    36  msg.o(.text)
    MessageFree                              0x0800935f   Thumb Code    10  msg.o(.text)
    MessageSend                              0x08009369   Thumb Code    40  msg.o(.text)
    VOS_TaskInit                             0x08009399   Thumb Code    14  task.o(.text)
    VOS_TaskEntry                            0x080093a7   Thumb Code    24  task.o(.text)
    VOS_CreateTask                           0x080093bf   Thumb Code   152  task.o(.text)
    VOS_DestroyTask                          0x08009457   Thumb Code    40  task.o(.text)
    VOS_GetTaskByPid                         0x0800947f   Thumb Code    20  task.o(.text)
    VOS_GetTaskQueueByPid                    0x08009493   Thumb Code    24  task.o(.text)
    VOS_logger                               0x080094b5   Thumb Code    46  voslog.o(.text)
    VOS_SetLogLevel                          0x080094e3   Thumb Code    10  voslog.o(.text)
    keyboard_get_keystate                    0x0800951d   Thumb Code    30  keyboard.o(.text)
    keyboard_get_linestate                   0x0800953b   Thumb Code     6  keyboard.o(.text)
    KeyboardInit                             0x08009541   Thumb Code    18  keyboard.o(.text)
    keyboard_report                          0x08009553   Thumb Code    34  keyboard.o(.text)
    keyboard_to                              0x08009575   Thumb Code    56  keyboard.o(.text)
    keyboard_sh                              0x080095ad   Thumb Code    74  keyboard.o(.text)
    RegisterKey                              0x080095f7   Thumb Code   158  keyboard.o(.text)
    UnregisterKey                            0x08009695   Thumb Code    94  keyboard.o(.text)
    stm32_gpio_cfgpin                        0x080097df   Thumb Code    34  gpio.o(.text)
    stm32_gpio_getcfg                        0x08009801   Thumb Code    28  gpio.o(.text)
    stm32_gpio_get_value                     0x0800981d   Thumb Code    26  gpio.o(.text)
    stm32_gpio_set_value                     0x08009837   Thumb Code    24  gpio.o(.text)
    stm32_gpio_toggle_value                  0x0800984f   Thumb Code    20  gpio.o(.text)
    stm32_gpio_cfg_irq                       0x08009863   Thumb Code   130  gpio.o(.text)
    stm32_gpio_disable_irq                   0x080098e5   Thumb Code    34  gpio.o(.text)
    stm32_gpio_get_ext_state                 0x08009907   Thumb Code    26  gpio.o(.text)
    stm32_gpio_get_ext_line                  0x08009921   Thumb Code    14  gpio.o(.text)
    CheckSensor                              0x0800992f   Thumb Code    20  gpio.o(.text)
    InstallSensorHandler                     0x08009943   Thumb Code   118  gpio.o(.text)
    UninstallSensorHandler                   0x080099b9   Thumb Code    48  gpio.o(.text)
    UninstallSingleSensorHandler             0x080099e9   Thumb Code    68  gpio.o(.text)
    sensor_event_handler                     0x08009a2d   Thumb Code   108  gpio.o(.text)
    stm32_gpio_init                          0x08009a99   Thumb Code    26  gpio.o(.text)
    SysTick_Configuration                    0x08009ac9   Thumb Code    64  bsp.o(.text)
    BSP_Init                                 0x08009b09   Thumb Code    44  bsp.o(.text)
    BSP_IntDisAll                            0x08009b35   Thumb Code     2  bsp.o(.text)
    STM_EVAL_LEDInit                         0x08009b59   Thumb Code    56  stm32_eval.o(.text)
    STM_EVAL_LEDOff                          0x08009b91   Thumb Code    20  stm32_eval.o(.text)
    STM_EVAL_LEDOn                           0x08009ba5   Thumb Code    20  stm32_eval.o(.text)
    STM_EVAL_LEDToggle                       0x08009bb9   Thumb Code    24  stm32_eval.o(.text)
    STM_EVAL_GetLEDStatus                    0x08009bd1   Thumb Code    30  stm32_eval.o(.text)
    IWDG_Init                                0x08009bf5   Thumb Code    50  iwdg_driver.o(.text)
    IWDG_Feed                                0x08009c27   Thumb Code     4  iwdg_driver.o(.text)
    IWDG_Stop                                0x08009c2b   Thumb Code     6  iwdg_driver.o(.text)
    IWDG_Start                               0x08009c31   Thumb Code    20  iwdg_driver.o(.text)
    TIM_Init_CMP                             0x08009c45   Thumb Code   226  timer_driver.o(.text)
    TIM_Init_PWM                             0x08009d27   Thumb Code   332  timer_driver.o(.text)
    TIM_Init_General                         0x08009e73   Thumb Code   140  timer_driver.o(.text)
    TIM_SwitchOuputMode                      0x08009eff   Thumb Code    36  timer_driver.o(.text)
    TIM_InstallHandler                       0x08009f23   Thumb Code    48  timer_driver.o(.text)
    TIM_UninstallHandler                     0x08009f53   Thumb Code    38  timer_driver.o(.text)
    TIM_event_handler                        0x08009f79   Thumb Code    30  timer_driver.o(.text)
    sys_arch_timeouts                        0x08009fb9   Thumb Code     4  sys_time.o(.text)
    __sys_untimeout                          0x08009fbd   Thumb Code    50  sys_time.o(.text)
    sys_untimeout                            0x08009fef   Thumb Code    30  sys_time.o(.text)
    __sys_timeout                            0x0800a00d   Thumb Code    66  sys_time.o(.text)
    sys_timeout                              0x0800a04f   Thumb Code    58  sys_time.o(.text)
    sys_time_match                           0x0800a089   Thumb Code    24  sys_time.o(.text)
    sys_time_ticking                         0x0800a0a1   Thumb Code    28  sys_time.o(.text)
    sys_time_proc                            0x0800a0bd   Thumb Code    68  sys_time.o(.text)
    sys_inittime                             0x0800a101   Thumb Code     8  sys_time.o(.text)
    FLASH_PagesMask                          0x0800a10d   Thumb Code    20  common.o(.text)
    HAL_SYSTEM_RESET                         0x0800a121   Thumb Code    20  common.o(.text)
    FLASH_DisableWriteProtectionPages        0x0800a135   Thumb Code   108  common.o(.text)
    FLASH_Prepare                            0x0800a1a1   Thumb Code    36  common.o(.text)
    checkRC                                  0x0800a1c5   Thumb Code    22  common.o(.text)
    GetDeviceElecId                          0x0800a1db   Thumb Code    20  common.o(.text)
    CmpDeviceElecId                          0x0800a1ef   Thumb Code    32  common.o(.text)
    HashDeviceElecId                         0x0800a20f   Thumb Code    20  common.o(.text)
    Flash_IsProtected                        0x0800a223   Thumb Code    12  common.o(.text)
    osal_snv_reset                           0x0800a4ad   Thumb Code    40  osal_snv.o(.text)
    osal_snv_init                            0x0800a4d5   Thumb Code    20  osal_snv.o(.text)
    osal_snv_write                           0x0800a4e9   Thumb Code   220  osal_snv.o(.text)
    osal_snv_read                            0x0800a5c5   Thumb Code    40  osal_snv.o(.text)
    osal_snv_compact                         0x0800a5ed   Thumb Code    46  osal_snv.o(.text)
    appForceBoot                             0x0800a6b9   Thumb Code    28  sbl_app.o(.text)
    STM_EVAL_COMInit                         0x0800a6d5   Thumb Code   154  serial_driver.o(.text)
    OS_CPU_SR_Save                           0x0800a775   Thumb Code     0  os_cpu_a.o(.text)
    OS_CPU_SR_Restore                        0x0800a77d   Thumb Code     0  os_cpu_a.o(.text)
    OSStartHighRdy                           0x0800a783   Thumb Code     0  os_cpu_a.o(.text)
    OSCtxSw                                  0x0800a7a3   Thumb Code     0  os_cpu_a.o(.text)
    OSIntCtxSw                               0x0800a7ad   Thumb Code     0  os_cpu_a.o(.text)
    PendSV_Handler                           0x0800a7b7   Thumb Code     0  os_cpu_a.o(.text)
    CPU_IntDis                               0x0800a81d   Thumb Code     0  cpu_a.o(.text)
    CPU_IntEn                                0x0800a821   Thumb Code     0  cpu_a.o(.text)
    CPU_SR_Save                              0x0800a825   Thumb Code     0  cpu_a.o(.text)
    CPU_SR_Restore                           0x0800a82d   Thumb Code     0  cpu_a.o(.text)
    OS_StrCopy                               0x0800a835   Thumb Code    28  os_core.o(.text)
    OSEventNameGet                           0x0800a851   Thumb Code    96  os_core.o(.text)
    OS_StrLen                                0x0800a8b1   Thumb Code    20  os_core.o(.text)
    OSEventNameSet                           0x0800a8c5   Thumb Code   106  os_core.o(.text)
    OS_TaskIdle                              0x0800a92f   Thumb Code    22  os_core.o(.text)
    OS_MemClr                                0x0800a945   Thumb Code    18  os_core.o(.text)
    OSInit                                   0x0800a957   Thumb Code   234  os_core.o(.text)
    OSIntEnter                               0x0800aa41   Thumb Code    20  os_core.o(.text)
    OSIntExit                                0x0800aa77   Thumb Code    76  os_core.o(.text)
    OSSchedLock                              0x0800aac3   Thumb Code    38  os_core.o(.text)
    OS_Sched                                 0x0800aae9   Thumb Code    58  os_core.o(.text)
    OSSchedUnlock                            0x0800ab23   Thumb Code    52  os_core.o(.text)
    OSStart                                  0x0800ab57   Thumb Code    38  os_core.o(.text)
    OSTimeTick                               0x0800ab7d   Thumb Code   130  os_core.o(.text)
    OSVersion                                0x0800abff   Thumb Code     6  os_core.o(.text)
    OS_Dummy                                 0x0800ac05   Thumb Code     2  os_core.o(.text)
    OS_EventTaskRdy                          0x0800ac07   Thumb Code   150  os_core.o(.text)
    OS_EventTaskWait                         0x0800ac9d   Thumb Code    68  os_core.o(.text)
    OS_EventTOAbort                          0x0800ace1   Thumb Code    48  os_core.o(.text)
    OS_EventWaitListInit                     0x0800ad11   Thumb Code    22  os_core.o(.text)
    OS_MemCopy                               0x0800ad27   Thumb Code    20  os_core.o(.text)
    OS_TaskStatStkChk                        0x0800ad3b   Thumb Code    50  os_core.o(.text)
    OS_TCBInit                               0x0800ad6d   Thumb Code   208  os_core.o(.text)
    OSMboxAccept                             0x0800ae45   Thumb Code    34  os_mbox.o(.text)
    OSMboxCreate                             0x0800ae67   Thumb Code    60  os_mbox.o(.text)
    OSMboxDel                                0x0800aea3   Thumb Code   212  os_mbox.o(.text)
    OSMboxPend                               0x0800af77   Thumb Code   196  os_mbox.o(.text)
    OSMboxPendAbort                          0x0800b03b   Thumb Code   118  os_mbox.o(.text)
    OSMboxPost                               0x0800b0b1   Thumb Code    88  os_mbox.o(.text)
    OSMboxPostOpt                            0x0800b109   Thumb Code   120  os_mbox.o(.text)
    OSMboxQuery                              0x0800b181   Thumb Code    78  os_mbox.o(.text)
    OSTaskChangePrio                         0x0800b1e1   Thumb Code   304  os_task.o(.text)
    OSTaskCreate                             0x0800b311   Thumb Code   132  os_task.o(.text)
    OS_TaskStkClr                            0x0800b395   Thumb Code    22  os_task.o(.text)
    OSTaskCreateExt                          0x0800b3ab   Thumb Code   152  os_task.o(.text)
    OSTaskDel                                0x0800b443   Thumb Code   292  os_task.o(.text)
    OSTaskDelReq                             0x0800b567   Thumb Code    88  os_task.o(.text)
    OSTaskNameGet                            0x0800b5bf   Thumb Code   156  os_task.o(.text)
    OSTaskNameSet                            0x0800b65b   Thumb Code   130  os_task.o(.text)
    OSTaskResume                             0x0800b6dd   Thumb Code   126  os_task.o(.text)
    OSTaskStkChk                             0x0800b75b   Thumb Code   126  os_task.o(.text)
    OSTaskSuspend                            0x0800b7d9   Thumb Code   148  os_task.o(.text)
    OSTaskQuery                              0x0800b86d   Thumb Code    94  os_task.o(.text)
    OSTimeDly                                0x0800b8e5   Thumb Code    74  os_time.o(.text)
    OSTimeDlyHMSM                            0x0800b92f   Thumb Code   128  os_time.o(.text)
    OSTimeDlyResume                          0x0800b9af   Thumb Code   132  os_time.o(.text)
    OSTimeGet                                0x0800ba33   Thumb Code    18  os_time.o(.text)
    OSTimeSet                                0x0800ba45   Thumb Code    20  os_time.o(.text)
    InitMem                                  0x0800ba71   Thumb Code   150  memory.o(.text)
    AllocMem                                 0x0800bb07   Thumb Code   100  memory.o(.text)
    FreeMem                                  0x0800bb6b   Thumb Code    48  memory.o(.text)
    MemCheck                                 0x0800bb9b   Thumb Code     2  memory.o(.text)
    VOS_CreateSem                            0x0800bba9   Thumb Code    24  vos.o(.text)
    VOS_SemP                                 0x0800bbc1   Thumb Code    16  vos.o(.text)
    VOS_SemV                                 0x0800bbd1   Thumb Code    24  vos.o(.text)
    VOS_DestroySem                           0x0800bbe9   Thumb Code    20  vos.o(.text)
    halAssertHandler                         0x0800bbfd   Thumb Code     2  hal_assert.o(.text)
    halAssertHazardLights                    0x0800bbff   Thumb Code     2  hal_assert.o(.text)
    HalFlashRead                             0x0800bc01   Thumb Code    26  hal_flash.o(.text)
    HalFlashWrite                            0x0800bc1b   Thumb Code    66  hal_flash.o(.text)
    HalFlashErase                            0x0800bc5d   Thumb Code    38  hal_flash.o(.text)
    OSInitHookBegin                          0x0800bc83   Thumb Code     2  os_cpu_c.o(.text)
    OSInitHookEnd                            0x0800bc85   Thumb Code     2  os_cpu_c.o(.text)
    OSTaskCreateHook                         0x0800bc87   Thumb Code     4  os_cpu_c.o(.text)
    OSTaskDelHook                            0x0800bc8b   Thumb Code     4  os_cpu_c.o(.text)
    OSTaskIdleHook                           0x0800bc8f   Thumb Code     4  os_cpu_c.o(.text)
    OSTaskStatHook                           0x0800bc93   Thumb Code     4  os_cpu_c.o(.text)
    OSTaskStkInit                            0x0800bc97   Thumb Code   114  os_cpu_c.o(.text)
    OSTaskSwHook                             0x0800bd09   Thumb Code     4  os_cpu_c.o(.text)
    OSTCBInitHook                            0x0800bd0d   Thumb Code     4  os_cpu_c.o(.text)
    OSTimeTickHook                           0x0800bd11   Thumb Code     4  os_cpu_c.o(.text)
    OSFlagAccept                             0x0800bd15   Thumb Code   162  os_flag.o(.text)
    OSFlagCreate                             0x0800bdb7   Thumb Code    72  os_flag.o(.text)
    OS_FlagUnlink                            0x0800bdff   Thumb Code    32  os_flag.o(.text)
    OSFlagDel                                0x0800be65   Thumb Code   198  os_flag.o(.text)
    OSFlagNameGet                            0x0800bf2b   Thumb Code    88  os_flag.o(.text)
    OSFlagNameSet                            0x0800bf83   Thumb Code   100  os_flag.o(.text)
    OSFlagPend                               0x0800c03b   Thumb Code   382  os_flag.o(.text)
    OSFlagPendGetFlagsRdy                    0x0800c1b9   Thumb Code    20  os_flag.o(.text)
    OSFlagPost                               0x0800c1cd   Thumb Code   188  os_flag.o(.text)
    OSFlagQuery                              0x0800c289   Thumb Code    46  os_flag.o(.text)
    OS_FlagInit                              0x0800c2b7   Thumb Code    58  os_flag.o(.text)
    OSSemAccept                              0x0800c2fd   Thumb Code    36  os_sem.o(.text)
    OSSemCreate                              0x0800c321   Thumb Code    60  os_sem.o(.text)
    OSSemDel                                 0x0800c35d   Thumb Code   212  os_sem.o(.text)
    OSSemPend                                0x0800c431   Thumb Code   168  os_sem.o(.text)
    OSSemPendAbort                           0x0800c4d9   Thumb Code   118  os_sem.o(.text)
    OSSemPost                                0x0800c54f   Thumb Code    88  os_sem.o(.text)
    OSSemQuery                               0x0800c5a7   Thumb Code    78  os_sem.o(.text)
    OSSemSet                                 0x0800c5f5   Thumb Code    60  os_sem.o(.text)
    __rt_ctype_table                         0x0800c641   Thumb Code     4  ctype_o.o(.text)
    __aeabi_memcpy                           0x0800c649   Thumb Code    36  memcpya.o(.text)
    __aeabi_memcpy4                          0x0800c649   Thumb Code     0  memcpya.o(.text)
    __aeabi_memcpy8                          0x0800c649   Thumb Code     0  memcpya.o(.text)
    __aeabi_memset                           0x0800c66d   Thumb Code    14  memseta.o(.text)
    __aeabi_memset4                          0x0800c66d   Thumb Code     0  memseta.o(.text)
    __aeabi_memset8                          0x0800c66d   Thumb Code     0  memseta.o(.text)
    __aeabi_memclr                           0x0800c67b   Thumb Code     4  memseta.o(.text)
    __aeabi_memclr4                          0x0800c67b   Thumb Code     0  memseta.o(.text)
    __aeabi_memclr8                          0x0800c67b   Thumb Code     0  memseta.o(.text)
    _memset$wrapper                          0x0800c67f   Thumb Code    18  memseta.o(.text)
    strchr                                   0x0800c691   Thumb Code    20  strchr.o(.text)
    strlen                                   0x0800c6a5   Thumb Code    14  strlen.o(.text)
    strcmp                                   0x0800c6b3   Thumb Code    28  strcmp.o(.text)
    memcmp                                   0x0800c6cf   Thumb Code    26  memcmp.o(.text)
    strncmp                                  0x0800c6e9   Thumb Code    30  strncmp.o(.text)
    strtok                                   0x0800c709   Thumb Code    62  strtok.o(.text)
    atoi                                     0x0800c74d   Thumb Code    26  atoi.o(.text)
    __aeabi_uidiv                            0x0800c767   Thumb Code     0  uidiv.o(.text)
    __aeabi_uidivmod                         0x0800c767   Thumb Code    44  uidiv.o(.text)
    __aeabi_uldivmod                         0x0800c793   Thumb Code    98  uldiv.o(.text)
    strtol                                   0x0800c7f5   Thumb Code   112  strtol.o(.text)
    __I$use$fp                               0x0800c865   Thumb Code     0  iusefp.o(.text)
    __aeabi_dadd                             0x0800c865   Thumb Code   322  dadd.o(.text)
    __aeabi_dsub                             0x0800c9a7   Thumb Code     6  dadd.o(.text)
    __aeabi_drsub                            0x0800c9ad   Thumb Code     6  dadd.o(.text)
    __aeabi_dmul                             0x0800c9b3   Thumb Code   228  dmul.o(.text)
    __aeabi_ddiv                             0x0800ca97   Thumb Code   222  ddiv.o(.text)
    __aeabi_d2ulz                            0x0800cb75   Thumb Code    48  dfixul.o(.text)
    __aeabi_cdrcmple                         0x0800cba5   Thumb Code    38  cdrcmple.o(.text)
    __scatterload                            0x0800cbcd   Thumb Code    28  init.o(.text)
    __scatterload_rt2                        0x0800cbcd   Thumb Code     0  init.o(.text)
    __aeabi_llsl                             0x0800cbf1   Thumb Code    30  llshl.o(.text)
    _ll_shift_l                              0x0800cbf1   Thumb Code     0  llshl.o(.text)
    __aeabi_llsr                             0x0800cc0f   Thumb Code    32  llushr.o(.text)
    _ll_ushift_r                             0x0800cc0f   Thumb Code     0  llushr.o(.text)
    __aeabi_lasr                             0x0800cc2f   Thumb Code    36  llsshr.o(.text)
    _ll_sshift_r                             0x0800cc2f   Thumb Code     0  llsshr.o(.text)
    _strtoul                                 0x0800cc53   Thumb Code   158  _strtoul.o(.text)
    _double_round                            0x0800ccf1   Thumb Code    26  depilogue.o(.text)
    _double_epilogue                         0x0800cd0b   Thumb Code   164  depilogue.o(.text)
    _chval                                   0x0800cdaf   Thumb Code    28  _chval.o(.text)
    __decompress                             0x0800cdcb   Thumb Code     0  __dczerorl2.o(.text)
    __decompress1                            0x0800cdcb   Thumb Code    92  __dczerorl2.o(.text)
    __0printf$8                              0x0800ce29   Thumb Code    22  printf8.o(i.__0printf$8)
    __1printf$8                              0x0800ce29   Thumb Code     0  printf8.o(i.__0printf$8)
    __2printf                                0x0800ce29   Thumb Code     0  printf8.o(i.__0printf$8)
    __0sprintf$8                             0x0800ce49   Thumb Code    34  printf8.o(i.__0sprintf$8)
    __1sprintf$8                             0x0800ce49   Thumb Code     0  printf8.o(i.__0sprintf$8)
    __2sprintf                               0x0800ce49   Thumb Code     0  printf8.o(i.__0sprintf$8)
    __0vprintf                               0x0800ce71   Thumb Code     8  printfa.o(i.__0vprintf)
    __1vprintf                               0x0800ce71   Thumb Code     0  printfa.o(i.__0vprintf)
    __2vprintf                               0x0800ce71   Thumb Code     0  printfa.o(i.__0vprintf)
    __c89vprintf                             0x0800ce71   Thumb Code     0  printfa.o(i.__0vprintf)
    vprintf                                  0x0800ce71   Thumb Code     0  printfa.o(i.__0vprintf)
    __aeabi_errno_addr                       0x0800ce81   Thumb Code     4  errno.o(i.__aeabi_errno_addr)
    __rt_errno_addr                          0x0800ce81   Thumb Code     0  errno.o(i.__aeabi_errno_addr)
    __scatterload_copy                       0x0800ce89   Thumb Code    14  handlers.o(i.__scatterload_copy)
    __scatterload_null                       0x0800ce97   Thumb Code     2  handlers.o(i.__scatterload_null)
    __scatterload_zeroinit                   0x0800ce99   Thumb Code    14  handlers.o(i.__scatterload_zeroinit)
    version                                  0x0800dbb2   Data          20  config.o(.constdata)
    relays                                   0x0800dbc6   Data           2  relay.o(.constdata)
    inputs                                   0x0800dbc8   Data           1  dica.o(.constdata)
    Serial_DataBits                          0x0800dbca   Data           4  serial.o(.constdata)
    Serial_StopBits                          0x0800dbce   Data           6  serial.o(.constdata)
    Serial_Parity                            0x0800dbd4   Data           6  serial.o(.constdata)
    sbBuf                                    0x0800dc18   Data           4  sapp.o(.constdata)
    STM32F10x_STR                            0x0800dc1c   Data          52  printf.o(.constdata)
    Virtual_Com_Port_DeviceDescriptor        0x0800dc50   Data          18  usb_desc.o(.constdata)
    Virtual_Com_Port_ConfigDescriptor        0x0800dc62   Data          67  usb_desc.o(.constdata)
    Virtual_Com_Port_StringLangID            0x0800dca5   Data           4  usb_desc.o(.constdata)
    Virtual_Com_Port_StringVendor            0x0800dca9   Data          38  usb_desc.o(.constdata)
    Virtual_Com_Port_StringProduct           0x0800dccf   Data          50  usb_desc.o(.constdata)
    Radio_Configuration_Data_Array           0x0800dd01   Data         337  radio.o(.constdata)
    RadioConfiguration                       0x0800de54   Data          12  radio.o(.constdata)
    Radio_Configuration_User_Data_Array      0x0800de60   Data          58  radio.o(.constdata)
    GPIO_PIN                                 0x0800de9c   Data           2  stm32_eval.o(.constdata)
    GPIO_PORT                                0x0800dea0   Data           4  stm32_eval.o(.constdata)
    GPIO_CLK                                 0x0800dea4   Data           4  stm32_eval.o(.constdata)
    TIMER_IRQ                                0x0800dea8   Data           8  timer_driver.o(.constdata)
    TIMER_CLK                                0x0800deb0   Data          16  timer_driver.o(.constdata)
    COM_TX_PIN                               0x0800dec0   Data           6  serial_driver.o(.constdata)
    COM_RX_PIN                               0x0800dec6   Data           6  serial_driver.o(.constdata)
    COM_USART                                0x0800decc   Data          12  serial_driver.o(.constdata)
    COM_TX_PORT                              0x0800ded8   Data          12  serial_driver.o(.constdata)
    COM_RX_PORT                              0x0800dee4   Data          12  serial_driver.o(.constdata)
    COM_USART_CLK                            0x0800def0   Data          12  serial_driver.o(.constdata)
    COM_TX_PORT_CLK                          0x0800defc   Data          12  serial_driver.o(.constdata)
    COM_RX_PORT_CLK                          0x0800df08   Data          12  serial_driver.o(.constdata)
    OSUnMapTbl                               0x0800df14   Data         256  os_core.o(.constdata)
    __ctype_table                            0x0800e014   Data         129  ctype_o.o(.constdata)
    Region$$Table$$Base                      0x0800e0c4   Number         0  anon$$obj.o(Region$$Table)
    Region$$Table$$Limit                     0x0800e0e4   Number         0  anon$$obj.o(Region$$Table)
    ulAppTime                                0x20000000   Data           4  app.o(.data)
    ulAppTicks                               0x20000004   Data           4  app.o(.data)
    ulAppSecond                              0x20000008   Data           4  app.o(.data)
    gusDeviceId                              0x2000000c   Data           2  config.o(.data)
    gusPulseWidth                            0x2000000e   Data           2  config.o(.data)
    gSerialTester                            0x20000010   Data           2  serial.o(.data)
    sbFcs                                    0x20000012   Data           1  sapp.o(.data)
    sbIdx                                    0x20000013   Data           1  sapp.o(.data)
    sbLen                                    0x20000014   Data           1  sapp.o(.data)
    sappFlags                                0x20000016   Data           1  sapp.o(.data)
    sappItfType                              0x20000017   Data           1  sapp.o(.data)
    sappItfPort                              0x20000018   Data           1  sapp.o(.data)
    msgSeq                                   0x2000001a   Data           2  apppark.o(.data)
    _ctype                                   0x2000001c   Data         256  ctype.o(.data)
    SystemCoreClock                          0x20000130   Data           4  system_stm32f10x.o(.data)
    AHBPrescTable                            0x20000134   Data          16  system_stm32f10x.o(.data)
    Data_Mul_MaxPacketSize                   0x20000144   Data           1  usb_core.o(.data)
    StatusInfo                               0x20000146   Data           2  usb_core.o(.data)
    EPindex                                  0x20000148   Data           1  usb_init.o(.data)
    pInformation                             0x2000014c   Data           4  usb_init.o(.data)
    pProperty                                0x20000150   Data           4  usb_init.o(.data)
    pUser_Standard_Requests                  0x20000154   Data           4  usb_init.o(.data)
    wInterrupt_Mask                          0x20000158   Data           2  usb_init.o(.data)
    SaveRState                               0x2000015a   Data           2  usb_int.o(.data)
    SaveTState                               0x2000015c   Data           2  usb_int.o(.data)
    USB_Tx_State                             0x20000160   Data           1  hw_config.o(.data)
    USART_Rx_length                          0x20000164   Data           4  hw_config.o(.data)
    USART_Rx_ptr_in                          0x20000168   Data           4  hw_config.o(.data)
    USART_Rx_ptr_out                         0x2000016c   Data           4  hw_config.o(.data)
    USART_Tx_ptr_in                          0x20000170   Data           4  hw_config.o(.data)
    sUsb2UartCb                              0x20000174   Data           4  hw_config.o(.data)
    USART_Tx_ptr_out                         0x20000178   Data           4  hw_config.o(.data)
    Virtual_Com_Port_StringSerial            0x2000017c   Data          26  usb_desc.o(.data)
    bIntPackSOF                              0x2000019c   Data           1  usb_istr.o(.data)
    wIstr                                    0x2000019e   Data           2  usb_istr.o(.data)
    pEpInt_IN                                0x200001a0   Data          28  usb_istr.o(.data)
    pEpInt_OUT                               0x200001bc   Data          28  usb_istr.o(.data)
    Request                                  0x200001d8   Data           1  usb_prop.o(.data)
    linecoding                               0x200001dc   Data           8  usb_prop.o(.data)
    Device_Descriptor                        0x200001e4   Data           8  usb_prop.o(.data)
    Config_Descriptor                        0x200001ec   Data           8  usb_prop.o(.data)
    Device_Property                          0x200001f4   Data          48  usb_prop.o(.data)
    String_Descriptor                        0x20000224   Data          32  usb_prop.o(.data)
    Device_Table                             0x20000244   Data           2  usb_prop.o(.data)
    User_Standard_Requests                   0x20000248   Data          36  usb_prop.o(.data)
    bDeviceState                             0x2000026c   Data           4  usb_pwr.o(.data)
    ResumeS                                  0x20000270   Data           2  usb_pwr.o(.data)
    ctsWentHigh                              0x20000272   Data           1  radio_comm.o(.data)
    Si446xPhPend0                            0x20000273   Data           1  si446x_nirq.o(.data)
    Si446xPhPend1                            0x20000274   Data           1  si446x_nirq.o(.data)
    Si446xPhPend2                            0x20000275   Data           1  si446x_nirq.o(.data)
    Si446xPhPend3                            0x20000276   Data           1  si446x_nirq.o(.data)
    Si446xPhPend4                            0x20000277   Data           1  si446x_nirq.o(.data)
    Si446xPhPend5                            0x20000278   Data           1  si446x_nirq.o(.data)
    Si446xPhPend6                            0x20000279   Data           1  si446x_nirq.o(.data)
    Si446xPhPend7                            0x2000027a   Data           1  si446x_nirq.o(.data)
    Si446xModemPend0                         0x2000027b   Data           1  si446x_nirq.o(.data)
    Si446xModemPend1                         0x2000027c   Data           1  si446x_nirq.o(.data)
    Si446xModemPend2                         0x2000027d   Data           1  si446x_nirq.o(.data)
    Si446xModemPend3                         0x2000027e   Data           1  si446x_nirq.o(.data)
    Si446xModemPend4                         0x2000027f   Data           1  si446x_nirq.o(.data)
    Si446xModemPend5                         0x20000280   Data           1  si446x_nirq.o(.data)
    Si446xModemPend6                         0x20000281   Data           1  si446x_nirq.o(.data)
    Si446xModemPend7                         0x20000282   Data           1  si446x_nirq.o(.data)
    Si446xChipPend0                          0x20000283   Data           1  si446x_nirq.o(.data)
    Si446xChipPend1                          0x20000284   Data           1  si446x_nirq.o(.data)
    Si446xChipPend2                          0x20000285   Data           1  si446x_nirq.o(.data)
    Si446xChipPend3                          0x20000286   Data           1  si446x_nirq.o(.data)
    Si446xChipPend4                          0x20000287   Data           1  si446x_nirq.o(.data)
    Si446xChipPend5                          0x20000288   Data           1  si446x_nirq.o(.data)
    Si446xChipPend6                          0x20000289   Data           1  si446x_nirq.o(.data)
    Si446xChipPend7                          0x2000028a   Data           1  si446x_nirq.o(.data)
    sRadioState                              0x2000028c   Data           1  radio.o(.data)
    sRadioBuff                               0x20000290   Data           4  radio.o(.data)
    pRadioConfiguration                      0x20000294   Data           4  radio.o(.data)
    sRadioGetMsgCb                           0x20000298   Data           4  radio.o(.data)
    TIMER_Def                                0x200003b0   Data          16  timer_driver.o(.data)
    default_timeouts                         0x200003c0   Data           4  sys_time.o(.data)
    BlockNbr                                 0x200003c4   Data           4  common.o(.data)
    UserMemoryMask                           0x200003c8   Data           4  common.o(.data)
    FlashProtection                          0x200003cc   Data           4  common.o(.data)
    OSIntNesting                             0x200003d8   Data           1  os_core.o(.data)
    OSLockNesting                            0x200003d9   Data           1  os_core.o(.data)
    OSPrioCur                                0x200003da   Data           1  os_core.o(.data)
    OSPrioHighRdy                            0x200003db   Data           1  os_core.o(.data)
    OSRdyGrp                                 0x200003dc   Data           1  os_core.o(.data)
    OSRunning                                0x200003dd   Data           1  os_core.o(.data)
    OSTaskCtr                                0x200003de   Data           1  os_core.o(.data)
    OSCtxSwCtr                               0x200003e0   Data           4  os_core.o(.data)
    OSEventFreeList                          0x200003e4   Data           4  os_core.o(.data)
    OSIdleCtr                                0x200003e8   Data           4  os_core.o(.data)
    OSTCBCur                                 0x200003ec   Data           4  os_core.o(.data)
    OSTCBFreeList                            0x200003f0   Data           4  os_core.o(.data)
    OSTCBHighRdy                             0x200003f4   Data           4  os_core.o(.data)
    OSTCBList                                0x200003f8   Data           4  os_core.o(.data)
    OSTime                                   0x200003fc   Data           4  os_core.o(.data)
    OSRdyTbl                                 0x20000400   Data           8  os_core.o(.data)
    OSFlagFreeList                           0x20000408   Data           4  os_core.o(.data)
    memStat                                  0x2000040c   Data           2  memory.o(.data)
    __stdout                                 0x20000414   Data           4  stdout.o(.data)
    Config_buff                              0x20000e1c   Data        1024  config.o(.bss)
    aPulseCtrl                               0x2000121c   Data          56  relay.o(.bss)
    Serial                                   0x20001260   Data        1332  serial.o(.bss)
    UartCmdStru                              0x20001794   Data         520  uartcmd.o(.bss)
    rpcBuf                                   0x2000199c   Data         196  sapp.o(.bss)
    Device_Info                              0x20001a60   Data          28  usb_init.o(.bss)
    USART_Rx_Buffer                          0x20001a7c   Data         512  hw_config.o(.bss)
    USART_Tx_Buffer                          0x20001c7c   Data         512  hw_config.o(.bss)
    USB_Rx_Buffer                            0x20001e7c   Data          64  usb_endp.o(.bss)
    Si446xCmd                                0x20001ebc   Data          16  si446x_api_lib.o(.bss)
    Pro2Cmd                                  0x20001ecc   Data          16  si446x_api_lib.o(.bss)
    TimerArray                               0x20001edc   Data         192  timer.o(.bss)
    TimerIndex                               0x20001f9c   Data          16  timer.o(.bss)
    EXTI_PORT                                0x20002280   Data          64  gpio.o(.bss)
    aSensorHandler                           0x200022c0   Data         384  gpio.o(.bss)
    aTimerHandler                            0x20002440   Data          64  timer_driver.o(.bss)
    OSEventTbl                               0x20002480   Data         360  os_core.o(.bss)
    OSTaskIdleStk                            0x200025e8   Data         512  os_core.o(.bss)
    OSTCBPrioTbl                             0x200027e8   Data         256  os_core.o(.bss)
    OSTCBTbl                                 0x200028e8   Data        1496  os_core.o(.bss)
    OSFlagTbl                                0x20002ec0   Data         140  os_core.o(.bss)
    memblock                                 0x20002f4c   Data        4000  memory.o(.bss)
    memIndex                                 0x20003eec   Data          40  memory.o(.bss)
    memOffset                                0x20003f14   Data          80  memory.o(.bss)
    __initial_sp                             0x20004368   Data           0  startup_stm32f10x_md.o(STACK)



==============================================================================

Memory Map of the image

  Image Entry point : 0x080030ed

  Load Region LR_IROM1 (Base: 0x08003000, Size: 0x0000b500, Max: 0x00020000, ABSOLUTE, COMPRESSED[0x0000b240])

    Execution Region ER_IROM1 (Base: 0x08003000, Size: 0x0000b0e4, Max: 0x00020000, ABSOLUTE)

    Base Addr    Size         Type   Attr      Idx    E Section Name        Object

    0x08003000   0x000000ec   Data   RO          806    RESET               startup_stm32f10x_md.o
    0x080030ec   0x00000000   Code   RO         1842  * .ARM.Collect$$$$00000000  mc_w.l(entry.o)
    0x080030ec   0x00000004   Code   RO         2158    .ARM.Collect$$$$00000001  mc_w.l(entry2.o)
    0x080030f0   0x00000004   Code   RO         2161    .ARM.Collect$$$$00000004  mc_w.l(entry5.o)
    0x080030f4   0x00000000   Code   RO         2163    .ARM.Collect$$$$00000008  mc_w.l(entry7b.o)
    0x080030f4   0x00000000   Code   RO         2165    .ARM.Collect$$$$0000000A  mc_w.l(entry8b.o)
    0x080030f4   0x00000008   Code   RO         2166    .ARM.Collect$$$$0000000B  mc_w.l(entry9a.o)
    0x080030fc   0x00000000   Code   RO         2168    .ARM.Collect$$$$0000000D  mc_w.l(entry10a.o)
    0x080030fc   0x00000000   Code   RO         2170    .ARM.Collect$$$$0000000F  mc_w.l(entry11a.o)
    0x080030fc   0x00000004   Code   RO         2159    .ARM.Collect$$$$00002712  mc_w.l(entry2.o)
    0x08003100   0x000002b8   Code   RO            1    .text               app.o
    0x080033b8   0x000005a0   Code   RO          252    .text               stm32f10x_it.o
    0x08003958   0x00000304   Code   RO          283    .text               config.o
    0x08003c5c   0x00000094   Code   RO          315    .text               relay.o
    0x08003cf0   0x00000054   Code   RO          358    .text               dica.o
    0x08003d44   0x000000b0   Code   RO          392    .text               beep.o
    0x08003df4   0x000005cc   Code   RO          405    .text               serial.o
    0x080043c0   0x00000194   Code   RO          452    .text               uartcmd.o
    0x08004554   0x000001e0   Code   RO          475    .text               at.o
    0x08004734   0x00000284   Code   RO          505    .text               sapp.o
    0x080049b8   0x00000034   Code   RO          530    .text               printf.o
    0x080049ec   0x000000bc   Code   RO          545    .text               apppark.o
    0x08004aa8   0x000000e8   Code   RO          604    .text               stm32f10x_exti.o
    0x08004b90   0x00000260   Code   RO          616    .text               stm32f10x_gpio.o
    0x08004df0   0x000000ac   Code   RO          628    .text               stm32f10x_pwr.o
    0x08004e9c   0x000002b8   Code   RO          640    .text               stm32f10x_rcc.o
    0x08005154   0x00000274   Code   RO          654    .text               stm32f10x_spi.o
    0x080053c8   0x00000a1c   Code   RO          666    .text               stm32f10x_tim.o
    0x08005de4   0x00000498   Code   RO          692    .text               stm32f10x_flash.o
    0x0800627c   0x0000003c   Code   RO          754    .text               stm32f10x_iwdg.o
    0x080062b8   0x00000330   Code   RO          769    .text               stm32f10x_usart.o
    0x080065e8   0x000000b0   Code   RO          781    .text               misc.o
    0x08006698   0x00000034   Code   RO          807    .text               startup_stm32f10x_md.o
    0x080066cc   0x0000014c   Code   RO          811    .text               system_stm32f10x.o
    0x08006818   0x000007a8   Code   RO          854    .text               usb_core.o
    0x08006fc0   0x00000028   Code   RO          900    .text               usb_init.o
    0x08006fe8   0x000001ac   Code   RO          926    .text               usb_int.o
    0x08007194   0x00000040   Code   RO          950    .text               usb_mem.o
    0x080071d4   0x0000066c   Code   RO          962    .text               usb_regs.o
    0x08007840   0x0000006c   Code   RO          975    .text               usb_sil.o
    0x080078ac   0x000001d0   Code   RO          987    .text               hw_config.o
    0x08007a7c   0x000000c0   Code   RO         1039    .text               usb_endp.o
    0x08007b3c   0x00000060   Code   RO         1063    .text               usb_istr.o
    0x08007b9c   0x00000214   Code   RO         1083    .text               usb_prop.o
    0x08007db0   0x000000f4   Code   RO         1108    .text               usb_pwr.o
    0x08007ea4   0x000000f0   Code   RO         1129    .text               usbcdc.o
    0x08007f94   0x0000010c   Code   RO         1145    .text               radio_comm.o
    0x080080a0   0x0000026c   Code   RO         1181    .text               radio_hal.o
    0x0800830c   0x000006a4   Code   RO         1194    .text               si446x_api_lib.o
    0x080089b0   0x000000b0   Code   RO         1225    .text               si446x_nirq.o
    0x08008a60   0x0000061c   Code   RO         1244    .text               radio.o
    0x0800907c   0x00000158   Code   RO         1318    .text               0862100000STM32F103.lib(timer.o)
    0x080091d4   0x000001c4   Code   RO         1349    .text               0862100000STM32F103.lib(msg.o)
    0x08009398   0x0000011c   Code   RO         1387    .text               0862100000STM32F103.lib(task.o)
    0x080094b4   0x00000068   Code   RO         1405    .text               0862100000STM32F103.lib(voslog.o)
    0x0800951c   0x000001e0   Code   RO         1423    .text               0862100000STM32F103.lib(keyboard.o)
    0x080096fc   0x000003cc   Code   RO         1458    .text               0862100000STM32F103.lib(gpio.o)
    0x08009ac8   0x00000090   Code   RO         1483    .text               0862100000STM32F103.lib(bsp.o)
    0x08009b58   0x0000009c   Code   RO         1508    .text               0862100000STM32F103.lib(stm32_eval.o)
    0x08009bf4   0x00000050   Code   RO         1532    .text               0862100000STM32F103.lib(iwdg_driver.o)
    0x08009c44   0x00000374   Code   RO         1544    .text               0862100000STM32F103.lib(timer_driver.o)
    0x08009fb8   0x00000154   Code   RO         1567    .text               0862100000STM32F103.lib(sys_time.o)
    0x0800a10c   0x0000013c   Code   RO         1583    .text               0862100000STM32F103.lib(common.o)
    0x0800a248   0x00000470   Code   RO         1610    .text               0862100000STM32F103.lib(osal_snv.o)
    0x0800a6b8   0x0000001c   Code   RO         1633    .text               0862100000STM32F103.lib(sbl_app.o)
    0x0800a6d4   0x000000a0   Code   RO         1648    .text               0862100000STM32F103.lib(serial_driver.o)
    0x0800a774   0x000000a8   Code   RO         1667    .text               0862100000STM32F103.lib(os_cpu_a.o)
    0x0800a81c   0x00000016   Code   RO         1670    .text               0862100000STM32F103.lib(cpu_a.o)
    0x0800a832   0x00000002   PAD
    0x0800a834   0x00000610   Code   RO         1673    .text               0862100000STM32F103.lib(os_core.o)
    0x0800ae44   0x0000039c   Code   RO         1696    .text               0862100000STM32F103.lib(os_mbox.o)
    0x0800b1e0   0x00000704   Code   RO         1708    .text               0862100000STM32F103.lib(os_task.o)
    0x0800b8e4   0x0000018c   Code   RO         1721    .text               0862100000STM32F103.lib(os_time.o)
    0x0800ba70   0x00000138   Code   RO         1733    .text               0862100000STM32F103.lib(memory.o)
    0x0800bba8   0x00000054   Code   RO         1749    .text               0862100000STM32F103.lib(vos.o)
    0x0800bbfc   0x00000004   Code   RO         1771    .text               0862100000STM32F103.lib(hal_assert.o)
    0x0800bc00   0x00000082   Code   RO         1786    .text               0862100000STM32F103.lib(hal_flash.o)
    0x0800bc82   0x00000092   Code   RO         1798    .text               0862100000STM32F103.lib(os_cpu_c.o)
    0x0800bd14   0x000005e8   Code   RO         1817    .text               0862100000STM32F103.lib(os_flag.o)
    0x0800c2fc   0x00000344   Code   RO         1830    .text               0862100000STM32F103.lib(os_sem.o)
    0x0800c640   0x00000008   Code   RO         1845    .text               mc_w.l(ctype_o.o)
    0x0800c648   0x00000024   Code   RO         1873    .text               mc_w.l(memcpya.o)
    0x0800c66c   0x00000024   Code   RO         1875    .text               mc_w.l(memseta.o)
    0x0800c690   0x00000014   Code   RO         1877    .text               mc_w.l(strchr.o)
    0x0800c6a4   0x0000000e   Code   RO         1879    .text               mc_w.l(strlen.o)
    0x0800c6b2   0x0000001c   Code   RO         1881    .text               mc_w.l(strcmp.o)
    0x0800c6ce   0x0000001a   Code   RO         1883    .text               mc_w.l(memcmp.o)
    0x0800c6e8   0x0000001e   Code   RO         1885    .text               mc_w.l(strncmp.o)
    0x0800c706   0x00000002   PAD
    0x0800c708   0x00000044   Code   RO         1887    .text               mc_w.l(strtok.o)
    0x0800c74c   0x0000001a   Code   RO         2156    .text               mc_w.l(atoi.o)
    0x0800c766   0x0000002c   Code   RO         2173    .text               mc_w.l(uidiv.o)
    0x0800c792   0x00000062   Code   RO         2175    .text               mc_w.l(uldiv.o)
    0x0800c7f4   0x00000070   Code   RO         2184    .text               mc_w.l(strtol.o)
    0x0800c864   0x00000000   Code   RO         2186    .text               mc_w.l(iusefp.o)
    0x0800c864   0x0000014e   Code   RO         2187    .text               mf_w.l(dadd.o)
    0x0800c9b2   0x000000e4   Code   RO         2189    .text               mf_w.l(dmul.o)
    0x0800ca96   0x000000de   Code   RO         2191    .text               mf_w.l(ddiv.o)
    0x0800cb74   0x00000030   Code   RO         2193    .text               mf_w.l(dfixul.o)
    0x0800cba4   0x00000028   Code   RO         2195    .text               mf_w.l(cdrcmple.o)
    0x0800cbcc   0x00000024   Code   RO         2197    .text               mc_w.l(init.o)
    0x0800cbf0   0x0000001e   Code   RO         2199    .text               mc_w.l(llshl.o)
    0x0800cc0e   0x00000020   Code   RO         2201    .text               mc_w.l(llushr.o)
    0x0800cc2e   0x00000024   Code   RO         2203    .text               mc_w.l(llsshr.o)
    0x0800cc52   0x0000009e   Code   RO         2205    .text               mc_w.l(_strtoul.o)
    0x0800ccf0   0x000000be   Code   RO         2207    .text               mf_w.l(depilogue.o)
    0x0800cdae   0x0000001c   Code   RO         2209    .text               mc_w.l(_chval.o)
    0x0800cdca   0x0000005c   Code   RO         2219    .text               mc_w.l(__dczerorl2.o)
    0x0800ce26   0x00000002   PAD
    0x0800ce28   0x00000020   Code   RO         2102    i.__0printf$8       mc_w.l(printf8.o)
    0x0800ce48   0x00000028   Code   RO         2104    i.__0sprintf$8      mc_w.l(printf8.o)
    0x0800ce70   0x00000010   Code   RO         2132    i.__0vprintf        mc_w.l(printfa.o)
    0x0800ce80   0x00000008   Code   RO         2177    i.__aeabi_errno_addr  mc_w.l(errno.o)
    0x0800ce88   0x0000000e   Code   RO         2213    i.__scatterload_copy  mc_w.l(handlers.o)
    0x0800ce96   0x00000002   Code   RO         2214    i.__scatterload_null  mc_w.l(handlers.o)
    0x0800ce98   0x0000000e   Code   RO         2215    i.__scatterload_zeroinit  mc_w.l(handlers.o)
    0x0800cea6   0x00000002   PAD
    0x0800cea8   0x0000015c   Code   RO         2135    i._fp_digits        mc_w.l(printfa.o)
    0x0800d004   0x00000408   Code   RO         2109    i._printf_core      mc_w.l(printf8.o)
    0x0800d40c   0x000006f0   Code   RO         2136    i._printf_core      mc_w.l(printfa.o)
    0x0800dafc   0x00000026   Code   RO         2110    i._printf_post_padding  mc_w.l(printf8.o)
    0x0800db22   0x00000026   Code   RO         2137    i._printf_post_padding  mc_w.l(printfa.o)
    0x0800db48   0x00000030   Code   RO         2111    i._printf_pre_padding  mc_w.l(printf8.o)
    0x0800db78   0x00000030   Code   RO         2138    i._printf_pre_padding  mc_w.l(printfa.o)
    0x0800dba8   0x0000000a   Code   RO         2113    i._sputc            mc_w.l(printf8.o)
    0x0800dbb2   0x00000014   Data   RO          289    .constdata          config.o
    0x0800dbc6   0x00000002   Data   RO          317    .constdata          relay.o
    0x0800dbc8   0x00000001   Data   RO          359    .constdata          dica.o
    0x0800dbc9   0x00000001   PAD
    0x0800dbca   0x00000010   Data   RO          407    .constdata          serial.o
    0x0800dbda   0x00000002   PAD
    0x0800dbdc   0x0000003c   Data   RO          476    .constdata          at.o
    0x0800dc18   0x00000004   Data   RO          507    .constdata          sapp.o
    0x0800dc1c   0x00000034   Data   RO          531    .constdata          printf.o
    0x0800dc50   0x00000012   Data   RO         1022    .constdata          usb_desc.o
    0x0800dc62   0x00000043   Data   RO         1023    .constdata          usb_desc.o
    0x0800dca5   0x00000004   Data   RO         1024    .constdata          usb_desc.o
    0x0800dca9   0x00000026   Data   RO         1025    .constdata          usb_desc.o
    0x0800dccf   0x00000032   Data   RO         1026    .constdata          usb_desc.o
    0x0800dd01   0x00000151   Data   RO         1245    .constdata          radio.o
    0x0800de52   0x00000002   PAD
    0x0800de54   0x0000000c   Data   RO         1246    .constdata          radio.o
    0x0800de60   0x0000003a   Data   RO         1247    .constdata          radio.o
    0x0800de9a   0x00000002   PAD
    0x0800de9c   0x0000000c   Data   RO         1509    .constdata          0862100000STM32F103.lib(stm32_eval.o)
    0x0800dea8   0x00000018   Data   RO         1546    .constdata          0862100000STM32F103.lib(timer_driver.o)
    0x0800dec0   0x00000054   Data   RO         1649    .constdata          0862100000STM32F103.lib(serial_driver.o)
    0x0800df14   0x00000100   Data   RO         1676    .constdata          0862100000STM32F103.lib(os_core.o)
    0x0800e014   0x00000081   Data   RO         1846    .constdata          mc_w.l(ctype_o.o)
    0x0800e095   0x00000003   PAD
    0x0800e098   0x00000004   Data   RO         1847    .constdata          mc_w.l(ctype_o.o)
    0x0800e09c   0x00000009   Data   RO          477    .conststring        at.o
    0x0800e0a5   0x0000001c   Data   RO         1460    .conststring        0862100000STM32F103.lib(gpio.o)
    0x0800e0c1   0x00000003   PAD
    0x0800e0c4   0x00000020   Data   RO         2211    Region$$Table       anon$$obj.o


    Execution Region RW_IRAM1 (Base: 0x20000000, Size: 0x00004368, Max: 0x00005000, ABSOLUTE, COMPRESSED[0x0000015c])

    Base Addr    Size         Type   Attr      Idx    E Section Name        Object

    0x20000000   0x0000000c   Data   RW            3    .data               app.o
    0x2000000c   0x00000004   Data   RW          290    .data               config.o
    0x20000010   0x00000002   Data   RW          408    .data               serial.o
    0x20000012   0x00000005   Data   RW          508    .data               sapp.o
    0x20000017   0x00000001   Data   RW          509    .data               sapp.o
    0x20000018   0x00000001   Data   RW          510    .data               sapp.o
    0x20000019   0x00000001   PAD
    0x2000001a   0x00000002   Data   RW          546    .data               apppark.o
    0x2000001c   0x00000100   Data   RW          580    .data               ctype.o
    0x2000011c   0x00000014   Data   RW          641    .data               stm32f10x_rcc.o
    0x20000130   0x00000014   Data   RW          812    .data               system_stm32f10x.o
    0x20000144   0x00000004   Data   RW          855    .data               usb_core.o
    0x20000148   0x00000001   Data   RW          902    .data               usb_init.o
    0x20000149   0x00000003   PAD
    0x2000014c   0x0000000c   Data   RW          903    .data               usb_init.o
    0x20000158   0x00000002   Data   RW          905    .data               usb_init.o
    0x2000015a   0x00000004   Data   RW          927    .data               usb_int.o
    0x2000015e   0x00000002   PAD
    0x20000160   0x00000018   Data   RW          989    .data               hw_config.o
    0x20000178   0x00000004   Data   RW          990    .data               hw_config.o
    0x2000017c   0x0000001a   Data   RW         1027    .data               usb_desc.o
    0x20000196   0x00000002   PAD
    0x20000198   0x00000004   Data   RW         1041    .data               usb_endp.o
    0x2000019c   0x00000004   Data   RW         1064    .data               usb_istr.o
    0x200001a0   0x0000001c   Data   RW         1065    .data               usb_istr.o
    0x200001bc   0x0000001c   Data   RW         1066    .data               usb_istr.o
    0x200001d8   0x0000006c   Data   RW         1084    .data               usb_prop.o
    0x20000244   0x00000002   Data   RW         1085    .data               usb_prop.o
    0x20000246   0x00000002   PAD
    0x20000248   0x00000024   Data   RW         1086    .data               usb_prop.o
    0x2000026c   0x00000004   Data   RW         1109    .data               usb_pwr.o
    0x20000270   0x00000002   Data   RW         1111    .data               usb_pwr.o
    0x20000272   0x00000001   Data   RW         1146    .data               radio_comm.o
    0x20000273   0x00000018   Data   RW         1226    .data               si446x_nirq.o
    0x2000028b   0x00000001   PAD
    0x2000028c   0x00000010   Data   RW         1248    .data               radio.o
    0x2000029c   0x00000004   Data   RW         1351    .data               0862100000STM32F103.lib(msg.o)
    0x200002a0   0x00000004   Data   RW         1389    .data               0862100000STM32F103.lib(task.o)
    0x200002a4   0x00000004   Data   RW         1406    .data               0862100000STM32F103.lib(voslog.o)
    0x200002a8   0x00000002   Data   RW         1425    .data               0862100000STM32F103.lib(keyboard.o)
    0x200002aa   0x00000002   PAD
    0x200002ac   0x00000008   Data   RW         1461    .data               0862100000STM32F103.lib(gpio.o)
    0x200002b4   0x000000fc   Data   RW         1462    .data               0862100000STM32F103.lib(gpio.o)
    0x200003b0   0x00000010   Data   RW         1547    .data               0862100000STM32F103.lib(timer_driver.o)
    0x200003c0   0x00000004   Data   RW         1568    .data               0862100000STM32F103.lib(sys_time.o)
    0x200003c4   0x0000000c   Data   RW         1585    .data               0862100000STM32F103.lib(common.o)
    0x200003d0   0x00000006   Data   RW         1611    .data               0862100000STM32F103.lib(osal_snv.o)
    0x200003d6   0x00000002   PAD
    0x200003d8   0x00000030   Data   RW         1677    .data               0862100000STM32F103.lib(os_core.o)
    0x20000408   0x00000004   Data   RW         1678    .data               0862100000STM32F103.lib(os_core.o)
    0x2000040c   0x00000002   Data   RW         1735    .data               0862100000STM32F103.lib(memory.o)
    0x2000040e   0x00000002   PAD
    0x20000410   0x00000004   Data   RW         1888    .data               mc_w.l(strtok.o)
    0x20000414   0x00000004   Data   RW         2172    .data               mc_w.l(stdout.o)
    0x20000418   0x00000004   Data   RW         2180    .data               mc_w.l(errno.o)
    0x2000041c   0x00000a00   Zero   RW            2    .bss                app.o
    0x20000e1c   0x00000400   Zero   RW          284    .bss                config.o
    0x2000121c   0x00000038   Zero   RW          316    .bss                relay.o
    0x20001254   0x00000540   Zero   RW          406    .bss                serial.o
    0x20001794   0x00000208   Zero   RW          453    .bss                uartcmd.o
    0x2000199c   0x000000c4   Zero   RW          506    .bss                sapp.o
    0x20001a60   0x0000001c   Zero   RW          901    .bss                usb_init.o
    0x20001a7c   0x00000400   Zero   RW          988    .bss                hw_config.o
    0x20001e7c   0x00000040   Zero   RW         1040    .bss                usb_endp.o
    0x20001ebc   0x00000020   Zero   RW         1195    .bss                si446x_api_lib.o
    0x20001edc   0x000000d0   Zero   RW         1319    .bss                0862100000STM32F103.lib(timer.o)
    0x20001fac   0x000001b0   Zero   RW         1350    .bss                0862100000STM32F103.lib(msg.o)
    0x2000215c   0x00000024   Zero   RW         1388    .bss                0862100000STM32F103.lib(task.o)
    0x20002180   0x00000100   Zero   RW         1424    .bss                0862100000STM32F103.lib(keyboard.o)
    0x20002280   0x000001c0   Zero   RW         1459    .bss                0862100000STM32F103.lib(gpio.o)
    0x20002440   0x00000040   Zero   RW         1545    .bss                0862100000STM32F103.lib(timer_driver.o)
    0x20002480   0x00000a40   Zero   RW         1674    .bss                0862100000STM32F103.lib(os_core.o)
    0x20002ec0   0x0000008c   Zero   RW         1675    .bss                0862100000STM32F103.lib(os_core.o)
    0x20002f4c   0x00001018   Zero   RW         1734    .bss                0862100000STM32F103.lib(memory.o)
    0x20003f64   0x00000004   PAD
    0x20003f68   0x00000400   Zero   RW          804    STACK               startup_stm32f10x_md.o


==============================================================================

Image component sizes


      Code (inc. data)   RO Data    RW Data    ZI Data      Debug   Object Name

       696        106          0         12       2560     286627   app.o
       188         30          0          2          0       1469   apppark.o
       480         32         69          0          0       2364   at.o
       176          0          0          0          0       1744   beep.o
       772         66         20          4       1024       5916   config.o
         0          0          0          0          0         32   core_cm3.o
         0          0          0        256          0        465   ctype.o
        84          8          1          0          0       1629   dica.o
       464         34          0         28       1024       5013   hw_config.o
       176         18          0          0          0       1609   misc.o
        52         14         52          0          0       1232   printf.o
      1564        240        407         16          0      18958   radio.o
       268          4          0          1          0       5010   radio_comm.o
       620         16          0          0          0       5595   radio_hal.o
       148         10          2          0         56       2591   relay.o
       644         12          4          7        196       4735   sapp.o
      1484         22         16          2       1344      12104   serial.o
      1700          8          0          0         32     216031   si446x_api_lib.o
       176          8          0         24          0       1840   si446x_nirq.o
        52          8        236          0       1024        864   startup_stm32f10x_md.o
       232          8          0          0          0       2051   stm32f10x_exti.o
      1176         24          0          0          0       7944   stm32f10x_flash.o
       608         36          0          0          0       4885   stm32f10x_gpio.o
      1440        216          0          0          0       6291   stm32f10x_it.o
        60          6          0          0          0       1157   stm32f10x_iwdg.o
       172         12          0          0          0       1739   stm32f10x_pwr.o
       696         32          0         20          0       7976   stm32f10x_rcc.o
       628         14          0          0          0       5702   stm32f10x_spi.o
      2588         64          0          0          0      17850   stm32f10x_tim.o
       816         20          0          0          0       7220   stm32f10x_usart.o
       332         28          0         20          0       1895   system_stm32f10x.o
       404         20          0          0        520       3107   uartcmd.o
      1960         84          0          4          0      19117   usb_core.o
         0          0        177         26          0       1047   usb_desc.o
       192         34          0          4         64       2591   usb_endp.o
        40         18          0         15         28       4054   usb_init.o
       428         26          0          4          0       1787   usb_int.o
        96         16          0         60          0       1268   usb_istr.o
        64          4          0          0          0       1198   usb_mem.o
       532         38          0        146          0       6931   usb_prop.o
       244         20          0          6          0       2559   usb_pwr.o
      1644         16          0          0          0       9419   usb_regs.o
       108         10          0          0          0       1314   usb_sil.o
       240         34          0          0          0       2197   usbcdc.o

    ----------------------------------------------------------------------
     24444       1416       1023        668       7872     697127   Object Totals
         0          0         32          0          0          0   (incl. Generated)
         0          0          7         11          0          0   (incl. Padding)

    ----------------------------------------------------------------------

      Code (inc. data)   RO Data    RW Data    ZI Data      Debug   Library Member Name

       144         12          0          0          0      16698   bsp.o
       316         26          0         12          0       3530   common.o
        22          0          0          0          0        256   cpu_a.o
       972          8         28        260        448       7602   gpio.o
         4          0          0          0          0        513   hal_assert.o
       130          0          0          0          0       1435   hal_flash.o
        80          0          0          0          0        731   iwdg_driver.o
       480         10          0          2        256      13104   keyboard.o
       312         12          0          2       4120       2098   memory.o
       452          8          0          4        432      13745   msg.o
      1552         48        256         52       2764      14980   os_core.o
       168         40          0          0          0        308   os_cpu_a.o
       146          0          0          0          0      10981   os_cpu_c.o
      1512         38          0          0          0       5186   os_flag.o
       924         18          0          0          0       3518   os_mbox.o
       836         16          0          0          0       3242   os_sem.o
      1796         68          0          0          0       5775   os_task.o
       396         24          0          0          0       1718   os_time.o
      1136         12          0          6          0       6425   osal_snv.o
        28          0          0          0          0        451   sbl_app.o
       160          6         84          0          0       1832   serial_driver.o
       156          6         12          0          0       2725   stm32_eval.o
       340          4          0          4          0       3092   sys_time.o
       284         10          0          4         36       2179   task.o
       344         10          0          0        208       5459   timer.o
       884         34         24         16         64       4369   timer_driver.o
        84          0          0          0          0      10481   vos.o
       104         48          0          4          0        957   voslog.o
        92          0          0          0          0          0   __dczerorl2.o
        28          0          0          0          0         68   _chval.o
       158          0          0          0          0         92   _strtoul.o
        26          0          0          0          0         80   atoi.o
         8          4        133          0          0         68   ctype_o.o
         0          0          0          0          0          0   entry.o
         0          0          0          0          0          0   entry10a.o
         0          0          0          0          0          0   entry11a.o
         8          4          0          0          0          0   entry2.o
         4          0          0          0          0          0   entry5.o
         0          0          0          0          0          0   entry7b.o
         0          0          0          0          0          0   entry8b.o
         8          4          0          0          0          0   entry9a.o
         8          4          0          4          0         68   errno.o
        30          0          0          0          0          0   handlers.o
        36          8          0          0          0         68   init.o
         0          0          0          0          0          0   iusefp.o
        30          0          0          0          0         68   llshl.o
        36          0          0          0          0         68   llsshr.o
        32          0          0          0          0         68   llushr.o
        26          0          0          0          0         80   memcmp.o
        36          0          0          0          0         68   memcpya.o
        36          0          0          0          0        108   memseta.o
      1200         60          0          0          0        504   printf8.o
      2226         88          0          0          0        428   printfa.o
         0          0          0          4          0          0   stdout.o
        20          0          0          0          0         68   strchr.o
        28          0          0          0          0         76   strcmp.o
        14          0          0          0          0         68   strlen.o
        30          0          0          0          0         80   strncmp.o
        68          6          0          4          0         80   strtok.o
       112          0          0          0          0         88   strtol.o
        44          0          0          0          0         80   uidiv.o
        98          0          0          0          0         92   uldiv.o
        40          2          0          0          0         68   cdrcmple.o
       334          0          0          0          0        144   dadd.o
       222          0          0          0          0        100   ddiv.o
       190          0          0          0          0        176   depilogue.o
        48          0          0          0          0         68   dfixul.o
       228          0          0          0          0         92   dmul.o

    ----------------------------------------------------------------------
     19274        638        543        384       8332     146506   Library Totals
         8          0          6          6          4          0   (incl. Padding)

    ----------------------------------------------------------------------

      Code (inc. data)   RO Data    RW Data    ZI Data      Debug   Library Name

     13762        458        404        366       8328     143390   0862100000STM32F103.lib
      4442        178        133         12          0       2468   mc_w.l
      1062          2          0          0          0        648   mf_w.l

    ----------------------------------------------------------------------
     19274        638        543        384       8332     146506   Library Totals

    ----------------------------------------------------------------------

==============================================================================


      Code (inc. data)   RO Data    RW Data    ZI Data      Debug   

     43718       2054       1566       1052      16204     833701   Grand Totals
     43718       2054       1566        348      16204     833701   ELF Image Totals (compressed)
     43718       2054       1566        348          0          0   ROM Totals

==============================================================================

    Total RO  Size (Code + RO Data)                45284 (  44.22kB)
    Total RW  Size (RW Data + ZI Data)             17256 (  16.85kB)
    Total ROM Size (Code + RO Data + RW Data)      45632 (  44.56kB)

==============================================================================

