ARM Linker, 5.03 [Build 24] [MDK-ARM Standard]

==============================================================================

Section Cross References

    app.o(.text) refers to iwdg_driver.o(.text) for IWDG_Feed
    app.o(.text) refers to timer.o(.text) for TimerProc
    app.o(.text) refers to sys_time.o(.text) for sys_time_proc
    app.o(.text) refers to serial.o(.text) for Serial_CheckRcvIdleTime
    app.o(.text) refers to stm32_eval.o(.text) for STM_EVAL_LEDToggle
    app.o(.text) refers to usbcdc.o(.text) for USBCDC_recvdata
    app.o(.text) refers to beep.o(.text) for Alarm
    app.o(.text) refers to voslog.o(.text) for VOS_SetLogLevel
    app.o(.text) refers to gpio.o(.text) for stm32_gpio_init
    app.o(.text) refers to uartcmd.o(.text) for UartCmdInit
    app.o(.text) refers to relay.o(.text) for InitRelays
    app.o(.text) refers to dica.o(.text) for Ioctrl_input_init
    app.o(.text) refers to printf.o(.text) for Printf_Init
    app.o(.text) refers to keyboard.o(.text) for KeyboardInit
    app.o(.text) refers to msg.o(.text) for MessageAlloc
    app.o(.text) refers to bsp.o(.text) for BSP_Init
    app.o(.text) refers to task.o(.text) for VOS_CreateTask
    app.o(.text) refers to os_task.o(.text) for OSTaskNameSet
    app.o(.text) refers to os_time.o(.text) for OSTimeDlyHMSM
    app.o(.text) refers to cpu_a.o(.text) for CPU_IntDis
    app.o(.text) refers to misc.o(.text) for NVIC_SetVectorTable
    app.o(.text) refers to os_core.o(.text) for OSInit
    app.o(.text) refers to app.o(.data) for .data
    app.o(.text) refers to app.o(.bss) for .bss
    stm32f10x_it.o(.text) refers to os_cpu_a.o(.text) for OS_CPU_SR_Save
    stm32f10x_it.o(.text) refers to os_core.o(.text) for OSTimeTick
    stm32f10x_it.o(.text) refers to usb_istr.o(.text) for __USBCDC_ISR
    stm32f10x_it.o(.text) refers to stm32f10x_usart.o(.text) for USART_GetITStatus
    stm32f10x_it.o(.text) refers to uartcmd.o(.text) for UartCmdPutData
    stm32f10x_it.o(.text) refers to stm32f10x_tim.o(.text) for TIM_GetITStatus
    stm32f10x_it.o(.text) refers to stm32f10x_exti.o(.text) for EXTI_GetITStatus
    stm32f10x_it.o(.text) refers to gpio.o(.text) for sensor_event_handler
    stm32f10x_it.o(.text) refers to beep.o(.text) for MainAlarmWithDuration
    stm32f10x_it.o(.text) refers to printf5.o(i.__0printf$5) for __2printf
    stm32f10x_it.o(.text) refers to os_core.o(.data) for OSRunning
    config.o(.text) refers to os_cpu_a.o(.text) for OS_CPU_SR_Save
    config.o(.text) refers to stm32f10x_flash.o(.text) for FLASH_Unlock
    config.o(.text) refers to memcpya.o(.text) for __aeabi_memcpy
    config.o(.text) refers to uartcmd.o(.text) for UartCmdSendMsg
    config.o(.text) refers to memseta.o(.text) for __aeabi_memclr
    config.o(.text) refers to iwdg_driver.o(.text) for IWDG_Feed
    config.o(.text) refers to serial.o(.text) for SerialInit
    config.o(.text) refers to beep.o(.text) for MainBeepWithDuration
    config.o(.text) refers to config.o(.bss) for .bss
    dica.o(.text) refers to stm32f10x_gpio.o(.text) for GPIO_PinRemapConfig
    dica.o(.text) refers to stm32f10x_rcc.o(.text) for RCC_APB1PeriphClockCmd
    dica.o(.text) refers to stm32f10x_pwr.o(.text) for PWR_BackupAccessCmd
    beep.o(.text) refers to gpio.o(.text) for stm32_gpio_cfgpin
    beep.o(.text) refers to timer.o(.text) for AddTimer
    serial.o(.text) refers to os_mbox.o(.text) for OSMboxCreate
    serial.o(.text) refers to misc.o(.text) for NVIC_Init
    serial.o(.text) refers to stm32_eval.o(.text) for STM_EVAL_COMInit
    serial.o(.text) refers to stm32f10x_usart.o(.text) for USART_ITConfig
    serial.o(.text) refers to memseta.o(.text) for __aeabi_memclr4
    serial.o(.text) refers to gpio.o(.text) for stm32_gpio_cfgpin
    serial.o(.text) refers to memcpya.o(.text) for __aeabi_memcpy
    serial.o(.text) refers to os_cpu_a.o(.text) for OS_CPU_SR_Save
    serial.o(.text) refers to serial.o(.bss) for .bss
    serial.o(.text) refers to config.o(.constdata) for pParameter
    serial.o(.text) refers to serial.o(.constdata) for .constdata
    serial.o(.text) refers to serial.o(.data) for .data
    serial.o(.text) refers to msg.o(.text) for MessageAlloc
    uartcmd.o(.text) refers to stm32_eval.o(.text) for STM_EVAL_COMInit
    uartcmd.o(.text) refers to misc.o(.text) for NVIC_Init
    uartcmd.o(.text) refers to stm32f10x_usart.o(.text) for USART_ITConfig
    uartcmd.o(.text) refers to memseta.o(.text) for __aeabi_memclr
    uartcmd.o(.text) refers to msg.o(.text) for MessageAlloc
    uartcmd.o(.text) refers to memcpya.o(.text) for __aeabi_memcpy
    uartcmd.o(.text) refers to config.o(.text) for Config_Entry
    uartcmd.o(.text) refers to uartcmd.o(.bss) for .bss
    stm32f10x_bkp.o(.text) refers to stm32f10x_rcc.o(.text) for RCC_BackupResetCmd
    stm32f10x_gpio.o(.text) refers to stm32f10x_rcc.o(.text) for RCC_APB2PeriphResetCmd
    stm32f10x_pwr.o(.text) refers to stm32f10x_rcc.o(.text) for RCC_APB1PeriphResetCmd
[...]
    ConfigSetParam4Serial                    0x080007d9   Thumb Code    18  config.o(.text)
    ConfigSetParam4Local                     0x080007eb   Thumb Code    20  config.o(.text)
    ConfigSetParam                           0x080007ff   Thumb Code   126  config.o(.text)
    ConfigGetParam4Serial                    0x0800087d   Thumb Code     8  config.o(.text)
    ConfigGetParam4Local                     0x08000885   Thumb Code     8  config.o(.text)
    ConfigGetParam                           0x0800088d   Thumb Code    82  config.o(.text)
    ConfigRs485Ctrl                          0x080008df   Thumb Code    26  config.o(.text)
    ConfigRs485Report                        0x080008f9   Thumb Code    54  config.o(.text)
    ConfigDebugReport                        0x0800092f   Thumb Code    52  config.o(.text)
    ConfigReset                              0x08000963   Thumb Code     8  config.o(.text)
    Config_Entry                             0x0800096b   Thumb Code    66  config.o(.text)
    InitLeds                                 0x080009c5   Thumb Code     2  relay.o(.text)
    InitRelays                               0x080009c7   Thumb Code     2  relay.o(.text)
    RelayLogicCtrl                           0x080009c9   Thumb Code     2  relay.o(.text)
    GetRelayLogicStatus                      0x080009cb   Thumb Code     4  relay.o(.text)
    RelayToggle                              0x080009cf   Thumb Code     2  relay.o(.text)
    GetAllRelayLogicStatus                   0x080009d1   Thumb Code     4  relay.o(.text)
    Ioctrl_input_init                        0x080009d5   Thumb Code    42  dica.o(.text)
    AlarmInit                                0x08000a05   Thumb Code    24  beep.o(.text)
    Alarm                                    0x08000a1d   Thumb Code    14  beep.o(.text)
    AlarmToggle                              0x08000a2b   Thumb Code     6  beep.o(.text)
    MainAlarmWithDuration                    0x08000a31   Thumb Code    44  beep.o(.text)
    BeepInit                                 0x08000a5d   Thumb Code    24  beep.o(.text)
    Beep                                     0x08000a75   Thumb Code    14  beep.o(.text)
    BeepToggle                               0x08000a83   Thumb Code     6  beep.o(.text)
    MainBeepWithDuration                     0x08000a89   Thumb Code    44  beep.o(.text)
    Serial_SetDriverType                     0x08000ab5   Thumb Code    60  serial.o(.text)
    Serial_RetriveConfig                     0x08000af1   Thumb Code    92  serial.o(.text)
    SerialInitPort                           0x08000b4d   Thumb Code   246  serial.o(.text)
    SerialEnableTx                           0x08000c43   Thumb Code    38  serial.o(.text)
    SerialInit                               0x08000c69   Thumb Code     4  serial.o(.text)
    Serail_FillSndBuf                        0x08000c6d   Thumb Code   174  serial.o(.text)
    Serial_SndTest                           0x08000d1b   Thumb Code    16  serial.o(.text)
    Serial_ResetRcvIdleTime                  0x08000d2b   Thumb Code    18  serial.o(.text)
    Serial_FillRcvBuf                        0x08000d3d   Thumb Code   166  serial.o(.text)
    Serial_SetRcvIdleTime                    0x08000de3   Thumb Code    20  serial.o(.text)
    Serial_MoveData                          0x08000df7   Thumb Code   202  serial.o(.text)
    Serial_CheckRcvIdleTime                  0x08000ec1   Thumb Code   126  serial.o(.text)
    Serial_Rcv_Empty                         0x08000f3f   Thumb Code    30  serial.o(.text)
    Serial_Read                              0x08000f5d   Thumb Code    72  serial.o(.text)
    Serial_ReInit                            0x08000fa5   Thumb Code    22  serial.o(.text)
    Serial_InitParser                        0x08000fc5   Thumb Code    10  uartcmd.o(.text)
    UartCmdInit                              0x08000fcf   Thumb Code   100  uartcmd.o(.text)
    UART_ParseBootMessage                    0x08001033   Thumb Code   196  uartcmd.o(.text)
    UartCmdPutData                           0x080010f7   Thumb Code    20  uartcmd.o(.text)
    UartCmdSendData                          0x0800110b   Thumb Code    26  uartcmd.o(.text)
    UartCmdSendMsg                           0x08001125   Thumb Code    26  uartcmd.o(.text)
    PidUartCmdProcess                        0x0800113f   Thumb Code    10  uartcmd.o(.text)
    EXTI_DeInit                              0x08001155   Thumb Code    28  stm32f10x_exti.o(.text)
    EXTI_Init                                0x08001171   Thumb Code   108  stm32f10x_exti.o(.text)
    EXTI_StructInit                          0x080011dd   Thumb Code    14  stm32f10x_exti.o(.text)
    EXTI_GenerateSWInterrupt                 0x080011eb   Thumb Code    12  stm32f10x_exti.o(.text)
    EXTI_GetFlagStatus                       0x080011f7   Thumb Code    18  stm32f10x_exti.o(.text)
    EXTI_ClearFlag                           0x08001209   Thumb Code     8  stm32f10x_exti.o(.text)
    EXTI_GetITStatus                         0x08001211   Thumb Code    28  stm32f10x_exti.o(.text)
    EXTI_ClearITPendingBit                   0x0800122d   Thumb Code     8  stm32f10x_exti.o(.text)
    GPIO_DeInit                              0x0800123d   Thumb Code   152  stm32f10x_gpio.o(.text)
    GPIO_AFIODeInit                          0x080012d5   Thumb Code    22  stm32f10x_gpio.o(.text)
    GPIO_Init                                0x080012eb   Thumb Code   152  stm32f10x_gpio.o(.text)
    GPIO_StructInit                          0x08001383   Thumb Code    16  stm32f10x_gpio.o(.text)
    GPIO_ReadInputDataBit                    0x08001393   Thumb Code    14  stm32f10x_gpio.o(.text)
    GPIO_ReadInputData                       0x080013a1   Thumb Code     6  stm32f10x_gpio.o(.text)
    GPIO_ReadOutputDataBit                   0x080013a7   Thumb Code    14  stm32f10x_gpio.o(.text)
    GPIO_ReadOutputData                      0x080013b5   Thumb Code     6  stm32f10x_gpio.o(.text)
    GPIO_SetBits                             0x080013bb   Thumb Code     4  stm32f10x_gpio.o(.text)
    GPIO_ResetBits                           0x080013bf   Thumb Code     4  stm32f10x_gpio.o(.text)
    GPIO_WriteBit                            0x080013c3   Thumb Code    10  stm32f10x_gpio.o(.text)
    GPIO_Write                               0x080013cd   Thumb Code     4  stm32f10x_gpio.o(.text)
    GPIO_PinLockConfig                       0x080013d1   Thumb Code    16  stm32f10x_gpio.o(.text)
    GPIO_EventOutputConfig                   0x080013e1   Thumb Code    22  stm32f10x_gpio.o(.text)
    GPIO_EventOutputCmd                      0x080013f7   Thumb Code     6  stm32f10x_gpio.o(.text)
    GPIO_PinRemapConfig                      0x080013fd   Thumb Code    82  stm32f10x_gpio.o(.text)
    GPIO_EXTILineConfig                      0x0800144f   Thumb Code    34  stm32f10x_gpio.o(.text)
    GPIO_ETH_MediaInterfaceConfig            0x08001471   Thumb Code     8  stm32f10x_gpio.o(.text)
    PWR_DeInit                               0x0800149d   Thumb Code    24  stm32f10x_pwr.o(.text)
    PWR_BackupAccessCmd                      0x080014b5   Thumb Code     6  stm32f10x_pwr.o(.text)
    PWR_PVDCmd                               0x080014bb   Thumb Code     6  stm32f10x_pwr.o(.text)
    PWR_PVDLevelConfig                       0x080014c1   Thumb Code    14  stm32f10x_pwr.o(.text)
    PWR_WakeUpPinCmd                         0x080014cf   Thumb Code     8  stm32f10x_pwr.o(.text)
    PWR_EnterSTOPMode                        0x080014d7   Thumb Code    42  stm32f10x_pwr.o(.text)
    PWR_EnterSTANDBYMode                     0x08001501   Thumb Code    32  stm32f10x_pwr.o(.text)
    PWR_GetFlagStatus                        0x08001521   Thumb Code    16  stm32f10x_pwr.o(.text)
    PWR_ClearFlag                            0x08001531   Thumb Code    12  stm32f10x_pwr.o(.text)
    RCC_DeInit                               0x08001549   Thumb Code    50  stm32f10x_rcc.o(.text)
    RCC_HSEConfig                            0x0800157b   Thumb Code    48  stm32f10x_rcc.o(.text)
    RCC_GetFlagStatus                        0x080015ab   Thumb Code    42  stm32f10x_rcc.o(.text)
    RCC_WaitForHSEStartUp                    0x080015d5   Thumb Code    44  stm32f10x_rcc.o(.text)
    RCC_AdjustHSICalibrationValue            0x08001601   Thumb Code    16  stm32f10x_rcc.o(.text)
    RCC_HSICmd                               0x08001611   Thumb Code     6  stm32f10x_rcc.o(.text)
    RCC_PLLConfig                            0x08001617   Thumb Code    16  stm32f10x_rcc.o(.text)
    RCC_PLLCmd                               0x08001627   Thumb Code     6  stm32f10x_rcc.o(.text)
    RCC_SYSCLKConfig                         0x0800162d   Thumb Code    14  stm32f10x_rcc.o(.text)
    RCC_GetSYSCLKSource                      0x0800163b   Thumb Code    10  stm32f10x_rcc.o(.text)
    RCC_HCLKConfig                           0x08001645   Thumb Code    14  stm32f10x_rcc.o(.text)
    RCC_PCLK1Config                          0x08001653   Thumb Code    14  stm32f10x_rcc.o(.text)
    RCC_PCLK2Config                          0x08001661   Thumb Code    16  stm32f10x_rcc.o(.text)
    RCC_ITConfig                             0x08001671   Thumb Code    18  stm32f10x_rcc.o(.text)
    RCC_USBCLKConfig                         0x08001683   Thumb Code     8  stm32f10x_rcc.o(.text)
    RCC_ADCCLKConfig                         0x0800168b   Thumb Code    14  stm32f10x_rcc.o(.text)
    RCC_LSEConfig                            0x08001699   Thumb Code    28  stm32f10x_rcc.o(.text)
    RCC_LSICmd                               0x080016b5   Thumb Code     6  stm32f10x_rcc.o(.text)
    RCC_RTCCLKConfig                         0x080016bb   Thumb Code    10  stm32f10x_rcc.o(.text)
    RCC_RTCCLKCmd                            0x080016c5   Thumb Code     8  stm32f10x_rcc.o(.text)
    RCC_GetClocksFreq                        0x080016cd   Thumb Code   132  stm32f10x_rcc.o(.text)
    RCC_AHBPeriphClockCmd                    0x08001751   Thumb Code    18  stm32f10x_rcc.o(.text)
    RCC_APB2PeriphClockCmd                   0x08001763   Thumb Code    18  stm32f10x_rcc.o(.text)
    RCC_APB1PeriphClockCmd                   0x08001775   Thumb Code    18  stm32f10x_rcc.o(.text)
    RCC_APB2PeriphResetCmd                   0x08001787   Thumb Code    18  stm32f10x_rcc.o(.text)
    RCC_APB1PeriphResetCmd                   0x08001799   Thumb Code    18  stm32f10x_rcc.o(.text)
    RCC_BackupResetCmd                       0x080017ab   Thumb Code     8  stm32f10x_rcc.o(.text)
    RCC_ClockSecuritySystemCmd               0x080017b3   Thumb Code     6  stm32f10x_rcc.o(.text)
    RCC_MCOConfig                            0x080017b9   Thumb Code     6  stm32f10x_rcc.o(.text)
    RCC_ClearFlag                            0x080017bf   Thumb Code    12  stm32f10x_rcc.o(.text)
    RCC_GetITStatus                          0x080017cb   Thumb Code    16  stm32f10x_rcc.o(.text)
    RCC_ClearITPendingBit                    0x080017db   Thumb Code     6  stm32f10x_rcc.o(.text)
    TIM_DeInit                               0x08001801   Thumb Code   304  stm32f10x_tim.o(.text)
    TIM_TimeBaseInit                         0x08001931   Thumb Code   114  stm32f10x_tim.o(.text)
    TIM_OC1Init                              0x080019a3   Thumb Code   106  stm32f10x_tim.o(.text)
    TIM_OC2Init                              0x08001a0d   Thumb Code   120  stm32f10x_tim.o(.text)
    TIM_OC3Init                              0x08001a85   Thumb Code   116  stm32f10x_tim.o(.text)
    TIM_OC4Init                              0x08001af9   Thumb Code    90  stm32f10x_tim.o(.text)
    TIM_SetIC4Prescaler                      0x08001b53   Thumb Code    24  stm32f10x_tim.o(.text)
    TIM_SetIC3Prescaler                      0x08001b6b   Thumb Code    16  stm32f10x_tim.o(.text)
    TIM_SetIC2Prescaler                      0x08001b7b   Thumb Code    24  stm32f10x_tim.o(.text)
    TIM_SetIC1Prescaler                      0x08001bc9   Thumb Code    16  stm32f10x_tim.o(.text)
    TIM_ICInit                               0x08001bd9   Thumb Code   232  stm32f10x_tim.o(.text)
    TIM_PWMIConfig                           0x08001cc1   Thumb Code   104  stm32f10x_tim.o(.text)
    TIM_BDTRConfig                           0x08001d29   Thumb Code    34  stm32f10x_tim.o(.text)
    TIM_TimeBaseStructInit                   0x08001d4b   Thumb Code    18  stm32f10x_tim.o(.text)
    TIM_OCStructInit                         0x08001d5d   Thumb Code    20  stm32f10x_tim.o(.text)
    TIM_ICStructInit                         0x08001d71   Thumb Code    16  stm32f10x_tim.o(.text)
    TIM_BDTRStructInit                       0x08001d81   Thumb Code    18  stm32f10x_tim.o(.text)
    TIM_Cmd                                  0x08001d93   Thumb Code    20  stm32f10x_tim.o(.text)
    TIM_CtrlPWMOutputs                       0x08001da7   Thumb Code    22  stm32f10x_tim.o(.text)
    TIM_ITConfig                             0x08001dbd   Thumb Code    16  stm32f10x_tim.o(.text)
    TIM_GenerateEvent                        0x08001dcd   Thumb Code     4  stm32f10x_tim.o(.text)
    TIM_DMAConfig                            0x08001dd1   Thumb Code     8  stm32f10x_tim.o(.text)
    TIM_DMACmd                               0x08001dd9   Thumb Code    16  stm32f10x_tim.o(.text)
    TIM_InternalClockConfig                  0x08001de9   Thumb Code    10  stm32f10x_tim.o(.text)
    TIM_SelectInputTrigger                   0x08001df3   Thumb Code    12  stm32f10x_tim.o(.text)
    TIM_ITRxExternalClockConfig              0x08001dff   Thumb Code    18  stm32f10x_tim.o(.text)
    TIM_TIxExternalClockConfig               0x08001e11   Thumb Code    46  stm32f10x_tim.o(.text)
    TIM_ETRConfig                            0x08001e3f   Thumb Code    24  stm32f10x_tim.o(.text)
    TIM_ETRClockMode1Config                  0x08001e57   Thumb Code    18  stm32f10x_tim.o(.text)
    TIM_ETRClockMode2Config                  0x08001e69   Thumb Code    18  stm32f10x_tim.o(.text)
    TIM_PrescalerConfig                      0x08001e7b   Thumb Code     6  stm32f10x_tim.o(.text)
    TIM_CounterModeConfig                    0x08001e81   Thumb Code    12  stm32f10x_tim.o(.text)
    TIM_EncoderInterfaceConfig               0x08001e8d   Thumb Code    50  stm32f10x_tim.o(.text)
    TIM_ForcedOC1Config                      0x08001ebf   Thumb Code    12  stm32f10x_tim.o(.text)
    TIM_ForcedOC2Config                      0x08001ecb   Thumb Code    20  stm32f10x_tim.o(.text)
    TIM_ForcedOC3Config                      0x08001edf   Thumb Code    12  stm32f10x_tim.o(.text)
    TIM_ForcedOC4Config                      0x08001eeb   Thumb Code    20  stm32f10x_tim.o(.text)
    TIM_ARRPreloadConfig                     0x08001eff   Thumb Code    20  stm32f10x_tim.o(.text)
    TIM_SelectCOM                            0x08001f13   Thumb Code    20  stm32f10x_tim.o(.text)
    TIM_SelectCCDMA                          0x08001f27   Thumb Code    20  stm32f10x_tim.o(.text)
    TIM_CCPreloadControl                     0x08001f3b   Thumb Code    20  stm32f10x_tim.o(.text)
    TIM_OC1PreloadConfig                     0x08001f4f   Thumb Code    12  stm32f10x_tim.o(.text)
    TIM_OC2PreloadConfig                     0x08001f5b   Thumb Code    20  stm32f10x_tim.o(.text)
    TIM_OC3PreloadConfig                     0x08001f6f   Thumb Code    12  stm32f10x_tim.o(.text)
    TIM_OC4PreloadConfig                     0x08001f7b   Thumb Code    20  stm32f10x_tim.o(.text)
    TIM_OC1FastConfig                        0x08001f8f   Thumb Code    12  stm32f10x_tim.o(.text)
    TIM_OC2FastConfig                        0x08001f9b   Thumb Code    20  stm32f10x_tim.o(.text)
    TIM_OC3FastConfig                        0x08001faf   Thumb Code    12  stm32f10x_tim.o(.text)
    TIM_OC4FastConfig                        0x08001fbb   Thumb Code    20  stm32f10x_tim.o(.text)
    TIM_ClearOC1Ref                          0x08001fcf   Thumb Code    12  stm32f10x_tim.o(.text)
    TIM_ClearOC2Ref                          0x08001fdb   Thumb Code    20  stm32f10x_tim.o(.text)
    TIM_ClearOC3Ref                          0x08001fef   Thumb Code    12  stm32f10x_tim.o(.text)
    TIM_ClearOC4Ref                          0x08001ffb   Thumb Code    20  stm32f10x_tim.o(.text)
    TIM_OC1PolarityConfig                    0x0800200f   Thumb Code    12  stm32f10x_tim.o(.text)
    TIM_OC1NPolarityConfig                   0x0800201b   Thumb Code    12  stm32f10x_tim.o(.text)
    TIM_OC2PolarityConfig                    0x08002027   Thumb Code    20  stm32f10x_tim.o(.text)
    TIM_OC2NPolarityConfig                   0x0800203b   Thumb Code    20  stm32f10x_tim.o(.text)
    TIM_OC3PolarityConfig                    0x0800204f   Thumb Code    20  stm32f10x_tim.o(.text)
    TIM_OC3NPolarityConfig                   0x08002063   Thumb Code    20  stm32f10x_tim.o(.text)
    TIM_OC4PolarityConfig                    0x08002077   Thumb Code    20  stm32f10x_tim.o(.text)
    TIM_CCxCmd                               0x0800208b   Thumb Code    22  stm32f10x_tim.o(.text)
    TIM_CCxNCmd                              0x080020a1   Thumb Code    22  stm32f10x_tim.o(.text)
    TIM_SelectOCxM                           0x080020b7   Thumb Code    70  stm32f10x_tim.o(.text)
    TIM_UpdateDisableConfig                  0x080020fd   Thumb Code    20  stm32f10x_tim.o(.text)
    TIM_UpdateRequestConfig                  0x08002111   Thumb Code    20  stm32f10x_tim.o(.text)
    TIM_SelectHallSensor                     0x08002125   Thumb Code    20  stm32f10x_tim.o(.text)
    TIM_SelectOnePulseMode                   0x08002139   Thumb Code    16  stm32f10x_tim.o(.text)
    TIM_SelectOutputTrigger                  0x08002149   Thumb Code    16  stm32f10x_tim.o(.text)
    TIM_SelectSlaveMode                      0x08002159   Thumb Code    16  stm32f10x_tim.o(.text)
    TIM_SelectMasterSlaveMode                0x08002169   Thumb Code    16  stm32f10x_tim.o(.text)
    TIM_SetCounter                           0x08002179   Thumb Code     4  stm32f10x_tim.o(.text)
    TIM_SetAutoreload                        0x0800217d   Thumb Code     4  stm32f10x_tim.o(.text)
    TIM_SetCompare1                          0x08002181   Thumb Code     4  stm32f10x_tim.o(.text)
    TIM_SetCompare2                          0x08002185   Thumb Code     4  stm32f10x_tim.o(.text)
    TIM_SetCompare3                          0x08002189   Thumb Code     4  stm32f10x_tim.o(.text)
    TIM_SetCompare4                          0x0800218d   Thumb Code     6  stm32f10x_tim.o(.text)
    TIM_SetClockDivision                     0x08002193   Thumb Code    16  stm32f10x_tim.o(.text)
    TIM_GetCapture1                          0x080021a3   Thumb Code     4  stm32f10x_tim.o(.text)
    TIM_GetCapture2                          0x080021a7   Thumb Code     4  stm32f10x_tim.o(.text)
    TIM_GetCapture3                          0x080021ab   Thumb Code     4  stm32f10x_tim.o(.text)
    TIM_GetCapture4                          0x080021af   Thumb Code     6  stm32f10x_tim.o(.text)
    TIM_GetCounter                           0x080021b5   Thumb Code     4  stm32f10x_tim.o(.text)
    TIM_GetPrescaler                         0x080021b9   Thumb Code     4  stm32f10x_tim.o(.text)
    TIM_GetFlagStatus                        0x080021bd   Thumb Code    14  stm32f10x_tim.o(.text)
    TIM_ClearFlag                            0x080021cb   Thumb Code     6  stm32f10x_tim.o(.text)
    TIM_GetITStatus                          0x080021d1   Thumb Code    24  stm32f10x_tim.o(.text)
    TIM_ClearITPendingBit                    0x080021e9   Thumb Code     6  stm32f10x_tim.o(.text)
    FLASH_SetLatency                         0x0800221d   Thumb Code    14  stm32f10x_flash.o(.text)
    FLASH_HalfCycleAccessCmd                 0x0800222b   Thumb Code    18  stm32f10x_flash.o(.text)
    FLASH_PrefetchBufferCmd                  0x0800223d   Thumb Code    18  stm32f10x_flash.o(.text)
    FLASH_Unlock                             0x0800224f   Thumb Code    12  stm32f10x_flash.o(.text)
    FLASH_UnlockBank1                        0x0800225b   Thumb Code    12  stm32f10x_flash.o(.text)
    FLASH_Lock                               0x08002267   Thumb Code    12  stm32f10x_flash.o(.text)
    FLASH_LockBank1                          0x08002273   Thumb Code    12  stm32f10x_flash.o(.text)
    FLASH_GetBank1Status                     0x0800227f   Thumb Code    34  stm32f10x_flash.o(.text)
    FLASH_WaitForLastOperation               0x080022a1   Thumb Code    34  stm32f10x_flash.o(.text)
    FLASH_ErasePage                          0x080022c3   Thumb Code    60  stm32f10x_flash.o(.text)
    FLASH_EraseAllPages                      0x080022ff   Thumb Code    56  stm32f10x_flash.o(.text)
    FLASH_WaitForLastBank1Operation          0x08002337   Thumb Code    34  stm32f10x_flash.o(.text)
    FLASH_EraseAllBank1Pages                 0x08002359   Thumb Code    56  stm32f10x_flash.o(.text)
    FLASH_GetReadOutProtectionStatus         0x08002391   Thumb Code    14  stm32f10x_flash.o(.text)
    FLASH_EraseOptionBytes                   0x0800239f   Thumb Code   108  stm32f10x_flash.o(.text)
    FLASH_ProgramWord                        0x0800240b   Thumb Code    76  stm32f10x_flash.o(.text)
    FLASH_ProgramHalfWord                    0x08002457   Thumb Code    52  stm32f10x_flash.o(.text)
    FLASH_ProgramOptionByteData              0x0800248b   Thumb Code    62  stm32f10x_flash.o(.text)
    FLASH_EnableWriteProtection              0x080024c9   Thumb Code   158  stm32f10x_flash.o(.text)
    FLASH_ReadOutProtection                  0x08002567   Thumb Code   118  stm32f10x_flash.o(.text)
    FLASH_UserOptionByteConfig               0x080025dd   Thumb Code    96  stm32f10x_flash.o(.text)
    FLASH_GetUserOptionByte                  0x0800263d   Thumb Code     8  stm32f10x_flash.o(.text)
    FLASH_GetWriteProtectionOptionByte       0x08002645   Thumb Code     6  stm32f10x_flash.o(.text)
    FLASH_GetPrefetchBufferStatus            0x0800264b   Thumb Code    14  stm32f10x_flash.o(.text)
    FLASH_ITConfig                           0x08002659   Thumb Code    18  stm32f10x_flash.o(.text)
    FLASH_GetFlagStatus                      0x0800266b   Thumb Code    28  stm32f10x_flash.o(.text)
    FLASH_ClearFlag                          0x08002687   Thumb Code     6  stm32f10x_flash.o(.text)
    FLASH_GetStatus                          0x0800268d   Thumb Code    34  stm32f10x_flash.o(.text)
    IWDG_WriteAccessCmd                      0x080026b5   Thumb Code     6  stm32f10x_iwdg.o(.text)
    IWDG_SetPrescaler                        0x080026bb   Thumb Code     6  stm32f10x_iwdg.o(.text)
    IWDG_SetReload                           0x080026c1   Thumb Code     6  stm32f10x_iwdg.o(.text)
    IWDG_ReloadCounter                       0x080026c7   Thumb Code    10  stm32f10x_iwdg.o(.text)
    IWDG_Enable                              0x080026d1   Thumb Code    10  stm32f10x_iwdg.o(.text)
    IWDG_GetFlagStatus                       0x080026db   Thumb Code    16  stm32f10x_iwdg.o(.text)
    USART_DeInit                             0x080026f1   Thumb Code    96  stm32f10x_usart.o(.text)
    USART_Init                               0x08002751   Thumb Code   176  stm32f10x_usart.o(.text)
    USART_StructInit                         0x08002801   Thumb Code    22  stm32f10x_usart.o(.text)
    USART_ClockInit                          0x08002817   Thumb Code    30  stm32f10x_usart.o(.text)
    USART_ClockStructInit                    0x08002835   Thumb Code    12  stm32f10x_usart.o(.text)
    USART_Cmd                                0x08002841   Thumb Code    20  stm32f10x_usart.o(.text)
    USART_ITConfig                           0x08002855   Thumb Code    48  stm32f10x_usart.o(.text)
    USART_DMACmd                             0x08002885   Thumb Code    16  stm32f10x_usart.o(.text)
    USART_SetAddress                         0x08002895   Thumb Code    16  stm32f10x_usart.o(.text)
    USART_WakeUpConfig                       0x080028a5   Thumb Code    16  stm32f10x_usart.o(.text)
    USART_ReceiverWakeUpCmd                  0x080028b5   Thumb Code    20  stm32f10x_usart.o(.text)
    USART_LINBreakDetectLengthConfig         0x080028c9   Thumb Code    16  stm32f10x_usart.o(.text)
    USART_LINCmd                             0x080028d9   Thumb Code    20  stm32f10x_usart.o(.text)
    USART_SendData                           0x080028ed   Thumb Code     8  stm32f10x_usart.o(.text)
    USART_ReceiveData                        0x080028f5   Thumb Code     8  stm32f10x_usart.o(.text)
    USART_SendBreak                          0x080028fd   Thumb Code    10  stm32f10x_usart.o(.text)
    USART_SetGuardTime                       0x08002907   Thumb Code    16  stm32f10x_usart.o(.text)
    USART_SetPrescaler                       0x08002917   Thumb Code    16  stm32f10x_usart.o(.text)
    USART_SmartCardCmd                       0x08002927   Thumb Code    20  stm32f10x_usart.o(.text)
    USART_SmartCardNACKCmd                   0x0800293b   Thumb Code    20  stm32f10x_usart.o(.text)
    USART_HalfDuplexCmd                      0x0800294f   Thumb Code    20  stm32f10x_usart.o(.text)
    USART_OverSampling8Cmd                   0x08002963   Thumb Code    20  stm32f10x_usart.o(.text)
    USART_OneBitMethodCmd                    0x08002977   Thumb Code    20  stm32f10x_usart.o(.text)
    USART_IrDAConfig                         0x0800298b   Thumb Code    16  stm32f10x_usart.o(.text)
    USART_IrDACmd                            0x0800299b   Thumb Code    20  stm32f10x_usart.o(.text)
    USART_GetFlagStatus                      0x080029af   Thumb Code    14  stm32f10x_usart.o(.text)
    USART_ClearFlag                          0x080029bd   Thumb Code     6  stm32f10x_usart.o(.text)
    USART_GetITStatus                        0x080029c3   Thumb Code    62  stm32f10x_usart.o(.text)
    USART_ClearITPendingBit                  0x08002a01   Thumb Code    12  stm32f10x_usart.o(.text)
    NVIC_PriorityGroupConfig                 0x08002a21   Thumb Code    10  misc.o(.text)
    NVIC_Init                                0x08002a2b   Thumb Code    90  misc.o(.text)
    NVIC_SetVectorTable                      0x08002a85   Thumb Code    14  misc.o(.text)
    NVIC_SystemLPConfig                      0x08002a93   Thumb Code    20  misc.o(.text)
    SysTick_CLKSourceConfig                  0x08002aa7   Thumb Code    24  misc.o(.text)
    Reset_Handler                            0x08002ad1   Thumb Code     8  startup_stm32f10x_md.o(.text)
    ADC1_2_IRQHandler                        0x08002afb   Thumb Code     0  startup_stm32f10x_md.o(.text)
    DMA1_Channel1_IRQHandler                 0x08002afb   Thumb Code     0  startup_stm32f10x_md.o(.text)
    DMA1_Channel2_IRQHandler                 0x08002afb   Thumb Code     0  startup_stm32f10x_md.o(.text)
    DMA1_Channel3_IRQHandler                 0x08002afb   Thumb Code     0  startup_stm32f10x_md.o(.text)
    DMA1_Channel4_IRQHandler                 0x08002afb   Thumb Code     0  startup_stm32f10x_md.o(.text)
    DMA1_Channel5_IRQHandler                 0x08002afb   Thumb Code     0  startup_stm32f10x_md.o(.text)
    DMA1_Channel6_IRQHandler                 0x08002afb   Thumb Code     0  startup_stm32f10x_md.o(.text)
    DMA1_Channel7_IRQHandler                 0x08002afb   Thumb Code     0  startup_stm32f10x_md.o(.text)
    FLASH_IRQHandler                         0x08002afb   Thumb Code     0  startup_stm32f10x_md.o(.text)
    I2C1_ER_IRQHandler                       0x08002afb   Thumb Code     0  startup_stm32f10x_md.o(.text)
    I2C1_EV_IRQHandler                       0x08002afb   Thumb Code     0  startup_stm32f10x_md.o(.text)
    I2C2_ER_IRQHandler                       0x08002afb   Thumb Code     0  startup_stm32f10x_md.o(.text)
    I2C2_EV_IRQHandler                       0x08002afb   Thumb Code     0  startup_stm32f10x_md.o(.text)
    PVD_IRQHandler                           0x08002afb   Thumb Code     0  startup_stm32f10x_md.o(.text)
    RCC_IRQHandler                           0x08002afb   Thumb Code     0  startup_stm32f10x_md.o(.text)
    RTCAlarm_IRQHandler                      0x08002afb   Thumb Code     0  startup_stm32f10x_md.o(.text)
    RTC_IRQHandler                           0x08002afb   Thumb Code     0  startup_stm32f10x_md.o(.text)
    TAMPER_IRQHandler                        0x08002afb   Thumb Code     0  startup_stm32f10x_md.o(.text)
    TIM1_BRK_IRQHandler                      0x08002afb   Thumb Code     0  startup_stm32f10x_md.o(.text)
    TIM1_TRG_COM_IRQHandler                  0x08002afb   Thumb Code     0  startup_stm32f10x_md.o(.text)
    TIM1_UP_IRQHandler                       0x08002afb   Thumb Code     0  startup_stm32f10x_md.o(.text)
    TIM3_IRQHandler                          0x08002afb   Thumb Code     0  startup_stm32f10x_md.o(.text)
    TIM4_IRQHandler                          0x08002afb   Thumb Code     0  startup_stm32f10x_md.o(.text)
    USBWakeUp_IRQHandler                     0x08002afb   Thumb Code     0  startup_stm32f10x_md.o(.text)
    WWDG_IRQHandler                          0x08002afb   Thumb Code     0  startup_stm32f10x_md.o(.text)
    SystemInit                               0x08002bad   Thumb Code    50  system_stm32f10x.o(.text)
    SystemCoreClockUpdate                    0x08002bdf   Thumb Code    86  system_stm32f10x.o(.text)
    Standard_GetConfiguration                0x08002c51   Thumb Code    30  usb_core.o(.text)
    Standard_SetConfiguration                0x08002c6f   Thumb Code    42  usb_core.o(.text)
    Standard_GetInterface                    0x08002c99   Thumb Code    30  usb_core.o(.text)
    Standard_SetInterface                    0x08002cb7   Thumb Code    60  usb_core.o(.text)
    Standard_GetStatus                       0x08002cf3   Thumb Code   128  usb_core.o(.text)
    Standard_ClearFeature                    0x08002d73   Thumb Code   214  usb_core.o(.text)
    Standard_SetEndPointFeature              0x08002e49   Thumb Code   112  usb_core.o(.text)
    Standard_SetDeviceFeature                0x08002eb9   Thumb Code    26  usb_core.o(.text)
    Standard_GetDescriptorData               0x08002ed3   Thumb Code    24  usb_core.o(.text)
    Post0_Process                            0x080031ef   Thumb Code    52  usb_core.o(.text)
    Setup0_Process                           0x08003223   Thumb Code    90  usb_core.o(.text)
    SetDeviceAddress                         0x0800327d   Thumb Code    56  usb_core.o(.text)
    In0_Process                              0x080032b5   Thumb Code    78  usb_core.o(.text)
    Out0_Process                             0x08003303   Thumb Code    60  usb_core.o(.text)
    NOP_Process                              0x0800333f   Thumb Code     2  usb_core.o(.text)
    USB_Init                                 0x080033f9   Thumb Code    22  usb_init.o(.text)
    CTR_LP                                   0x08003421   Thumb Code   306  usb_int.o(.text)
    CTR_HP                                   0x08003553   Thumb Code    96  usb_int.o(.text)
    UserToPMABufferCopy                      0x080035cd   Thumb Code    34  usb_mem.o(.text)
    PMAToUserBufferCopy                      0x080035ef   Thumb Code    26  usb_mem.o(.text)
    SetCNTR                                  0x0800360d   Thumb Code     6  usb_regs.o(.text)
    GetCNTR                                  0x08003613   Thumb Code     8  usb_regs.o(.text)
    SetISTR                                  0x0800361b   Thumb Code     8  usb_regs.o(.text)
    GetISTR                                  0x08003623   Thumb Code    10  usb_regs.o(.text)
    GetFNR                                   0x0800362d   Thumb Code    10  usb_regs.o(.text)
    SetDADDR                                 0x08003637   Thumb Code     8  usb_regs.o(.text)
    GetDADDR                                 0x0800363f   Thumb Code    10  usb_regs.o(.text)
    SetBTABLE                                0x08003649   Thumb Code    12  usb_regs.o(.text)
    GetBTABLE                                0x08003655   Thumb Code    10  usb_regs.o(.text)
    SetENDPOINT                              0x0800365f   Thumb Code    10  usb_regs.o(.text)
    GetENDPOINT                              0x08003669   Thumb Code    12  usb_regs.o(.text)
    SetEPType                                0x08003675   Thumb Code    22  usb_regs.o(.text)
    GetEPType                                0x0800368b   Thumb Code    16  usb_regs.o(.text)
    SetEPTxStatus                            0x0800369b   Thumb Code    44  usb_regs.o(.text)
    SetEPRxStatus                            0x080036c7   Thumb Code    44  usb_regs.o(.text)
    SetDouBleBuffEPStall                     0x080036f3   Thumb Code    40  usb_regs.o(.text)
    GetEPTxStatus                            0x0800371b   Thumb Code    16  usb_regs.o(.text)
    GetEPRxStatus                            0x0800372b   Thumb Code    16  usb_regs.o(.text)
    SetEPTxValid                             0x0800373b   Thumb Code    30  usb_regs.o(.text)
    SetEPRxValid                             0x08003759   Thumb Code    30  usb_regs.o(.text)
    SetEP_KIND                               0x08003777   Thumb Code    26  usb_regs.o(.text)
    ClearEP_KIND                             0x08003791   Thumb Code    26  usb_regs.o(.text)
    Clear_Status_Out                         0x080037ab   Thumb Code    26  usb_regs.o(.text)
    Set_Status_Out                           0x080037c5   Thumb Code    26  usb_regs.o(.text)
    SetEPDoubleBuff                          0x080037df   Thumb Code    26  usb_regs.o(.text)
    ClearEPDoubleBuff                        0x080037f9   Thumb Code    26  usb_regs.o(.text)
    GetTxStallStatus                         0x08003813   Thumb Code    20  usb_regs.o(.text)
    GetRxStallStatus                         0x08003827   Thumb Code    20  usb_regs.o(.text)
    ClearEP_CTR_RX                           0x0800383b   Thumb Code    20  usb_regs.o(.text)
    ClearEP_CTR_TX                           0x0800384f   Thumb Code    20  usb_regs.o(.text)
    ToggleDTOG_RX                            0x08003863   Thumb Code    26  usb_regs.o(.text)
    ToggleDTOG_TX                            0x0800387d   Thumb Code    26  usb_regs.o(.text)
    ClearDTOG_RX                             0x08003897   Thumb Code    32  usb_regs.o(.text)
    ClearDTOG_TX                             0x080038b7   Thumb Code    32  usb_regs.o(.text)
    SetEPAddress                             0x080038d7   Thumb Code    28  usb_regs.o(.text)
    GetEPAddress                             0x080038f3   Thumb Code    14  usb_regs.o(.text)
    SetEPTxAddr                              0x08003901   Thumb Code    24  usb_regs.o(.text)
    SetEPRxAddr                              0x08003919   Thumb Code    26  usb_regs.o(.text)
    GetEPTxAddr                              0x08003933   Thumb Code    22  usb_regs.o(.text)
    GetEPRxAddr                              0x08003949   Thumb Code    24  usb_regs.o(.text)
    SetEPTxCount                             0x08003961   Thumb Code    22  usb_regs.o(.text)
    SetEPCountRxReg                          0x08003977   Thumb Code    38  usb_regs.o(.text)
    SetEPRxCount                             0x0800399d   Thumb Code    58  usb_regs.o(.text)
    GetEPTxCount                             0x080039d7   Thumb Code    34  usb_regs.o(.text)
    GetEPRxCount                             0x080039f9   Thumb Code    24  usb_regs.o(.text)
    SetEPDblBuffAddr                         0x08003a11   Thumb Code    42  usb_regs.o(.text)
    SetEPDblBuf0Addr                         0x08003a3b   Thumb Code    22  usb_regs.o(.text)
    SetEPDblBuf1Addr                         0x08003a51   Thumb Code    24  usb_regs.o(.text)
    GetEPDblBuf0Addr                         0x08003a69   Thumb Code    20  usb_regs.o(.text)
    GetEPDblBuf1Addr                         0x08003a7d   Thumb Code    22  usb_regs.o(.text)
    SetEPDblBuffCount                        0x08003a93   Thumb Code   156  usb_regs.o(.text)
    SetEPDblBuf0Count                        0x08003b2f   Thumb Code    82  usb_regs.o(.text)
    SetEPDblBuf1Count                        0x08003b81   Thumb Code    82  usb_regs.o(.text)
    GetEPDblBuf0Count                        0x08003bd3   Thumb Code    24  usb_regs.o(.text)
    GetEPDblBuf1Count                        0x08003beb   Thumb Code    24  usb_regs.o(.text)
    GetEPDblBufDir                           0x08003c03   Thumb Code    50  usb_regs.o(.text)
    FreeUserBuffer                           0x08003c35   Thumb Code    44  usb_regs.o(.text)
    ToWord                                   0x08003c61   Thumb Code     6  usb_regs.o(.text)
    ByteSwap                                 0x08003c67   Thumb Code    10  usb_regs.o(.text)
    USB_SIL_Init                             0x08003c79   Thumb Code    24  usb_sil.o(.text)
    USB_SIL_Write                            0x08003c91   Thumb Code    38  usb_sil.o(.text)
    USB_SIL_Read                             0x08003cb7   Thumb Code    36  usb_sil.o(.text)
    Enter_LowPowerMode                       0x08003ce5   Thumb Code     8  hw_config.o(.text)
    Leave_LowPowerMode                       0x08003ced   Thumb Code    18  hw_config.o(.text)
    Set_GPIO                                 0x08003cff   Thumb Code    32  hw_config.o(.text)
    Set_USBClock                             0x08003d1f   Thumb Code    20  hw_config.o(.text)
    USB_Interrupts_Config                    0x08003d33   Thumb Code    40  hw_config.o(.text)
    USB_Cable_Config                         0x08003d5b   Thumb Code     2  hw_config.o(.text)
    Get_SerialNum                            0x08003d93   Thumb Code    42  hw_config.o(.text)
    USB_To_USART_Send_Data                   0x08003dbd   Thumb Code    40  hw_config.o(.text)
    Handle_USBAsynchXfer                     0x08003de5   Thumb Code   110  hw_config.o(.text)
    EP1_IN_Callback                          0x08003e75   Thumb Code    82  usb_endp.o(.text)
    EP3_OUT_Callback                         0x08003ec7   Thumb Code    28  usb_endp.o(.text)
    SOF_Callback                             0x08003ee3   Thumb Code    30  usb_endp.o(.text)
    __USBCDC_ISR                             0x08003f1d   Thumb Code    80  usb_istr.o(.text)
    Virtual_Com_Port_init                    0x08003f7d   Thumb Code    44  usb_prop.o(.text)
    Virtual_Com_Port_Reset                   0x08003fa9   Thumb Code   208  usb_prop.o(.text)
    Virtual_Com_Port_SetConfiguration        0x08004079   Thumb Code    16  usb_prop.o(.text)
    Virtual_Com_Port_SetDeviceAddress        0x08004089   Thumb Code     8  usb_prop.o(.text)
    Virtual_Com_Port_Status_In               0x08004091   Thumb Code    16  usb_prop.o(.text)
    Virtual_Com_Port_Status_Out              0x080040a1   Thumb Code     2  usb_prop.o(.text)
    Virtual_Com_Port_SetLineCoding           0x080040a3   Thumb Code    20  usb_prop.o(.text)
    Virtual_Com_Port_GetLineCoding           0x080040b7   Thumb Code    20  usb_prop.o(.text)
    Virtual_Com_Port_Data_Setup              0x080040cb   Thumb Code    74  usb_prop.o(.text)
    Virtual_Com_Port_NoData_Setup            0x08004115   Thumb Code    30  usb_prop.o(.text)
    Virtual_Com_Port_GetDeviceDescriptor     0x08004133   Thumb Code     8  usb_prop.o(.text)
    Virtual_Com_Port_GetConfigDescriptor     0x0800413b   Thumb Code     8  usb_prop.o(.text)
    Virtual_Com_Port_GetStringDescriptor     0x08004143   Thumb Code    26  usb_prop.o(.text)
    Virtual_Com_Port_Get_Interface_Setting   0x0800415d   Thumb Code    14  usb_prop.o(.text)
    PowerOn                                  0x08004191   Thumb Code    36  usb_pwr.o(.text)
    PowerOff                                 0x080041b5   Thumb Code    26  usb_pwr.o(.text)
    Suspend                                  0x080041cf   Thumb Code    26  usb_pwr.o(.text)
    Resume_Init                              0x080041e9   Thumb Code    26  usb_pwr.o(.text)
    Resume                                   0x08004203   Thumb Code   116  usb_pwr.o(.text)
    USBCDC_init                              0x08004285   Thumb Code    22  usbcdc.o(.text)
    USBCDC_connect                           0x0800429b   Thumb Code     4  usbcdc.o(.text)
    USBCDC_disconnect                        0x0800429f   Thumb Code     4  usbcdc.o(.text)
    USBCDC_ready                             0x080042a3   Thumb Code    16  usbcdc.o(.text)
    USBCDC_sync                              0x080042b3   Thumb Code    22  usbcdc.o(.text)
    USBCDC_senddata                          0x080042c9   Thumb Code    58  usbcdc.o(.text)
    USBCDC_recvdata                          0x08004303   Thumb Code    76  usbcdc.o(.text)
    InitTimer                                0x08004371   Thumb Code    18  timer.o(.text)
    FreeTimerSlot                            0x08004383   Thumb Code    10  timer.o(.text)
    RmvTimer                                 0x0800438d   Thumb Code    26  timer.o(.text)
    CheckTimer                               0x080043a7   Thumb Code    20  timer.o(.text)
    ModTimer                                 0x080043bb   Thumb Code    60  timer.o(.text)
    AddTimer                                 0x080043f7   Thumb Code    98  timer.o(.text)
    TimerProc                                0x08004459   Thumb Code   102  timer.o(.text)
    MessageQueueFull                         0x080044c9   Thumb Code    32  msg.o(.text)
    MessageQueueEmpty                        0x080044e9   Thumb Code    18  msg.o(.text)
    MessageQueueInit                         0x080044fb   Thumb Code    42  msg.o(.text)
    createMessageQueue                       0x08004525   Thumb Code    74  msg.o(.text)
    queueMessage                             0x0800456f   Thumb Code    68  msg.o(.text)
    waitMessage                              0x080045b3   Thumb Code    72  msg.o(.text)
    MessageQueueDestroy                      0x080045fb   Thumb Code    52  msg.o(.text)
    MessageAlloc                             0x0800462f   Thumb Code    36  msg.o(.text)
    MessageFree                              0x08004653   Thumb Code    10  msg.o(.text)
    MessageSend                              0x0800465d   Thumb Code    40  msg.o(.text)
    VOS_TaskInit                             0x0800468d   Thumb Code    14  task.o(.text)
    VOS_TaskEntry                            0x0800469b   Thumb Code    24  task.o(.text)
    VOS_CreateTask                           0x080046b3   Thumb Code   152  task.o(.text)
    VOS_DestroyTask                          0x0800474b   Thumb Code    40  task.o(.text)
    VOS_GetTaskByPid                         0x08004773   Thumb Code    20  task.o(.text)
    VOS_GetTaskQueueByPid                    0x08004787   Thumb Code    24  task.o(.text)
    VOS_logger                               0x080047a9   Thumb Code    46  voslog.o(.text)
    VOS_SetLogLevel                          0x080047d7   Thumb Code    10  voslog.o(.text)
    keyboard_get_keystate                    0x08004811   Thumb Code    30  keyboard.o(.text)
    keyboard_get_linestate                   0x0800482f   Thumb Code     6  keyboard.o(.text)
    KeyboardInit                             0x08004835   Thumb Code    18  keyboard.o(.text)
    keyboard_report                          0x08004847   Thumb Code    34  keyboard.o(.text)
    keyboard_to                              0x08004869   Thumb Code    56  keyboard.o(.text)
    keyboard_sh                              0x080048a1   Thumb Code    74  keyboard.o(.text)
    RegisterKey                              0x080048eb   Thumb Code   158  keyboard.o(.text)
    UnregisterKey                            0x08004989   Thumb Code    94  keyboard.o(.text)
    stm32_gpio_cfgpin                        0x08004ad3   Thumb Code    34  gpio.o(.text)
    stm32_gpio_getcfg                        0x08004af5   Thumb Code    28  gpio.o(.text)
    stm32_gpio_get_value                     0x08004b11   Thumb Code    26  gpio.o(.text)
    stm32_gpio_set_value                     0x08004b2b   Thumb Code    24  gpio.o(.text)
    stm32_gpio_toggle_value                  0x08004b43   Thumb Code    20  gpio.o(.text)
    stm32_gpio_cfg_irq                       0x08004b57   Thumb Code   130  gpio.o(.text)
    stm32_gpio_disable_irq                   0x08004bd9   Thumb Code    34  gpio.o(.text)
    stm32_gpio_get_ext_state                 0x08004bfb   Thumb Code    26  gpio.o(.text)
    stm32_gpio_get_ext_line                  0x08004c15   Thumb Code    14  gpio.o(.text)
    CheckSensor                              0x08004c23   Thumb Code    20  gpio.o(.text)
    InstallSensorHandler                     0x08004c37   Thumb Code   118  gpio.o(.text)
    UninstallSensorHandler                   0x08004cad   Thumb Code    48  gpio.o(.text)
    UninstallSingleSensorHandler             0x08004cdd   Thumb Code    68  gpio.o(.text)
    sensor_event_handler                     0x08004d21   Thumb Code   108  gpio.o(.text)
    stm32_gpio_init                          0x08004d8d   Thumb Code    26  gpio.o(.text)
    SysTick_Configuration                    0x08004dbd   Thumb Code    64  bsp.o(.text)
    BSP_Init                                 0x08004dfd   Thumb Code    44  bsp.o(.text)
    BSP_IntDisAll                            0x08004e29   Thumb Code     2  bsp.o(.text)
    STM_EVAL_LEDInit                         0x08004e4d   Thumb Code    56  stm32_eval.o(.text)
    STM_EVAL_LEDOff                          0x08004e85   Thumb Code    20  stm32_eval.o(.text)
    STM_EVAL_LEDOn                           0x08004e99   Thumb Code    20  stm32_eval.o(.text)
    STM_EVAL_LEDToggle                       0x08004ead   Thumb Code    24  stm32_eval.o(.text)
    STM_EVAL_GetLEDStatus                    0x08004ec5   Thumb Code    30  stm32_eval.o(.text)
    STM_EVAL_COMInit                         0x08004ee3   Thumb Code   164  stm32_eval.o(.text)
    Printf_Init                              0x08004f8d   Thumb Code     8  printf.o(.text)
    fputc                                    0x08004f95   Thumb Code    30  printf.o(.text)
    IWDG_Init                                0x08004fc1   Thumb Code    50  iwdg_driver.o(.text)
    IWDG_Feed                                0x08004ff3   Thumb Code     4  iwdg_driver.o(.text)
    IWDG_Stop                                0x08004ff7   Thumb Code     6  iwdg_driver.o(.text)
    IWDG_Start                               0x08004ffd   Thumb Code    20  iwdg_driver.o(.text)
    sys_arch_timeouts                        0x08005011   Thumb Code     4  sys_time.o(.text)
    __sys_untimeout                          0x08005015   Thumb Code    50  sys_time.o(.text)
    sys_untimeout                            0x08005047   Thumb Code    30  sys_time.o(.text)
    __sys_timeout                            0x08005065   Thumb Code    66  sys_time.o(.text)
    sys_timeout                              0x080050a7   Thumb Code    58  sys_time.o(.text)
    sys_time_match                           0x080050e1   Thumb Code    24  sys_time.o(.text)
    sys_time_ticking                         0x080050f9   Thumb Code    28  sys_time.o(.text)
    sys_time_proc                            0x08005115   Thumb Code    68  sys_time.o(.text)
    sys_inittime                             0x08005159   Thumb Code     8  sys_time.o(.text)
    OS_CPU_SR_Save                           0x08005165   Thumb Code     0  os_cpu_a.o(.text)
    OS_CPU_SR_Restore                        0x0800516d   Thumb Code     0  os_cpu_a.o(.text)
    OSStartHighRdy                           0x08005173   Thumb Code     0  os_cpu_a.o(.text)
    OSCtxSw                                  0x08005193   Thumb Code     0  os_cpu_a.o(.text)
    OSIntCtxSw                               0x0800519d   Thumb Code     0  os_cpu_a.o(.text)
    PendSV_Handler                           0x080051a7   Thumb Code     0  os_cpu_a.o(.text)
    CPU_IntDis                               0x0800520d   Thumb Code     0  cpu_a.o(.text)
    CPU_IntEn                                0x08005211   Thumb Code     0  cpu_a.o(.text)
    CPU_SR_Save                              0x08005215   Thumb Code     0  cpu_a.o(.text)
    CPU_SR_Restore                           0x0800521d   Thumb Code     0  cpu_a.o(.text)
    OS_StrCopy                               0x08005225   Thumb Code    28  os_core.o(.text)
    OSEventNameGet                           0x08005241   Thumb Code    96  os_core.o(.text)
    OS_StrLen                                0x080052a1   Thumb Code    20  os_core.o(.text)
    OSEventNameSet                           0x080052b5   Thumb Code   106  os_core.o(.text)
    OS_TaskIdle                              0x0800531f   Thumb Code    22  os_core.o(.text)
    OS_MemClr                                0x08005335   Thumb Code    18  os_core.o(.text)
    OSInit                                   0x08005347   Thumb Code   234  os_core.o(.text)
    OSIntEnter                               0x08005431   Thumb Code    20  os_core.o(.text)
    OSIntExit                                0x08005467   Thumb Code    76  os_core.o(.text)
    OSSchedLock                              0x080054b3   Thumb Code    38  os_core.o(.text)
    OS_Sched                                 0x080054d9   Thumb Code    58  os_core.o(.text)
    OSSchedUnlock                            0x08005513   Thumb Code    52  os_core.o(.text)
    OSStart                                  0x08005547   Thumb Code    38  os_core.o(.text)
    OSTimeTick                               0x0800556d   Thumb Code   130  os_core.o(.text)
    OSVersion                                0x080055ef   Thumb Code     6  os_core.o(.text)
    OS_Dummy                                 0x080055f5   Thumb Code     2  os_core.o(.text)
    OS_EventTaskRdy                          0x080055f7   Thumb Code   150  os_core.o(.text)
    OS_EventTaskWait                         0x0800568d   Thumb Code    68  os_core.o(.text)
    OS_EventTOAbort                          0x080056d1   Thumb Code    48  os_core.o(.text)
    OS_EventWaitListInit                     0x08005701   Thumb Code    22  os_core.o(.text)
    OS_MemCopy                               0x08005717   Thumb Code    20  os_core.o(.text)
    OS_TaskStatStkChk                        0x0800572b   Thumb Code    50  os_core.o(.text)
    OS_TCBInit                               0x0800575d   Thumb Code   208  os_core.o(.text)
    OSMboxAccept                             0x08005835   Thumb Code    34  os_mbox.o(.text)
    OSMboxCreate                             0x08005857   Thumb Code    60  os_mbox.o(.text)
    OSMboxDel                                0x08005893   Thumb Code   212  os_mbox.o(.text)
    OSMboxPend                               0x08005967   Thumb Code   196  os_mbox.o(.text)
    OSMboxPendAbort                          0x08005a2b   Thumb Code   118  os_mbox.o(.text)
    OSMboxPost                               0x08005aa1   Thumb Code    88  os_mbox.o(.text)
    OSMboxPostOpt                            0x08005af9   Thumb Code   120  os_mbox.o(.text)
    OSMboxQuery                              0x08005b71   Thumb Code    78  os_mbox.o(.text)
    OSTaskChangePrio                         0x08005bd1   Thumb Code   304  os_task.o(.text)
    OSTaskCreate                             0x08005d01   Thumb Code   132  os_task.o(.text)
    OS_TaskStkClr                            0x08005d85   Thumb Code    22  os_task.o(.text)
    OSTaskCreateExt                          0x08005d9b   Thumb Code   152  os_task.o(.text)
    OSTaskDel                                0x08005e33   Thumb Code   292  os_task.o(.text)
    OSTaskDelReq                             0x08005f57   Thumb Code    88  os_task.o(.text)
    OSTaskNameGet                            0x08005faf   Thumb Code   156  os_task.o(.text)
    OSTaskNameSet                            0x0800604b   Thumb Code   130  os_task.o(.text)
    OSTaskResume                             0x080060cd   Thumb Code   126  os_task.o(.text)
    OSTaskStkChk                             0x0800614b   Thumb Code   126  os_task.o(.text)
    OSTaskSuspend                            0x080061c9   Thumb Code   148  os_task.o(.text)
    OSTaskQuery                              0x0800625d   Thumb Code    94  os_task.o(.text)
    OSTimeDly                                0x080062d5   Thumb Code    74  os_time.o(.text)
    OSTimeDlyHMSM                            0x0800631f   Thumb Code   128  os_time.o(.text)
    OSTimeDlyResume                          0x0800639f   Thumb Code   132  os_time.o(.text)
    OSTimeGet                                0x08006423   Thumb Code    18  os_time.o(.text)
    OSTimeSet                                0x08006435   Thumb Code    20  os_time.o(.text)
    InitMem                                  0x08006461   Thumb Code   150  memory.o(.text)
    AllocMem                                 0x080064f7   Thumb Code   100  memory.o(.text)
    FreeMem                                  0x0800655b   Thumb Code    48  memory.o(.text)
    MemCheck                                 0x0800658b   Thumb Code     2  memory.o(.text)
    VOS_CreateSem                            0x08006599   Thumb Code    24  vos.o(.text)
    VOS_SemP                                 0x080065b1   Thumb Code    16  vos.o(.text)
    VOS_SemV                                 0x080065c1   Thumb Code    24  vos.o(.text)
    VOS_DestroySem                           0x080065d9   Thumb Code    20  vos.o(.text)
    OSInitHookBegin                          0x080065ed   Thumb Code     2  os_cpu_c.o(.text)
    OSInitHookEnd                            0x080065ef   Thumb Code     2  os_cpu_c.o(.text)
    OSTaskCreateHook                         0x080065f1   Thumb Code     4  os_cpu_c.o(.text)
    OSTaskDelHook                            0x080065f5   Thumb Code     4  os_cpu_c.o(.text)
    OSTaskIdleHook                           0x080065f9   Thumb Code     4  os_cpu_c.o(.text)
    OSTaskStatHook                           0x080065fd   Thumb Code     4  os_cpu_c.o(.text)
    OSTaskStkInit                            0x08006601   Thumb Code   114  os_cpu_c.o(.text)
    OSTaskSwHook                             0x08006673   Thumb Code     4  os_cpu_c.o(.text)
    OSTCBInitHook                            0x08006677   Thumb Code     4  os_cpu_c.o(.text)
    OSTimeTickHook                           0x0800667b   Thumb Code     4  os_cpu_c.o(.text)
    OSFlagAccept                             0x08006681   Thumb Code   162  os_flag.o(.text)
    OSFlagCreate                             0x08006723   Thumb Code    72  os_flag.o(.text)
    OS_FlagUnlink                            0x0800676b   Thumb Code    32  os_flag.o(.text)
    OSFlagDel                                0x080067d1   Thumb Code   198  os_flag.o(.text)
    OSFlagNameGet                            0x08006897   Thumb Code    88  os_flag.o(.text)
    OSFlagNameSet                            0x080068ef   Thumb Code   100  os_flag.o(.text)
    OSFlagPend                               0x080069a7   Thumb Code   382  os_flag.o(.text)
    OSFlagPendGetFlagsRdy                    0x08006b25   Thumb Code    20  os_flag.o(.text)
    OSFlagPost                               0x08006b39   Thumb Code   188  os_flag.o(.text)
    OSFlagQuery                              0x08006bf5   Thumb Code    46  os_flag.o(.text)
    OS_FlagInit                              0x08006c23   Thumb Code    58  os_flag.o(.text)
    OSSemAccept                              0x08006c69   Thumb Code    36  os_sem.o(.text)
    OSSemCreate                              0x08006c8d   Thumb Code    60  os_sem.o(.text)
    OSSemDel                                 0x08006cc9   Thumb Code   212  os_sem.o(.text)
    OSSemPend                                0x08006d9d   Thumb Code   168  os_sem.o(.text)
    OSSemPendAbort                           0x08006e45   Thumb Code   118  os_sem.o(.text)
    OSSemPost                                0x08006ebb   Thumb Code    88  os_sem.o(.text)
    OSSemQuery                               0x08006f13   Thumb Code    78  os_sem.o(.text)
    OSSemSet                                 0x08006f61   Thumb Code    60  os_sem.o(.text)
    __aeabi_memcpy                           0x08006fad   Thumb Code    36  memcpya.o(.text)
    __aeabi_memcpy4                          0x08006fad   Thumb Code     0  memcpya.o(.text)
    __aeabi_memcpy8                          0x08006fad   Thumb Code     0  memcpya.o(.text)
    __aeabi_memset                           0x08006fd1   Thumb Code    14  memseta.o(.text)
    __aeabi_memset4                          0x08006fd1   Thumb Code     0  memseta.o(.text)
    __aeabi_memset8                          0x08006fd1   Thumb Code     0  memseta.o(.text)
    __aeabi_memclr                           0x08006fdf   Thumb Code     4  memseta.o(.text)
    __aeabi_memclr4                          0x08006fdf   Thumb Code     0  memseta.o(.text)
    __aeabi_memclr8                          0x08006fdf   Thumb Code     0  memseta.o(.text)
    _memset$wrapper                          0x08006fe3   Thumb Code    18  memseta.o(.text)
    __aeabi_uidiv                            0x08006ff5   Thumb Code     0  uidiv.o(.text)
    __aeabi_uidivmod                         0x08006ff5   Thumb Code    44  uidiv.o(.text)
    __aeabi_uldivmod                         0x08007021   Thumb Code    98  uldiv.o(.text)
    __I$use$fp                               0x08007083   Thumb Code     0  iusefp.o(.text)
    __aeabi_dadd                             0x08007083   Thumb Code   322  dadd.o(.text)
    __aeabi_dsub                             0x080071c5   Thumb Code     6  dadd.o(.text)
    __aeabi_drsub                            0x080071cb   Thumb Code     6  dadd.o(.text)
    __aeabi_dmul                             0x080071d1   Thumb Code   228  dmul.o(.text)
    __aeabi_ddiv                             0x080072b5   Thumb Code   222  ddiv.o(.text)
    __aeabi_d2ulz                            0x08007393   Thumb Code    48  dfixul.o(.text)
    __aeabi_cdrcmple                         0x080073c5   Thumb Code    38  cdrcmple.o(.text)
    __scatterload                            0x080073ed   Thumb Code    28  init.o(.text)
    __scatterload_rt2                        0x080073ed   Thumb Code     0  init.o(.text)
    __aeabi_llsl                             0x08007411   Thumb Code    30  llshl.o(.text)
    _ll_shift_l                              0x08007411   Thumb Code     0  llshl.o(.text)
    __aeabi_llsr                             0x0800742f   Thumb Code    32  llushr.o(.text)
    _ll_ushift_r                             0x0800742f   Thumb Code     0  llushr.o(.text)
    __aeabi_lasr                             0x0800744f   Thumb Code    36  llsshr.o(.text)
    _ll_sshift_r                             0x0800744f   Thumb Code     0  llsshr.o(.text)
    _double_round                            0x08007473   Thumb Code    26  depilogue.o(.text)
    _double_epilogue                         0x0800748d   Thumb Code   164  depilogue.o(.text)
    __decompress                             0x08007531   Thumb Code     0  __dczerorl2.o(.text)
    __decompress1                            0x08007531   Thumb Code    92  __dczerorl2.o(.text)
    __0printf$5                              0x0800758d   Thumb Code    22  printf5.o(i.__0printf$5)
    __1printf$5                              0x0800758d   Thumb Code     0  printf5.o(i.__0printf$5)
    __2printf                                0x0800758d   Thumb Code     0  printf5.o(i.__0printf$5)
    __0vprintf                               0x080075ad   Thumb Code     8  printfa.o(i.__0vprintf)
    __1vprintf                               0x080075ad   Thumb Code     0  printfa.o(i.__0vprintf)
    __2vprintf                               0x080075ad   Thumb Code     0  printfa.o(i.__0vprintf)
    __c89vprintf                             0x080075ad   Thumb Code     0  printfa.o(i.__0vprintf)
    vprintf                                  0x080075ad   Thumb Code     0  printfa.o(i.__0vprintf)
    __scatterload_copy                       0x080075bd   Thumb Code    14  handlers.o(i.__scatterload_copy)
    __scatterload_null                       0x080075cb   Thumb Code     2  handlers.o(i.__scatterload_null)
    __scatterload_zeroinit                   0x080075cd   Thumb Code    14  handlers.o(i.__scatterload_zeroinit)
    pParameter                               0x08008140   Data           4  config.o(.constdata)
    Serial_Com                               0x08008144   Data           2  serial.o(.constdata)
    Serial_PortCtrl                          0x08008146   Data           2  serial.o(.constdata)
    Serial_PortType                          0x08008148   Data           2  serial.o(.constdata)
    Serial_DataBits                          0x0800814a   Data           4  serial.o(.constdata)
    Serial_StopBits                          0x0800814e   Data           6  serial.o(.constdata)
    Serial_Parity                            0x08008154   Data           6  serial.o(.constdata)
    Serial_UsartDef                          0x0800815c   Data           8  serial.o(.constdata)
    Serial_Irq                               0x08008164   Data           8  serial.o(.constdata)
    Virtual_Com_Port_DeviceDescriptor        0x0800816c   Data          18  usb_desc.o(.constdata)
    Virtual_Com_Port_ConfigDescriptor        0x0800817e   Data          67  usb_desc.o(.constdata)
    Virtual_Com_Port_StringLangID            0x080081c1   Data           4  usb_desc.o(.constdata)
    Virtual_Com_Port_StringVendor            0x080081c5   Data          38  usb_desc.o(.constdata)
    Virtual_Com_Port_StringProduct           0x080081eb   Data          50  usb_desc.o(.constdata)
    GPIO_PIN                                 0x08008220   Data           2  stm32_eval.o(.constdata)
    GPIO_PORT                                0x08008224   Data           4  stm32_eval.o(.constdata)
    GPIO_CLK                                 0x08008228   Data           4  stm32_eval.o(.constdata)
    COM_TX_PIN                               0x0800822c   Data           6  stm32_eval.o(.constdata)
    COM_RX_PIN                               0x08008232   Data           6  stm32_eval.o(.constdata)
    COM_USART                                0x08008238   Data          12  stm32_eval.o(.constdata)
    COM_TX_PORT                              0x08008244   Data          12  stm32_eval.o(.constdata)
    COM_RX_PORT                              0x08008250   Data          12  stm32_eval.o(.constdata)
    COM_USART_CLK                            0x0800825c   Data          12  stm32_eval.o(.constdata)
    COM_TX_PORT_CLK                          0x08008268   Data          12  stm32_eval.o(.constdata)
    COM_RX_PORT_CLK                          0x08008274   Data          12  stm32_eval.o(.constdata)
    STM32F10x_STR                            0x08008280   Data          52  printf.o(.constdata)
    OSUnMapTbl                               0x080082b4   Data         256  os_core.o(.constdata)
    Region$$Table$$Base                      0x080083d0   Number         0  anon$$obj.o(Region$$Table)
    Region$$Table$$Limit                     0x080083f0   Number         0  anon$$obj.o(Region$$Table)
    ulAppTime                                0x20000000   Data           4  app.o(.data)
    ulAppTicks                               0x20000004   Data           4  app.o(.data)
    ulAppSecond                              0x20000008   Data           4  app.o(.data)
    gSerialTester                            0x2000000c   Data           2  serial.o(.data)
    SystemCoreClock                          0x2000002c   Data           4  system_stm32f10x.o(.data)
    AHBPrescTable                            0x20000030   Data          16  system_stm32f10x.o(.data)
    Data_Mul_MaxPacketSize                   0x20000040   Data           1  usb_core.o(.data)
    StatusInfo                               0x20000042   Data           2  usb_core.o(.data)
    EPindex                                  0x20000044   Data           1  usb_init.o(.data)
    pInformation                             0x20000048   Data           4  usb_init.o(.data)
    pProperty                                0x2000004c   Data           4  usb_init.o(.data)
    pUser_Standard_Requests                  0x20000050   Data           4  usb_init.o(.data)
    wInterrupt_Mask                          0x20000054   Data           2  usb_init.o(.data)
    SaveRState                               0x20000056   Data           2  usb_int.o(.data)
    SaveTState                               0x20000058   Data           2  usb_int.o(.data)
    USB_Tx_State                             0x2000005c   Data           1  hw_config.o(.data)
    USART_Rx_length                          0x20000060   Data           4  hw_config.o(.data)
    USART_Rx_ptr_in                          0x20000064   Data           4  hw_config.o(.data)
    USART_Rx_ptr_out                         0x20000068   Data           4  hw_config.o(.data)
    USART_Tx_ptr_in                          0x2000006c   Data           4  hw_config.o(.data)
    USART_Tx_ptr_out                         0x20000070   Data           4  hw_config.o(.data)
    Virtual_Com_Port_StringSerial            0x20000074   Data          26  usb_desc.o(.data)
    bIntPackSOF                              0x20000094   Data           1  usb_istr.o(.data)
    wIstr                                    0x20000096   Data           2  usb_istr.o(.data)
    pEpInt_IN                                0x20000098   Data          28  usb_istr.o(.data)
    pEpInt_OUT                               0x200000b4   Data          28  usb_istr.o(.data)
    Request                                  0x200000d0   Data           1  usb_prop.o(.data)
    linecoding                               0x200000d4   Data           8  usb_prop.o(.data)
    Device_Descriptor                        0x200000dc   Data           8  usb_prop.o(.data)
    Config_Descriptor                        0x200000e4   Data           8  usb_prop.o(.data)
    Device_Property                          0x200000ec   Data          48  usb_prop.o(.data)
    String_Descriptor                        0x2000011c   Data          32  usb_prop.o(.data)
    Device_Table                             0x2000013c   Data           2  usb_prop.o(.data)
    User_Standard_Requests                   0x20000140   Data          36  usb_prop.o(.data)
    bDeviceState                             0x20000164   Data           4  usb_pwr.o(.data)
    ResumeS                                  0x20000168   Data           2  usb_pwr.o(.data)
    default_timeouts                         0x20000280   Data           4  sys_time.o(.data)
    OSIntNesting                             0x20000284   Data           1  os_core.o(.data)
    OSLockNesting                            0x20000285   Data           1  os_core.o(.data)
    OSPrioCur                                0x20000286   Data           1  os_core.o(.data)
    OSPrioHighRdy                            0x20000287   Data           1  os_core.o(.data)
    OSRdyGrp                                 0x20000288   Data           1  os_core.o(.data)
    OSRunning                                0x20000289   Data           1  os_core.o(.data)
    OSTaskCtr                                0x2000028a   Data           1  os_core.o(.data)
    OSCtxSwCtr                               0x2000028c   Data           4  os_core.o(.data)
    OSEventFreeList                          0x20000290   Data           4  os_core.o(.data)
    OSIdleCtr                                0x20000294   Data           4  os_core.o(.data)
    OSTCBCur                                 0x20000298   Data           4  os_core.o(.data)
    OSTCBFreeList                            0x2000029c   Data           4  os_core.o(.data)
    OSTCBHighRdy                             0x200002a0   Data           4  os_core.o(.data)
    OSTCBList                                0x200002a4   Data           4  os_core.o(.data)
    OSTime                                   0x200002a8   Data           4  os_core.o(.data)
    OSRdyTbl                                 0x200002ac   Data           8  os_core.o(.data)
    OSFlagFreeList                           0x200002b4   Data           4  os_core.o(.data)
    memStat                                  0x200002b8   Data           2  memory.o(.data)
    __stdout                                 0x200002bc   Data           4  stdout.o(.data)
    Config_buff                              0x20000cc0   Data        1024  config.o(.bss)
    Config_Msg                               0x200010c0   Data         255  config.o(.bss)
    Serial                                   0x200011c0   Data         808  serial.o(.bss)
    SerialConfig                             0x200014e8   Data          24  serial.o(.bss)
    UartCmdStru                              0x20001500   Data         514  uartcmd.o(.bss)
    SerKeyParser                             0x20001702   Data         258  uartcmd.o(.bss)
    Device_Info                              0x20001804   Data          28  usb_init.o(.bss)
    USART_Rx_Buffer                          0x20001820   Data        2048  hw_config.o(.bss)
    USART_Tx_Buffer                          0x20002020   Data        2048  hw_config.o(.bss)
    USB_Rx_Buffer                            0x20002820   Data          64  usb_endp.o(.bss)
    TimerArray                               0x20002860   Data         192  timer.o(.bss)
    TimerIndex                               0x20002920   Data          16  timer.o(.bss)
    EXTI_PORT                                0x20002c04   Data          64  gpio.o(.bss)
    aSensorHandler                           0x20002c44   Data         384  gpio.o(.bss)
    OSEventTbl                               0x20002dc4   Data         360  os_core.o(.bss)
    OSTaskIdleStk                            0x20002f2c   Data         512  os_core.o(.bss)
    OSTCBPrioTbl                             0x2000312c   Data         256  os_core.o(.bss)
    OSTCBTbl                                 0x2000322c   Data        1496  os_core.o(.bss)
    OSFlagTbl                                0x20003804   Data         140  os_core.o(.bss)
    memblock                                 0x20003890   Data        4000  memory.o(.bss)
    memIndex                                 0x20004830   Data          40  memory.o(.bss)
    memOffset                                0x20004858   Data          80  memory.o(.bss)
    __initial_sp                             0x20004ca8   Data           0  startup_stm32f10x_md.o(STACK)



==============================================================================

Memory Map of the image

  Image Entry point : 0x080000ed

  Load Region LR_IROM1 (Base: 0x08000000, Size: 0x000086b0, Max: 0x00010000, ABSOLUTE, COMPRESSED[0x000084fc])

    Execution Region ER_IROM1 (Base: 0x08000000, Size: 0x000083f0, Max: 0x00010000, ABSOLUTE)

    Base Addr    Size         Type   Attr      Idx    E Section Name        Object

    0x08000000   0x000000ec   Data   RO          583    RESET               startup_stm32f10x_md.o
    0x080000ec   0x00000000   Code   RO         1430  * .ARM.Collect$$$$00000000  mc_w.l(entry.o)
    0x080000ec   0x00000004   Code   RO         1700    .ARM.Collect$$$$00000001  mc_w.l(entry2.o)
    0x080000f0   0x00000004   Code   RO         1703    .ARM.Collect$$$$00000004  mc_w.l(entry5.o)
    0x080000f4   0x00000000   Code   RO         1705    .ARM.Collect$$$$00000008  mc_w.l(entry7b.o)
    0x080000f4   0x00000000   Code   RO         1707    .ARM.Collect$$$$0000000A  mc_w.l(entry8b.o)
    0x080000f4   0x00000008   Code   RO         1708    .ARM.Collect$$$$0000000B  mc_w.l(entry9a.o)
    0x080000fc   0x00000000   Code   RO         1710    .ARM.Collect$$$$0000000D  mc_w.l(entry10a.o)
    0x080000fc   0x00000000   Code   RO         1712    .ARM.Collect$$$$0000000F  mc_w.l(entry11a.o)
    0x080000fc   0x00000004   Code   RO         1701    .ARM.Collect$$$$00002712  mc_w.l(entry2.o)
    0x08000100   0x000001f4   Code   RO            1    .text               app.o
    0x080002f4   0x00000410   Code   RO          186    .text               stm32f10x_it.o
    0x08000704   0x000002c0   Code   RO          214    .text               config.o
    0x080009c4   0x00000010   Code   RO          246    .text               relay.o
    0x080009d4   0x00000030   Code   RO          284    .text               dica.o
    0x08000a04   0x000000b0   Code   RO          319    .text               beep.o
    0x08000ab4   0x00000510   Code   RO          332    .text               serial.o
    0x08000fc4   0x00000190   Code   RO          353    .text               uartcmd.o
    0x08001154   0x000000e8   Code   RO          381    .text               stm32f10x_exti.o
    0x0800123c   0x00000260   Code   RO          393    .text               stm32f10x_gpio.o
    0x0800149c   0x000000ac   Code   RO          405    .text               stm32f10x_pwr.o
    0x08001548   0x000002b8   Code   RO          417    .text               stm32f10x_rcc.o
    0x08001800   0x00000a1c   Code   RO          443    .text               stm32f10x_tim.o
    0x0800221c   0x00000498   Code   RO          469    .text               stm32f10x_flash.o
    0x080026b4   0x0000003c   Code   RO          531    .text               stm32f10x_iwdg.o
    0x080026f0   0x00000330   Code   RO          546    .text               stm32f10x_usart.o
    0x08002a20   0x000000b0   Code   RO          558    .text               misc.o
    0x08002ad0   0x00000034   Code   RO          584    .text               startup_stm32f10x_md.o
    0x08002b04   0x0000014c   Code   RO          588    .text               system_stm32f10x.o
    0x08002c50   0x000007a8   Code   RO          631    .text               usb_core.o
    0x080033f8   0x00000028   Code   RO          680    .text               usb_init.o
    0x08003420   0x000001ac   Code   RO          706    .text               usb_int.o
    0x080035cc   0x00000040   Code   RO          730    .text               usb_mem.o
    0x0800360c   0x0000066c   Code   RO          742    .text               usb_regs.o
    0x08003c78   0x0000006c   Code   RO          755    .text               usb_sil.o
    0x08003ce4   0x00000190   Code   RO          767    .text               hw_config.o
    0x08003e74   0x000000a8   Code   RO          819    .text               usb_endp.o
    0x08003f1c   0x00000060   Code   RO          843    .text               usb_istr.o
    0x08003f7c   0x00000214   Code   RO          863    .text               usb_prop.o
    0x08004190   0x000000f4   Code   RO          888    .text               usb_pwr.o
    0x08004284   0x000000ec   Code   RO          909    .text               usbcdc.o
    0x08004370   0x00000158   Code   RO          925    .text               0862100000STM32F103.lib(timer.o)
    0x080044c8   0x000001c4   Code   RO          969    .text               0862100000STM32F103.lib(msg.o)
    0x0800468c   0x0000011c   Code   RO         1010    .text               0862100000STM32F103.lib(task.o)
    0x080047a8   0x00000068   Code   RO         1028    .text               0862100000STM32F103.lib(voslog.o)
    0x08004810   0x000001e0   Code   RO         1049    .text               0862100000STM32F103.lib(keyboard.o)
    0x080049f0   0x000003cc   Code   RO         1152    .text               0862100000STM32F103.lib(gpio.o)
    0x08004dbc   0x00000090   Code   RO         1174    .text               0862100000STM32F103.lib(bsp.o)
    0x08004e4c   0x00000140   Code   RO         1211    .text               0862100000STM32F103.lib(stm32_eval.o)
    0x08004f8c   0x00000034   Code   RO         1236    .text               0862100000STM32F103.lib(printf.o)
    0x08004fc0   0x00000050   Code   RO         1251    .text               0862100000STM32F103.lib(iwdg_driver.o)
    0x08005010   0x00000154   Code   RO         1266    .text               0862100000STM32F103.lib(sys_time.o)
    0x08005164   0x000000a8   Code   RO         1282    .text               0862100000STM32F103.lib(os_cpu_a.o)
    0x0800520c   0x00000016   Code   RO         1285    .text               0862100000STM32F103.lib(cpu_a.o)
    0x08005222   0x00000002   PAD
    0x08005224   0x00000610   Code   RO         1288    .text               0862100000STM32F103.lib(os_core.o)
    0x08005834   0x0000039c   Code   RO         1311    .text               0862100000STM32F103.lib(os_mbox.o)
    0x08005bd0   0x00000704   Code   RO         1323    .text               0862100000STM32F103.lib(os_task.o)
    0x080062d4   0x0000018c   Code   RO         1336    .text               0862100000STM32F103.lib(os_time.o)
    0x08006460   0x00000138   Code   RO         1348    .text               0862100000STM32F103.lib(memory.o)
    0x08006598   0x00000054   Code   RO         1364    .text               0862100000STM32F103.lib(vos.o)
    0x080065ec   0x00000092   Code   RO         1386    .text               0862100000STM32F103.lib(os_cpu_c.o)
    0x0800667e   0x00000002   PAD
    0x08006680   0x000005e8   Code   RO         1405    .text               0862100000STM32F103.lib(os_flag.o)
    0x08006c68   0x00000344   Code   RO         1418    .text               0862100000STM32F103.lib(os_sem.o)
    0x08006fac   0x00000024   Code   RO         1433    .text               mc_w.l(memcpya.o)
    0x08006fd0   0x00000024   Code   RO         1435    .text               mc_w.l(memseta.o)
    0x08006ff4   0x0000002c   Code   RO         1715    .text               mc_w.l(uidiv.o)
    0x08007020   0x00000062   Code   RO         1717    .text               mc_w.l(uldiv.o)
    0x08007082   0x00000000   Code   RO         1719    .text               mc_w.l(iusefp.o)
    0x08007082   0x0000014e   Code   RO         1720    .text               mf_w.l(dadd.o)
    0x080071d0   0x000000e4   Code   RO         1722    .text               mf_w.l(dmul.o)
    0x080072b4   0x000000de   Code   RO         1724    .text               mf_w.l(ddiv.o)
    0x08007392   0x00000030   Code   RO         1726    .text               mf_w.l(dfixul.o)
    0x080073c2   0x00000002   PAD
    0x080073c4   0x00000028   Code   RO         1728    .text               mf_w.l(cdrcmple.o)
    0x080073ec   0x00000024   Code   RO         1730    .text               mc_w.l(init.o)
    0x08007410   0x0000001e   Code   RO         1732    .text               mc_w.l(llshl.o)
    0x0800742e   0x00000020   Code   RO         1734    .text               mc_w.l(llushr.o)
    0x0800744e   0x00000024   Code   RO         1736    .text               mc_w.l(llsshr.o)
    0x08007472   0x000000be   Code   RO         1738    .text               mf_w.l(depilogue.o)
    0x08007530   0x0000005c   Code   RO         1748    .text               mc_w.l(__dczerorl2.o)
    0x0800758c   0x00000020   Code   RO         1572    i.__0printf$5       mc_w.l(printf5.o)
    0x080075ac   0x00000010   Code   RO         1676    i.__0vprintf        mc_w.l(printfa.o)
    0x080075bc   0x0000000e   Code   RO         1742    i.__scatterload_copy  mc_w.l(handlers.o)
    0x080075ca   0x00000002   Code   RO         1743    i.__scatterload_null  mc_w.l(handlers.o)
    0x080075cc   0x0000000e   Code   RO         1744    i.__scatterload_zeroinit  mc_w.l(handlers.o)
    0x080075da   0x00000002   PAD
    0x080075dc   0x0000015c   Code   RO         1679    i._fp_digits        mc_w.l(printfa.o)
    0x08007738   0x000002c0   Code   RO         1579    i._printf_core      mc_w.l(printf5.o)
    0x080079f8   0x000006f0   Code   RO         1680    i._printf_core      mc_w.l(printfa.o)
    0x080080e8   0x00000026   Code   RO         1681    i._printf_post_padding  mc_w.l(printfa.o)
    0x0800810e   0x00000030   Code   RO         1682    i._printf_pre_padding  mc_w.l(printfa.o)
    0x0800813e   0x00000002   PAD
    0x08008140   0x00000004   Data   RO          217    .constdata          config.o
    0x08008144   0x00000028   Data   RO          334    .constdata          serial.o
    0x0800816c   0x00000012   Data   RO          802    .constdata          usb_desc.o
    0x0800817e   0x00000043   Data   RO          803    .constdata          usb_desc.o
    0x080081c1   0x00000004   Data   RO          804    .constdata          usb_desc.o
    0x080081c5   0x00000026   Data   RO          805    .constdata          usb_desc.o
    0x080081eb   0x00000032   Data   RO          806    .constdata          usb_desc.o
    0x0800821d   0x00000003   PAD
    0x08008220   0x00000060   Data   RO         1212    .constdata          0862100000STM32F103.lib(stm32_eval.o)
    0x08008280   0x00000034   Data   RO         1237    .constdata          0862100000STM32F103.lib(printf.o)
    0x080082b4   0x00000100   Data   RO         1291    .constdata          0862100000STM32F103.lib(os_core.o)
    0x080083b4   0x0000001c   Data   RO         1154    .conststring        0862100000STM32F103.lib(gpio.o)
    0x080083d0   0x00000020   Data   RO         1740    Region$$Table       anon$$obj.o


    Execution Region RW_IRAM1 (Base: 0x20000000, Size: 0x00004ca8, Max: 0x00005000, ABSOLUTE, COMPRESSED[0x0000010c])

    Base Addr    Size         Type   Attr      Idx    E Section Name        Object

    0x20000000   0x0000000c   Data   RW            3    .data               app.o
    0x2000000c   0x0000000c   Data   RW          335    .data               serial.o
    0x20000018   0x00000014   Data   RW          418    .data               stm32f10x_rcc.o
    0x2000002c   0x00000014   Data   RW          589    .data               system_stm32f10x.o
    0x20000040   0x00000004   Data   RW          632    .data               usb_core.o
    0x20000044   0x00000001   Data   RW          682    .data               usb_init.o
    0x20000045   0x00000003   PAD
    0x20000048   0x0000000c   Data   RW          683    .data               usb_init.o
    0x20000054   0x00000002   Data   RW          685    .data               usb_init.o
    0x20000056   0x00000004   Data   RW          707    .data               usb_int.o
    0x2000005a   0x00000002   PAD
    0x2000005c   0x00000014   Data   RW          769    .data               hw_config.o
    0x20000070   0x00000004   Data   RW          770    .data               hw_config.o
    0x20000074   0x0000001a   Data   RW          807    .data               usb_desc.o
    0x2000008e   0x00000002   PAD
    0x20000090   0x00000004   Data   RW          821    .data               usb_endp.o
    0x20000094   0x00000004   Data   RW          844    .data               usb_istr.o
    0x20000098   0x0000001c   Data   RW          845    .data               usb_istr.o
    0x200000b4   0x0000001c   Data   RW          846    .data               usb_istr.o
    0x200000d0   0x0000006c   Data   RW          864    .data               usb_prop.o
    0x2000013c   0x00000002   Data   RW          865    .data               usb_prop.o
    0x2000013e   0x00000002   PAD
    0x20000140   0x00000024   Data   RW          866    .data               usb_prop.o
    0x20000164   0x00000004   Data   RW          889    .data               usb_pwr.o
    0x20000168   0x00000002   Data   RW          891    .data               usb_pwr.o
    0x2000016a   0x00000002   PAD
    0x2000016c   0x00000004   Data   RW          971    .data               0862100000STM32F103.lib(msg.o)
    0x20000170   0x00000004   Data   RW         1012    .data               0862100000STM32F103.lib(task.o)
    0x20000174   0x00000004   Data   RW         1029    .data               0862100000STM32F103.lib(voslog.o)
    0x20000178   0x00000002   Data   RW         1051    .data               0862100000STM32F103.lib(keyboard.o)
    0x2000017a   0x00000002   PAD
    0x2000017c   0x00000008   Data   RW         1155    .data               0862100000STM32F103.lib(gpio.o)
    0x20000184   0x000000fc   Data   RW         1156    .data               0862100000STM32F103.lib(gpio.o)
    0x20000280   0x00000004   Data   RW         1267    .data               0862100000STM32F103.lib(sys_time.o)
    0x20000284   0x00000030   Data   RW         1292    .data               0862100000STM32F103.lib(os_core.o)
    0x200002b4   0x00000004   Data   RW         1293    .data               0862100000STM32F103.lib(os_core.o)
    0x200002b8   0x00000002   Data   RW         1350    .data               0862100000STM32F103.lib(memory.o)
    0x200002ba   0x00000002   PAD
    0x200002bc   0x00000004   Data   RW         1714    .data               mc_w.l(stdout.o)
    0x200002c0   0x00000a00   Zero   RW            2    .bss                app.o
    0x20000cc0   0x000004ff   Zero   RW          215    .bss                config.o
    0x200011bf   0x00000001   PAD
    0x200011c0   0x00000340   Zero   RW          333    .bss                serial.o
    0x20001500   0x00000304   Zero   RW          354    .bss                uartcmd.o
    0x20001804   0x0000001c   Zero   RW          681    .bss                usb_init.o
    0x20001820   0x00001000   Zero   RW          768    .bss                hw_config.o
    0x20002820   0x00000040   Zero   RW          820    .bss                usb_endp.o
    0x20002860   0x000000d0   Zero   RW          926    .bss                0862100000STM32F103.lib(timer.o)
    0x20002930   0x000001b0   Zero   RW          970    .bss                0862100000STM32F103.lib(msg.o)
    0x20002ae0   0x00000024   Zero   RW         1011    .bss                0862100000STM32F103.lib(task.o)
    0x20002b04   0x00000100   Zero   RW         1050    .bss                0862100000STM32F103.lib(keyboard.o)
    0x20002c04   0x000001c0   Zero   RW         1153    .bss                0862100000STM32F103.lib(gpio.o)
    0x20002dc4   0x00000a40   Zero   RW         1289    .bss                0862100000STM32F103.lib(os_core.o)
    0x20003804   0x0000008c   Zero   RW         1290    .bss                0862100000STM32F103.lib(os_core.o)
    0x20003890   0x00001018   Zero   RW         1349    .bss                0862100000STM32F103.lib(memory.o)
    0x200048a8   0x00000400   Zero   RW          581    STACK               startup_stm32f10x_md.o


==============================================================================

Image component sizes


      Code (inc. data)   RO Data    RW Data    ZI Data      Debug   Object Name

       500         44          0         12       2560     268306   app.o
       176          0          0          0          0       1680   beep.o
       704         24          4          0       1279      11112   config.o
         0          0          0          0          0         32   core_cm3.o
        48          6          0          0          0       3829   dica.o
       400         34          0         24       4096       4117   hw_config.o
       176         18          0          0          0       1549   misc.o
        16          0          0          0          0       1708   relay.o
      1296         32         40         12        832       6471   serial.o
        52          8        236          0       1024        832   startup_stm32f10x_md.o
       232          8          0          0          0       1987   stm32f10x_exti.o
      1176         24          0          0          0       7884   stm32f10x_flash.o
       608         36          0          0          0       4821   stm32f10x_gpio.o
      1040        210          0          0          0       5675   stm32f10x_it.o
        60          6          0          0          0       1125   stm32f10x_iwdg.o
       172         12          0          0          0       1711   stm32f10x_pwr.o
       696         32          0         20          0       7884   stm32f10x_rcc.o
      2588         64          0          0          0      17786   stm32f10x_tim.o
       816         20          0          0          0       7160   stm32f10x_usart.o
       332         28          0         20          0       1807   system_stm32f10x.o
       400         12          0          0        772       2591   uartcmd.o
      1960         84          0          4          0      18961   usb_core.o
         0          0        177         26          0        987   usb_desc.o
       168         28          0          4         64       1559   usb_endp.o
        40         18          0         15         28       3930   usb_init.o
       428         26          0          4          0       1691   usb_int.o
        96         16          0         60          0       1176   usb_istr.o
        64          4          0          0          0       1138   usb_mem.o
       532         38          0        146          0       6803   usb_prop.o
       244         20          0          6          0       2439   usb_pwr.o
      1644         16          0          0          0       9359   usb_regs.o
       108         10          0          0          0       1254   usb_sil.o
       236         34          0          0          0       2105   usbcdc.o

    ----------------------------------------------------------------------
     17008        912        492        364      10656     411469   Object Totals
         0          0         32          0          0          0   (incl. Generated)
         0          0          3         11          1          0   (incl. Padding)

    ----------------------------------------------------------------------

      Code (inc. data)   RO Data    RW Data    ZI Data      Debug   Library Member Name

       144         12          0          0          0      16590   bsp.o
        22          0          0          0          0        220   cpu_a.o
       972          8         28        260        448       7398   gpio.o
        80          0          0          0          0        695   iwdg_driver.o
       480         10          0          2        256     235708   keyboard.o
       312         12          0          2       4120       1990   memory.o
       452          8          0          4        432      13985   msg.o
      1552         48        256         52       2764      14836   os_core.o
       168         40          0          0          0        276   os_cpu_a.o
       146          0          0          0          0      10841   os_cpu_c.o
      1512         38          0          0          0       5114   os_flag.o
       924         18          0          0          0       3446   os_mbox.o
       836         16          0          0          0       3174   os_sem.o
      1796         68          0          0          0       5703   os_task.o
       396         24          0          0          0       1686   os_time.o
        52         14         52          0          0       1108   printf.o
       320          6         96          0          0       3469   stm32_eval.o
       340          4          0          4          0       2984   sys_time.o
       284         10          0          4         36       2071   task.o
       344         10          0          0        208      13903   timer.o
        84          0          0          0          0      10297   vos.o
       104         48          0          4          0       1401   voslog.o
        92          0          0          0          0          0   __dczerorl2.o
         0          0          0          0          0          0   entry.o
         0          0          0          0          0          0   entry10a.o
         0          0          0          0          0          0   entry11a.o
         8          4          0          0          0          0   entry2.o
         4          0          0          0          0          0   entry5.o
         0          0          0          0          0          0   entry7b.o
         0          0          0          0          0          0   entry8b.o
         8          4          0          0          0          0   entry9a.o
        30          0          0          0          0          0   handlers.o
        36          8          0          0          0         68   init.o
         0          0          0          0          0          0   iusefp.o
        30          0          0          0          0         68   llshl.o
        36          0          0          0          0         68   llsshr.o
        32          0          0          0          0         68   llushr.o
        36          0          0          0          0         68   memcpya.o
        36          0          0          0          0        108   memseta.o
       736         56          0          0          0        184   printf5.o
      2226         88          0          0          0        428   printfa.o
         0          0          0          4          0          0   stdout.o
        44          0          0          0          0         80   uidiv.o
        98          0          0          0          0         92   uldiv.o
        40          2          0          0          0         68   cdrcmple.o
       334          0          0          0          0        144   dadd.o
       222          0          0          0          0        100   ddiv.o
       190          0          0          0          0        176   depilogue.o
        48          0          0          0          0         68   dfixul.o
       228          0          0          0          0         92   dmul.o

    ----------------------------------------------------------------------
     15844        556        432        340       8264     358775   Library Totals
        10          0          0          4          0          0   (incl. Padding)

    ----------------------------------------------------------------------

      Code (inc. data)   RO Data    RW Data    ZI Data      Debug   Library Name

     11320        394        432        332       8264     356895   0862100000STM32F103.lib
      3452        160          0          4          0       1232   mc_w.l
      1062          2          0          0          0        648   mf_w.l

    ----------------------------------------------------------------------
     15844        556        432        340       8264     358775   Library Totals

    ----------------------------------------------------------------------

==============================================================================


      Code (inc. data)   RO Data    RW Data    ZI Data      Debug   

     32852       1468        924        704      18920     762600   Grand Totals
     32852       1468        924        268      18920     762600   ELF Image Totals (compressed)
     32852       1468        924        268          0          0   ROM Totals

==============================================================================

    Total RO  Size (Code + RO Data)                33776 (  32.98kB)
    Total RW  Size (RW Data + ZI Data)             19624 (  19.16kB)
    Total ROM Size (Code + RO Data + RW Data)      34044 (  33.25kB)

==============================================================================

